--- Logging error ---
Traceback (most recent call last):
  File "C:\Users\vishwa\AppData\Local\Programs\Python\Python314\Lib\logging\__init__.py", line 1154, in emit
    stream.write(msg + self.terminator)
    ~~~~~~~~~~~~^^^^^^^^^^^^^^^^^^^^^^^
  File "C:\Users\vishwa\AppData\Local\Programs\Python\Python314\Lib\encodings\cp1252.py", line 19, in encode
    return codecs.charmap_encode(input,self.errors,encoding_table)[0]
           ~~~~~~~~~~~~~~~~~~~~~^^^^^^^^^^^^^^^^^^^^^^^^^^^^^^^^^^
UnicodeEncodeError: 'charmap' codec can't encode characters in position 18-77: character maps to <undefined>
Call stack:
  File "D:\vishwa\nfpc_winit\etl\extract.py", line 1334, in <module>
    main()
  File "D:\vishwa\nfpc_winit\etl\extract.py", line 1221, in main
    log(f"{'\u2550' * 60}")
Message: '\u2550\u2550\u2550\u2550\u2550\u2550\u2550\u2550\u2550\u2550\u2550\u2550\u2550\u2550\u2550\u2550\u2550\u2550\u2550\u2550\u2550\u2550\u2550\u2550\u2550\u2550\u2550\u2550\u2550\u2550\u2550\u2550\u2550\u2550\u2550\u2550\u2550\u2550\u2550\u2550\u2550\u2550\u2550\u2550\u2550\u2550\u2550\u2550\u2550\u2550\u2550\u2550\u2550\u2550\u2550\u2550\u2550\u2550\u2550\u2550'
Arguments: ()
[90m10:59:50[0m   NFPC Reports ETL
[90m10:59:50[0m   Date range: 2026-01-01 to 2026-02-28
[90m10:59:50[0m   Mode: sequential
[90m10:59:50[0m   Log file:   D:\vishwa\nfpc_winit\etl\logs\etl_20260330_105950.log
--- Logging error ---
Traceback (most recent call last):
  File "C:\Users\vishwa\AppData\Local\Programs\Python\Python314\Lib\logging\__init__.py", line 1154, in emit
    stream.write(msg + self.terminator)
    ~~~~~~~~~~~~^^^^^^^^^^^^^^^^^^^^^^^
  File "C:\Users\vishwa\AppData\Local\Programs\Python\Python314\Lib\encodings\cp1252.py", line 19, in encode
    return codecs.charmap_encode(input,self.errors,encoding_table)[0]
           ~~~~~~~~~~~~~~~~~~~~~^^^^^^^^^^^^^^^^^^^^^^^^^^^^^^^^^^
UnicodeEncodeError: 'charmap' codec can't encode characters in position 18-77: character maps to <undefined>
Call stack:
  File "D:\vishwa\nfpc_winit\etl\extract.py", line 1334, in <module>
    main()
  File "D:\vishwa\nfpc_winit\etl\extract.py", line 1226, in main
    log(f"{'\u2550' * 60}")
Message: '\u2550\u2550\u2550\u2550\u2550\u2550\u2550\u2550\u2550\u2550\u2550\u2550\u2550\u2550\u2550\u2550\u2550\u2550\u2550\u2550\u2550\u2550\u2550\u2550\u2550\u2550\u2550\u2550\u2550\u2550\u2550\u2550\u2550\u2550\u2550\u2550\u2550\u2550\u2550\u2550\u2550\u2550\u2550\u2550\u2550\u2550\u2550\u2550\u2550\u2550\u2550\u2550\u2550\u2550\u2550\u2550\u2550\u2550\u2550\u2550'
Arguments: ()
[90m10:59:50[0m Connecting to MSSQL...
[90m10:59:50[0m   MSSQL connected
[90m10:59:50[0m Connecting to PostgreSQL...
[90m10:59:52[0m   PostgreSQL connected
--- Logging error ---
Traceback (most recent call last):
  File "C:\Users\vishwa\AppData\Local\Programs\Python\Python314\Lib\logging\__init__.py", line 1154, in emit
    stream.write(msg + self.terminator)
    ~~~~~~~~~~~~^^^^^^^^^^^^^^^^^^^^^^^
  File "C:\Users\vishwa\AppData\Local\Programs\Python\Python314\Lib\encodings\cp1252.py", line 19, in encode
    return codecs.charmap_encode(input,self.errors,encoding_table)[0]
           ~~~~~~~~~~~~~~~~~~~~~^^^^^^^^^^^^^^^^^^^^^^^^^^^^^^^^^^
UnicodeEncodeError: 'charmap' codec can't encode characters in position 20-69: character maps to <undefined>
Call stack:
  File "D:\vishwa\nfpc_winit\etl\extract.py", line 1334, in <module>
    main()
  File "D:\vishwa\nfpc_winit\etl\extract.py", line 1296, in main
    loader_fn(ms_conn, pg_conn)
  File "D:\vishwa\nfpc_winit\etl\extract.py", line 313, in load_dimensions
    progress.start_step('Dimensions (6 simple tables)', expected_rows=2000)
  File "D:\vishwa\nfpc_winit\etl\extract.py", line 102, in start_step
    log(f"\n{'\u2500' * 50}")
Message: '\n\u2500\u2500\u2500\u2500\u2500\u2500\u2500\u2500\u2500\u2500\u2500\u2500\u2500\u2500\u2500\u2500\u2500\u2500\u2500\u2500\u2500\u2500\u2500\u2500\u2500\u2500\u2500\u2500\u2500\u2500\u2500\u2500\u2500\u2500\u2500\u2500\u2500\u2500\u2500\u2500\u2500\u2500\u2500\u2500\u2500\u2500\u2500\u2500\u2500\u2500'
Arguments: ()
--- Logging error ---
Traceback (most recent call last):
  File "C:\Users\vishwa\AppData\Local\Programs\Python\Python314\Lib\logging\__init__.py", line 1154, in emit
    stream.write(msg + self.terminator)
    ~~~~~~~~~~~~^^^^^^^^^^^^^^^^^^^^^^^
  File "C:\Users\vishwa\AppData\Local\Programs\Python\Python314\Lib\encodings\cp1252.py", line 19, in encode
    return codecs.charmap_encode(input,self.errors,encoding_table)[0]
           ~~~~~~~~~~~~~~~~~~~~~^^^^^^^^^^^^^^^^^^^^^^^^^^^^^^^^^^
UnicodeEncodeError: 'charmap' codec can't encode characters in position 57-76: character maps to <undefined>
Call stack:
  File "D:\vishwa\nfpc_winit\etl\extract.py", line 1334, in <module>
    main()
  File "D:\vishwa\nfpc_winit\etl\extract.py", line 1296, in main
    loader_fn(ms_conn, pg_conn)
  File "D:\vishwa\nfpc_winit\etl\extract.py", line 313, in load_dimensions
    progress.start_step('Dimensions (6 simple tables)', expected_rows=2000)
  File "D:\vishwa\nfpc_winit\etl\extract.py", line 103, in start_step
    log(f"  [{self.completed + 1}/{self.total_steps}] {name} {bar}")
Message: '  [1/16] Dimensions (6 simple tables) [\u2591\u2591\u2591\u2591\u2591\u2591\u2591\u2591\u2591\u2591\u2591\u2591\u2591\u2591\u2591\u2591\u2591\u2591\u2591\u2591] 0%'
Arguments: ()
[90m10:59:52[0m        Expected: ~2,000 rows
[90m10:59:53[0m     dim_sales_org: 28 rows
[90m10:59:55[0m     dim_route: 470 rows
[90m10:59:56[0m     dim_channel: 15 rows
[90m10:59:57[0m     dim_country: 2 rows
[90m10:59:58[0m     dim_region: 3 rows
[90m10:59:59[0m     dim_city: 10 rows
[90m11:00:00[0m     dim_route.has_active_assignment: 179 active routes
[90m11:00:00[0m   [OK] 528 rows in 7.9s (67 rows/sec)
[90m11:00:00[0m        Progress: 1/16 steps | Est. remaining: 2.5 min
--- Logging error ---
Traceback (most recent call last):
  File "C:\Users\vishwa\AppData\Local\Programs\Python\Python314\Lib\logging\__init__.py", line 1154, in emit
    stream.write(msg + self.terminator)
    ~~~~~~~~~~~~^^^^^^^^^^^^^^^^^^^^^^^
  File "C:\Users\vishwa\AppData\Local\Programs\Python\Python314\Lib\encodings\cp1252.py", line 19, in encode
    return codecs.charmap_encode(input,self.errors,encoding_table)[0]
           ~~~~~~~~~~~~~~~~~~~~~^^^^^^^^^^^^^^^^^^^^^^^^^^^^^^^^^^
UnicodeEncodeError: 'charmap' codec can't encode characters in position 20-69: character maps to <undefined>
Call stack:
  File "D:\vishwa\nfpc_winit\etl\extract.py", line 1334, in <module>
    main()
  File "D:\vishwa\nfpc_winit\etl\extract.py", line 1296, in main
    loader_fn(ms_conn, pg_conn)
  File "D:\vishwa\nfpc_winit\etl\extract.py", line 346, in load_dimensions
    progress.start_step('dim_user (flat with roles/details/depot/location)', expected_rows=1200)
  File "D:\vishwa\nfpc_winit\etl\extract.py", line 102, in start_step
    log(f"\n{'\u2500' * 50}")
Message: '\n\u2500\u2500\u2500\u2500\u2500\u2500\u2500\u2500\u2500\u2500\u2500\u2500\u2500\u2500\u2500\u2500\u2500\u2500\u2500\u2500\u2500\u2500\u2500\u2500\u2500\u2500\u2500\u2500\u2500\u2500\u2500\u2500\u2500\u2500\u2500\u2500\u2500\u2500\u2500\u2500\u2500\u2500\u2500\u2500\u2500\u2500\u2500\u2500\u2500\u2500'
Arguments: ()
--- Logging error ---
Traceback (most recent call last):
  File "C:\Users\vishwa\AppData\Local\Programs\Python\Python314\Lib\logging\__init__.py", line 1154, in emit
    stream.write(msg + self.terminator)
    ~~~~~~~~~~~~^^^^^^^^^^^^^^^^^^^^^^^
  File "C:\Users\vishwa\AppData\Local\Programs\Python\Python314\Lib\encodings\cp1252.py", line 19, in encode
    return codecs.charmap_encode(input,self.errors,encoding_table)[0]
           ~~~~~~~~~~~~~~~~~~~~~^^^^^^^^^^^^^^^^^^^^^^^^^^^^^^^^^^
UnicodeEncodeError: 'charmap' codec can't encode characters in position 78-97: character maps to <undefined>
Call stack:
  File "D:\vishwa\nfpc_winit\etl\extract.py", line 1334, in <module>
    main()
  File "D:\vishwa\nfpc_winit\etl\extract.py", line 1296, in main
    loader_fn(ms_conn, pg_conn)
  File "D:\vishwa\nfpc_winit\etl\extract.py", line 346, in load_dimensions
    progress.start_step('dim_user (flat with roles/details/depot/location)', expected_rows=1200)
  File "D:\vishwa\nfpc_winit\etl\extract.py", line 103, in start_step
    log(f"  [{self.completed + 1}/{self.total_steps}] {name} {bar}")
Message: '  [2/16] dim_user (flat with roles/details/depot/location) [\u2588\u2591\u2591\u2591\u2591\u2591\u2591\u2591\u2591\u2591\u2591\u2591\u2591\u2591\u2591\u2591\u2591\u2591\u2591\u2591] 6%'
Arguments: ()
[90m11:00:00[0m        Expected: ~1,200 rows
[90m11:00:04[0m     dim_user: 1133 rows
[90m11:00:04[0m   [OK] 1,133 rows in 4.1s (279 rows/sec)
[90m11:00:04[0m        Progress: 2/16 steps | Est. remaining: 1.6 min
--- Logging error ---
Traceback (most recent call last):
  File "C:\Users\vishwa\AppData\Local\Programs\Python\Python314\Lib\logging\__init__.py", line 1154, in emit
    stream.write(msg + self.terminator)
    ~~~~~~~~~~~~^^^^^^^^^^^^^^^^^^^^^^^
  File "C:\Users\vishwa\AppData\Local\Programs\Python\Python314\Lib\encodings\cp1252.py", line 19, in encode
    return codecs.charmap_encode(input,self.errors,encoding_table)[0]
           ~~~~~~~~~~~~~~~~~~~~~^^^^^^^^^^^^^^^^^^^^^^^^^^^^^^^^^^
UnicodeEncodeError: 'charmap' codec can't encode characters in position 20-69: character maps to <undefined>
Call stack:
  File "D:\vishwa\nfpc_winit\etl\extract.py", line 1334, in <module>
    main()
  File "D:\vishwa\nfpc_winit\etl\extract.py", line 1296, in main
    loader_fn(ms_conn, pg_conn)
  File "D:\vishwa\nfpc_winit\etl\extract.py", line 415, in load_dimensions
    progress.start_step('dim_item (flat with groups + UOM)', expected_rows=10000)
  File "D:\vishwa\nfpc_winit\etl\extract.py", line 102, in start_step
    log(f"\n{'\u2500' * 50}")
Message: '\n\u2500\u2500\u2500\u2500\u2500\u2500\u2500\u2500\u2500\u2500\u2500\u2500\u2500\u2500\u2500\u2500\u2500\u2500\u2500\u2500\u2500\u2500\u2500\u2500\u2500\u2500\u2500\u2500\u2500\u2500\u2500\u2500\u2500\u2500\u2500\u2500\u2500\u2500\u2500\u2500\u2500\u2500\u2500\u2500\u2500\u2500\u2500\u2500\u2500\u2500'
Arguments: ()
--- Logging error ---
Traceback (most recent call last):
  File "C:\Users\vishwa\AppData\Local\Programs\Python\Python314\Lib\logging\__init__.py", line 1154, in emit
    stream.write(msg + self.terminator)
    ~~~~~~~~~~~~^^^^^^^^^^^^^^^^^^^^^^^
  File "C:\Users\vishwa\AppData\Local\Programs\Python\Python314\Lib\encodings\cp1252.py", line 19, in encode
    return codecs.charmap_encode(input,self.errors,encoding_table)[0]
           ~~~~~~~~~~~~~~~~~~~~~^^^^^^^^^^^^^^^^^^^^^^^^^^^^^^^^^^
UnicodeEncodeError: 'charmap' codec can't encode characters in position 62-81: character maps to <undefined>
Call stack:
  File "D:\vishwa\nfpc_winit\etl\extract.py", line 1334, in <module>
    main()
  File "D:\vishwa\nfpc_winit\etl\extract.py", line 1296, in main
    loader_fn(ms_conn, pg_conn)
  File "D:\vishwa\nfpc_winit\etl\extract.py", line 415, in load_dimensions
    progress.start_step('dim_item (flat with groups + UOM)', expected_rows=10000)
  File "D:\vishwa\nfpc_winit\etl\extract.py", line 103, in start_step
    log(f"  [{self.completed + 1}/{self.total_steps}] {name} {bar}")
Message: '  [3/16] dim_item (flat with groups + UOM) [\u2588\u2588\u2591\u2591\u2591\u2591\u2591\u2591\u2591\u2591\u2591\u2591\u2591\u2591\u2591\u2591\u2591\u2591\u2591\u2591] 12%'
Arguments: ()
[90m11:00:04[0m        Expected: ~10,000 rows
[90m11:00:18[0m     Deduped 9924 -> 4962 items
[90m11:00:18[0m   [OK] 4,962 rows in 13.9s (356 rows/sec)
[90m11:00:18[0m        Progress: 3/16 steps | Est. remaining: 2.0 min
--- Logging error ---
Traceback (most recent call last):
  File "C:\Users\vishwa\AppData\Local\Programs\Python\Python314\Lib\logging\__init__.py", line 1154, in emit
    stream.write(msg + self.terminator)
    ~~~~~~~~~~~~^^^^^^^^^^^^^^^^^^^^^^^
  File "C:\Users\vishwa\AppData\Local\Programs\Python\Python314\Lib\encodings\cp1252.py", line 19, in encode
    return codecs.charmap_encode(input,self.errors,encoding_table)[0]
           ~~~~~~~~~~~~~~~~~~~~~^^^^^^^^^^^^^^^^^^^^^^^^^^^^^^^^^^
UnicodeEncodeError: 'charmap' codec can't encode characters in position 20-69: character maps to <undefined>
Call stack:
  File "D:\vishwa\nfpc_winit\etl\extract.py", line 1334, in <module>
    main()
  File "D:\vishwa\nfpc_winit\etl\extract.py", line 1296, in main
    loader_fn(ms_conn, pg_conn)
  File "D:\vishwa\nfpc_winit\etl\extract.py", line 469, in load_dimensions
    progress.start_step('dim_customer', expected_rows=120000)
  File "D:\vishwa\nfpc_winit\etl\extract.py", line 102, in start_step
    log(f"\n{'\u2500' * 50}")
Message: '\n\u2500\u2500\u2500\u2500\u2500\u2500\u2500\u2500\u2500\u2500\u2500\u2500\u2500\u2500\u2500\u2500\u2500\u2500\u2500\u2500\u2500\u2500\u2500\u2500\u2500\u2500\u2500\u2500\u2500\u2500\u2500\u2500\u2500\u2500\u2500\u2500\u2500\u2500\u2500\u2500\u2500\u2500\u2500\u2500\u2500\u2500\u2500\u2500\u2500\u2500'
Arguments: ()
--- Logging error ---
Traceback (most recent call last):
  File "C:\Users\vishwa\AppData\Local\Programs\Python\Python314\Lib\logging\__init__.py", line 1154, in emit
    stream.write(msg + self.terminator)
    ~~~~~~~~~~~~^^^^^^^^^^^^^^^^^^^^^^^
  File "C:\Users\vishwa\AppData\Local\Programs\Python\Python314\Lib\encodings\cp1252.py", line 19, in encode
    return codecs.charmap_encode(input,self.errors,encoding_table)[0]
           ~~~~~~~~~~~~~~~~~~~~~^^^^^^^^^^^^^^^^^^^^^^^^^^^^^^^^^^
UnicodeEncodeError: 'charmap' codec can't encode characters in position 41-60: character maps to <undefined>
Call stack:
  File "D:\vishwa\nfpc_winit\etl\extract.py", line 1334, in <module>
    main()
  File "D:\vishwa\nfpc_winit\etl\extract.py", line 1296, in main
    loader_fn(ms_conn, pg_conn)
  File "D:\vishwa\nfpc_winit\etl\extract.py", line 469, in load_dimensions
    progress.start_step('dim_customer', expected_rows=120000)
  File "D:\vishwa\nfpc_winit\etl\extract.py", line 103, in start_step
    log(f"  [{self.completed + 1}/{self.total_steps}] {name} {bar}")
Message: '  [4/16] dim_customer [\u2588\u2588\u2588\u2591\u2591\u2591\u2591\u2591\u2591\u2591\u2591\u2591\u2591\u2591\u2591\u2591\u2591\u2591\u2591\u2591] 19%'
Arguments: ()
[90m11:00:18[0m        Expected: ~120,000 rows
[90m11:05:10[0m   [OK] 119,482 rows in 292.1s (409 rows/sec)
[90m11:05:10[0m        Progress: 4/16 steps | Est. remaining: 16.0 min
--- Logging error ---
Traceback (most recent call last):
  File "C:\Users\vishwa\AppData\Local\Programs\Python\Python314\Lib\logging\__init__.py", line 1154, in emit
    stream.write(msg + self.terminator)
    ~~~~~~~~~~~~^^^^^^^^^^^^^^^^^^^^^^^
  File "C:\Users\vishwa\AppData\Local\Programs\Python\Python314\Lib\encodings\cp1252.py", line 19, in encode
    return codecs.charmap_encode(input,self.errors,encoding_table)[0]
           ~~~~~~~~~~~~~~~~~~~~~^^^^^^^^^^^^^^^^^^^^^^^^^^^^^^^^^^
UnicodeEncodeError: 'charmap' codec can't encode characters in position 20-69: character maps to <undefined>
Call stack:
  File "D:\vishwa\nfpc_winit\etl\extract.py", line 1334, in <module>
    main()
  File "D:\vishwa\nfpc_winit\etl\extract.py", line 1296, in main
    loader_fn(ms_conn, pg_conn)
  File "D:\vishwa\nfpc_winit\etl\extract.py", line 1162, in load_holidays
    progress.start_step('rpt_holidays', expected_rows=60)
  File "D:\vishwa\nfpc_winit\etl\extract.py", line 102, in start_step
    log(f"\n{'\u2500' * 50}")
Message: '\n\u2500\u2500\u2500\u2500\u2500\u2500\u2500\u2500\u2500\u2500\u2500\u2500\u2500\u2500\u2500\u2500\u2500\u2500\u2500\u2500\u2500\u2500\u2500\u2500\u2500\u2500\u2500\u2500\u2500\u2500\u2500\u2500\u2500\u2500\u2500\u2500\u2500\u2500\u2500\u2500\u2500\u2500\u2500\u2500\u2500\u2500\u2500\u2500\u2500\u2500'
Arguments: ()
--- Logging error ---
Traceback (most recent call last):
  File "C:\Users\vishwa\AppData\Local\Programs\Python\Python314\Lib\logging\__init__.py", line 1154, in emit
    stream.write(msg + self.terminator)
    ~~~~~~~~~~~~^^^^^^^^^^^^^^^^^^^^^^^
  File "C:\Users\vishwa\AppData\Local\Programs\Python\Python314\Lib\encodings\cp1252.py", line 19, in encode
    return codecs.charmap_encode(input,self.errors,encoding_table)[0]
           ~~~~~~~~~~~~~~~~~~~~~^^^^^^^^^^^^^^^^^^^^^^^^^^^^^^^^^^
UnicodeEncodeError: 'charmap' codec can't encode characters in position 41-60: character maps to <undefined>
Call stack:
  File "D:\vishwa\nfpc_winit\etl\extract.py", line 1334, in <module>
    main()
  File "D:\vishwa\nfpc_winit\etl\extract.py", line 1296, in main
    loader_fn(ms_conn, pg_conn)
  File "D:\vishwa\nfpc_winit\etl\extract.py", line 1162, in load_holidays
    progress.start_step('rpt_holidays', expected_rows=60)
  File "D:\vishwa\nfpc_winit\etl\extract.py", line 103, in start_step
    log(f"  [{self.completed + 1}/{self.total_steps}] {name} {bar}")
Message: '  [5/16] rpt_holidays [\u2588\u2588\u2588\u2588\u2588\u2591\u2591\u2591\u2591\u2591\u2591\u2591\u2591\u2591\u2591\u2591\u2591\u2591\u2591\u2591] 25%'
Arguments: ()
[90m11:05:10[0m        Expected: ~60 rows
[90m11:05:12[0m   [OK] 58 rows in 1.4s (41 rows/sec)
[90m11:05:12[0m        Progress: 5/16 steps | Est. remaining: 11.8 min
--- Logging error ---
Traceback (most recent call last):
  File "C:\Users\vishwa\AppData\Local\Programs\Python\Python314\Lib\logging\__init__.py", line 1154, in emit
    stream.write(msg + self.terminator)
    ~~~~~~~~~~~~^^^^^^^^^^^^^^^^^^^^^^^
  File "C:\Users\vishwa\AppData\Local\Programs\Python\Python314\Lib\encodings\cp1252.py", line 19, in encode
    return codecs.charmap_encode(input,self.errors,encoding_table)[0]
           ~~~~~~~~~~~~~~~~~~~~~^^^^^^^^^^^^^^^^^^^^^^^^^^^^^^^^^^
UnicodeEncodeError: 'charmap' codec can't encode characters in position 20-69: character maps to <undefined>
Call stack:
  File "D:\vishwa\nfpc_winit\etl\extract.py", line 1334, in <module>
    main()
  File "D:\vishwa\nfpc_winit\etl\extract.py", line 1296, in main
    loader_fn(ms_conn, pg_conn)
  File "D:\vishwa\nfpc_winit\etl\extract.py", line 822, in load_targets
    progress.start_step('rpt_targets', expected_rows=100)
  File "D:\vishwa\nfpc_winit\etl\extract.py", line 102, in start_step
    log(f"\n{'\u2500' * 50}")
Message: '\n\u2500\u2500\u2500\u2500\u2500\u2500\u2500\u2500\u2500\u2500\u2500\u2500\u2500\u2500\u2500\u2500\u2500\u2500\u2500\u2500\u2500\u2500\u2500\u2500\u2500\u2500\u2500\u2500\u2500\u2500\u2500\u2500\u2500\u2500\u2500\u2500\u2500\u2500\u2500\u2500\u2500\u2500\u2500\u2500\u2500\u2500\u2500\u2500\u2500\u2500'
Arguments: ()
--- Logging error ---
Traceback (most recent call last):
  File "C:\Users\vishwa\AppData\Local\Programs\Python\Python314\Lib\logging\__init__.py", line 1154, in emit
    stream.write(msg + self.terminator)
    ~~~~~~~~~~~~^^^^^^^^^^^^^^^^^^^^^^^
  File "C:\Users\vishwa\AppData\Local\Programs\Python\Python314\Lib\encodings\cp1252.py", line 19, in encode
    return codecs.charmap_encode(input,self.errors,encoding_table)[0]
           ~~~~~~~~~~~~~~~~~~~~~^^^^^^^^^^^^^^^^^^^^^^^^^^^^^^^^^^
UnicodeEncodeError: 'charmap' codec can't encode characters in position 40-59: character maps to <undefined>
Call stack:
  File "D:\vishwa\nfpc_winit\etl\extract.py", line 1334, in <module>
    main()
  File "D:\vishwa\nfpc_winit\etl\extract.py", line 1296, in main
    loader_fn(ms_conn, pg_conn)
  File "D:\vishwa\nfpc_winit\etl\extract.py", line 822, in load_targets
    progress.start_step('rpt_targets', expected_rows=100)
  File "D:\vishwa\nfpc_winit\etl\extract.py", line 103, in start_step
    log(f"  [{self.completed + 1}/{self.total_steps}] {name} {bar}")
Message: '  [6/16] rpt_targets [\u2588\u2588\u2588\u2588\u2588\u2588\u2591\u2591\u2591\u2591\u2591\u2591\u2591\u2591\u2591\u2591\u2591\u2591\u2591\u2591] 31%'
Arguments: ()
[90m11:05:12[0m        Expected: ~100 rows
[90m11:05:12[0m   Querying MSSQL (this may take a while for large tables)...
[90m11:05:12[0m   MSSQL query returned in 0.1s - starting load...
[90m11:05:13[0m   [OK] 162 rows in 1.5s (110 rows/sec)
[90m11:05:13[0m        Progress: 6/16 steps | Est. remaining: 9.0 min
--- Logging error ---
Traceback (most recent call last):
  File "C:\Users\vishwa\AppData\Local\Programs\Python\Python314\Lib\logging\__init__.py", line 1154, in emit
    stream.write(msg + self.terminator)
    ~~~~~~~~~~~~^^^^^^^^^^^^^^^^^^^^^^^
  File "C:\Users\vishwa\AppData\Local\Programs\Python\Python314\Lib\encodings\cp1252.py", line 19, in encode
    return codecs.charmap_encode(input,self.errors,encoding_table)[0]
           ~~~~~~~~~~~~~~~~~~~~~^^^^^^^^^^^^^^^^^^^^^^^^^^^^^^^^^^
UnicodeEncodeError: 'charmap' codec can't encode characters in position 20-69: character maps to <undefined>
Call stack:
  File "D:\vishwa\nfpc_winit\etl\extract.py", line 1334, in <module>
    main()
  File "D:\vishwa\nfpc_winit\etl\extract.py", line 1296, in main
    loader_fn(ms_conn, pg_conn)
  File "D:\vishwa\nfpc_winit\etl\extract.py", line 768, in load_coverage_summary
    progress.start_step('rpt_coverage_summary', expected_rows=25_000)
  File "D:\vishwa\nfpc_winit\etl\extract.py", line 102, in start_step
    log(f"\n{'\u2500' * 50}")
Message: '\n\u2500\u2500\u2500\u2500\u2500\u2500\u2500\u2500\u2500\u2500\u2500\u2500\u2500\u2500\u2500\u2500\u2500\u2500\u2500\u2500\u2500\u2500\u2500\u2500\u2500\u2500\u2500\u2500\u2500\u2500\u2500\u2500\u2500\u2500\u2500\u2500\u2500\u2500\u2500\u2500\u2500\u2500\u2500\u2500\u2500\u2500\u2500\u2500\u2500\u2500'
Arguments: ()
--- Logging error ---
Traceback (most recent call last):
  File "C:\Users\vishwa\AppData\Local\Programs\Python\Python314\Lib\logging\__init__.py", line 1154, in emit
    stream.write(msg + self.terminator)
    ~~~~~~~~~~~~^^^^^^^^^^^^^^^^^^^^^^^
  File "C:\Users\vishwa\AppData\Local\Programs\Python\Python314\Lib\encodings\cp1252.py", line 19, in encode
    return codecs.charmap_encode(input,self.errors,encoding_table)[0]
           ~~~~~~~~~~~~~~~~~~~~~^^^^^^^^^^^^^^^^^^^^^^^^^^^^^^^^^^
UnicodeEncodeError: 'charmap' codec can't encode characters in position 49-68: character maps to <undefined>
Call stack:
  File "D:\vishwa\nfpc_winit\etl\extract.py", line 1334, in <module>
    main()
  File "D:\vishwa\nfpc_winit\etl\extract.py", line 1296, in main
    loader_fn(ms_conn, pg_conn)
  File "D:\vishwa\nfpc_winit\etl\extract.py", line 768, in load_coverage_summary
    progress.start_step('rpt_coverage_summary', expected_rows=25_000)
  File "D:\vishwa\nfpc_winit\etl\extract.py", line 103, in start_step
    log(f"  [{self.completed + 1}/{self.total_steps}] {name} {bar}")
Message: '  [7/16] rpt_coverage_summary [\u2588\u2588\u2588\u2588\u2588\u2588\u2588\u2591\u2591\u2591\u2591\u2591\u2591\u2591\u2591\u2591\u2591\u2591\u2591\u2591] 38%'
Arguments: ()
[90m11:05:13[0m        Expected: ~25,000 rows
[90m11:05:14[0m   Querying MSSQL (this may take a while for large tables)...
[90m11:05:14[0m   MSSQL query returned in 0.3s - starting load...
[90m11:05:16[0m              10,000 rows | 2,871 rows/sec | 3s elapsed | ETA 5s
[90m11:05:18[0m   [OK] 16,294 rows in 4.6s (3,578 rows/sec)
[90m11:05:18[0m        Progress: 7/16 steps | Est. remaining: 7.0 min
--- Logging error ---
Traceback (most recent call last):
  File "C:\Users\vishwa\AppData\Local\Programs\Python\Python314\Lib\logging\__init__.py", line 1154, in emit
    stream.write(msg + self.terminator)
    ~~~~~~~~~~~~^^^^^^^^^^^^^^^^^^^^^^^
  File "C:\Users\vishwa\AppData\Local\Programs\Python\Python314\Lib\encodings\cp1252.py", line 19, in encode
    return codecs.charmap_encode(input,self.errors,encoding_table)[0]
           ~~~~~~~~~~~~~~~~~~~~~^^^^^^^^^^^^^^^^^^^^^^^^^^^^^^^^^^
UnicodeEncodeError: 'charmap' codec can't encode characters in position 20-69: character maps to <undefined>
Call stack:
  File "D:\vishwa\nfpc_winit\etl\extract.py", line 1334, in <module>
    main()
  File "D:\vishwa\nfpc_winit\etl\extract.py", line 1296, in main
    loader_fn(ms_conn, pg_conn)
  File "D:\vishwa\nfpc_winit\etl\extract.py", line 796, in load_route_sales_collection
    progress.start_step('rpt_route_sales_collection', expected_rows=25_000)
  File "D:\vishwa\nfpc_winit\etl\extract.py", line 102, in start_step
    log(f"\n{'\u2500' * 50}")
Message: '\n\u2500\u2500\u2500\u2500\u2500\u2500\u2500\u2500\u2500\u2500\u2500\u2500\u2500\u2500\u2500\u2500\u2500\u2500\u2500\u2500\u2500\u2500\u2500\u2500\u2500\u2500\u2500\u2500\u2500\u2500\u2500\u2500\u2500\u2500\u2500\u2500\u2500\u2500\u2500\u2500\u2500\u2500\u2500\u2500\u2500\u2500\u2500\u2500\u2500\u2500'
Arguments: ()
--- Logging error ---
Traceback (most recent call last):
  File "C:\Users\vishwa\AppData\Local\Programs\Python\Python314\Lib\logging\__init__.py", line 1154, in emit
    stream.write(msg + self.terminator)
    ~~~~~~~~~~~~^^^^^^^^^^^^^^^^^^^^^^^
  File "C:\Users\vishwa\AppData\Local\Programs\Python\Python314\Lib\encodings\cp1252.py", line 19, in encode
    return codecs.charmap_encode(input,self.errors,encoding_table)[0]
           ~~~~~~~~~~~~~~~~~~~~~^^^^^^^^^^^^^^^^^^^^^^^^^^^^^^^^^^
UnicodeEncodeError: 'charmap' codec can't encode characters in position 55-74: character maps to <undefined>
Call stack:
  File "D:\vishwa\nfpc_winit\etl\extract.py", line 1334, in <module>
    main()
  File "D:\vishwa\nfpc_winit\etl\extract.py", line 1296, in main
    loader_fn(ms_conn, pg_conn)
  File "D:\vishwa\nfpc_winit\etl\extract.py", line 796, in load_route_sales_collection
    progress.start_step('rpt_route_sales_collection', expected_rows=25_000)
  File "D:\vishwa\nfpc_winit\etl\extract.py", line 103, in start_step
    log(f"  [{self.completed + 1}/{self.total_steps}] {name} {bar}")
Message: '  [8/16] rpt_route_sales_collection [\u2588\u2588\u2588\u2588\u2588\u2588\u2588\u2588\u2591\u2591\u2591\u2591\u2591\u2591\u2591\u2591\u2591\u2591\u2591\u2591] 44%'
Arguments: ()
[90m11:05:18[0m        Expected: ~25,000 rows
[90m11:05:18[0m   Querying MSSQL (this may take a while for large tables)...
[90m11:05:19[0m   MSSQL query returned in 0.3s - starting load...
[90m11:05:20[0m   [OK] 8,535 rows in 2.5s (3,445 rows/sec)
[90m11:05:20[0m        Progress: 8/16 steps | Est. remaining: 5.5 min
--- Logging error ---
Traceback (most recent call last):
  File "C:\Users\vishwa\AppData\Local\Programs\Python\Python314\Lib\logging\__init__.py", line 1154, in emit
    stream.write(msg + self.terminator)
    ~~~~~~~~~~~~^^^^^^^^^^^^^^^^^^^^^^^
  File "C:\Users\vishwa\AppData\Local\Programs\Python\Python314\Lib\encodings\cp1252.py", line 19, in encode
    return codecs.charmap_encode(input,self.errors,encoding_table)[0]
           ~~~~~~~~~~~~~~~~~~~~~^^^^^^^^^^^^^^^^^^^^^^^^^^^^^^^^^^
UnicodeEncodeError: 'charmap' codec can't encode characters in position 20-69: character maps to <undefined>
Call stack:
  File "D:\vishwa\nfpc_winit\etl\extract.py", line 1334, in <module>
    main()
  File "D:\vishwa\nfpc_winit\etl\extract.py", line 1296, in main
    loader_fn(ms_conn, pg_conn)
  File "D:\vishwa\nfpc_winit\etl\extract.py", line 1105, in load_route_sales_summary_by_item
    progress.start_step('rpt_route_sales_summary_by_item', expected_rows=500_000)
  File "D:\vishwa\nfpc_winit\etl\extract.py", line 102, in start_step
    log(f"\n{'\u2500' * 50}")
Message: '\n\u2500\u2500\u2500\u2500\u2500\u2500\u2500\u2500\u2500\u2500\u2500\u2500\u2500\u2500\u2500\u2500\u2500\u2500\u2500\u2500\u2500\u2500\u2500\u2500\u2500\u2500\u2500\u2500\u2500\u2500\u2500\u2500\u2500\u2500\u2500\u2500\u2500\u2500\u2500\u2500\u2500\u2500\u2500\u2500\u2500\u2500\u2500\u2500\u2500\u2500'
Arguments: ()
--- Logging error ---
Traceback (most recent call last):
  File "C:\Users\vishwa\AppData\Local\Programs\Python\Python314\Lib\logging\__init__.py", line 1154, in emit
    stream.write(msg + self.terminator)
    ~~~~~~~~~~~~^^^^^^^^^^^^^^^^^^^^^^^
  File "C:\Users\vishwa\AppData\Local\Programs\Python\Python314\Lib\encodings\cp1252.py", line 19, in encode
    return codecs.charmap_encode(input,self.errors,encoding_table)[0]
           ~~~~~~~~~~~~~~~~~~~~~^^^^^^^^^^^^^^^^^^^^^^^^^^^^^^^^^^
UnicodeEncodeError: 'charmap' codec can't encode characters in position 60-79: character maps to <undefined>
Call stack:
  File "D:\vishwa\nfpc_winit\etl\extract.py", line 1334, in <module>
    main()
  File "D:\vishwa\nfpc_winit\etl\extract.py", line 1296, in main
    loader_fn(ms_conn, pg_conn)
  File "D:\vishwa\nfpc_winit\etl\extract.py", line 1105, in load_route_sales_summary_by_item
    progress.start_step('rpt_route_sales_summary_by_item', expected_rows=500_000)
  File "D:\vishwa\nfpc_winit\etl\extract.py", line 103, in start_step
    log(f"  [{self.completed + 1}/{self.total_steps}] {name} {bar}")
Message: '  [9/16] rpt_route_sales_summary_by_item [\u2588\u2588\u2588\u2588\u2588\u2588\u2588\u2588\u2588\u2588\u2591\u2591\u2591\u2591\u2591\u2591\u2591\u2591\u2591\u2591] 50%'
Arguments: ()
[90m11:05:20[0m        Expected: ~500,000 rows
[90m11:05:21[0m   Querying MSSQL (this may take a while for large tables)...
[90m11:05:21[0m   MSSQL query returned in 0.6s - starting load...
[90m11:05:24[0m              10,000 rows | 2,343 rows/sec | 4s elapsed | ETA 209s
[90m11:05:26[0m              20,000 rows | 3,381 rows/sec | 6s elapsed | ETA 142s
[90m11:05:27[0m              30,000 rows | 4,057 rows/sec | 7s elapsed | ETA 116s
[90m11:05:29[0m              40,000 rows | 4,489 rows/sec | 9s elapsed | ETA 102s
[90m11:05:30[0m              50,000 rows | 4,808 rows/sec | 10s elapsed | ETA 94s
[90m11:05:32[0m              60,000 rows | 5,033 rows/sec | 12s elapsed | ETA 87s
[90m11:05:34[0m              70,000 rows | 5,184 rows/sec | 14s elapsed | ETA 83s
[90m11:05:35[0m              80,000 rows | 5,251 rows/sec | 15s elapsed | ETA 80s
[90m11:05:37[0m              90,000 rows | 5,311 rows/sec | 17s elapsed | ETA 77s
[90m11:05:39[0m             100,000 rows | 5,280 rows/sec | 19s elapsed | ETA 76s
[90m11:05:41[0m             110,000 rows | 5,237 rows/sec | 21s elapsed | ETA 74s
[90m11:05:44[0m             120,000 rows | 5,065 rows/sec | 24s elapsed | ETA 75s
[90m11:05:46[0m             130,000 rows | 4,971 rows/sec | 26s elapsed | ETA 74s
[90m11:05:50[0m             140,000 rows | 4,669 rows/sec | 30s elapsed | ETA 77s
[90m11:05:53[0m             150,000 rows | 4,516 rows/sec | 33s elapsed | ETA 78s
[90m11:05:56[0m             160,000 rows | 4,456 rows/sec | 36s elapsed | ETA 76s
[90m11:06:00[0m             170,000 rows | 4,281 rows/sec | 40s elapsed | ETA 77s
[90m11:06:03[0m             180,000 rows | 4,165 rows/sec | 43s elapsed | ETA 77s
[90m11:06:06[0m             190,000 rows | 4,104 rows/sec | 46s elapsed | ETA 76s
[90m11:06:09[0m             200,000 rows | 4,060 rows/sec | 49s elapsed | ETA 74s
[90m11:06:12[0m             210,000 rows | 4,004 rows/sec | 52s elapsed | ETA 72s
[90m11:06:15[0m             220,000 rows | 3,983 rows/sec | 55s elapsed | ETA 70s
[90m11:06:18[0m             230,000 rows | 3,988 rows/sec | 58s elapsed | ETA 68s
[90m11:06:20[0m             240,000 rows | 3,981 rows/sec | 60s elapsed | ETA 65s
[90m11:06:23[0m             250,000 rows | 3,973 rows/sec | 63s elapsed | ETA 63s
[90m11:06:26[0m             260,000 rows | 3,913 rows/sec | 66s elapsed | ETA 61s
[90m11:06:29[0m             270,000 rows | 3,887 rows/sec | 69s elapsed | ETA 59s
[90m11:06:32[0m             280,000 rows | 3,864 rows/sec | 72s elapsed | ETA 57s
[90m11:06:35[0m             290,000 rows | 3,858 rows/sec | 75s elapsed | ETA 54s
[90m11:06:38[0m             300,000 rows | 3,861 rows/sec | 78s elapsed | ETA 52s
[90m11:06:40[0m             310,000 rows | 3,869 rows/sec | 80s elapsed | ETA 49s
[90m11:06:42[0m             320,000 rows | 3,883 rows/sec | 82s elapsed | ETA 46s
[90m11:06:45[0m             330,000 rows | 3,888 rows/sec | 85s elapsed | ETA 44s
[90m11:06:48[0m             340,000 rows | 3,886 rows/sec | 87s elapsed | ETA 41s
[90m11:06:50[0m             350,000 rows | 3,893 rows/sec | 90s elapsed | ETA 39s
[90m11:06:52[0m             360,000 rows | 3,901 rows/sec | 92s elapsed | ETA 36s
[90m11:06:55[0m             370,000 rows | 3,909 rows/sec | 95s elapsed | ETA 33s
[90m11:06:57[0m             380,000 rows | 3,915 rows/sec | 97s elapsed | ETA 31s
[90m11:07:01[0m             390,000 rows | 3,861 rows/sec | 101s elapsed | ETA 28s
[90m11:07:04[0m             400,000 rows | 3,843 rows/sec | 104s elapsed | ETA 26s
[90m11:07:07[0m             410,000 rows | 3,815 rows/sec | 107s elapsed | ETA 24s
[90m11:07:10[0m   [OK] 418,384 rows in 110.2s (3,797 rows/sec)
[90m11:07:10[0m        Progress: 9/16 steps | Est. remaining: 5.7 min
--- Logging error ---
Traceback (most recent call last):
  File "C:\Users\vishwa\AppData\Local\Programs\Python\Python314\Lib\logging\__init__.py", line 1154, in emit
    stream.write(msg + self.terminator)
    ~~~~~~~~~~~~^^^^^^^^^^^^^^^^^^^^^^^
  File "C:\Users\vishwa\AppData\Local\Programs\Python\Python314\Lib\encodings\cp1252.py", line 19, in encode
    return codecs.charmap_encode(input,self.errors,encoding_table)[0]
           ~~~~~~~~~~~~~~~~~~~~~^^^^^^^^^^^^^^^^^^^^^^^^^^^^^^^^^^
UnicodeEncodeError: 'charmap' codec can't encode characters in position 20-69: character maps to <undefined>
Call stack:
  File "D:\vishwa\nfpc_winit\etl\extract.py", line 1334, in <module>
    main()
  File "D:\vishwa\nfpc_winit\etl\extract.py", line 1296, in main
    loader_fn(ms_conn, pg_conn)
  File "D:\vishwa\nfpc_winit\etl\extract.py", line 1137, in load_route_sales_by_item_customer
    progress.start_step('rpt_route_sales_by_item_customer', expected_rows=2_500_000)
  File "D:\vishwa\nfpc_winit\etl\extract.py", line 102, in start_step
    log(f"\n{'\u2500' * 50}")
Message: '\n\u2500\u2500\u2500\u2500\u2500\u2500\u2500\u2500\u2500\u2500\u2500\u2500\u2500\u2500\u2500\u2500\u2500\u2500\u2500\u2500\u2500\u2500\u2500\u2500\u2500\u2500\u2500\u2500\u2500\u2500\u2500\u2500\u2500\u2500\u2500\u2500\u2500\u2500\u2500\u2500\u2500\u2500\u2500\u2500\u2500\u2500\u2500\u2500\u2500\u2500'
Arguments: ()
--- Logging error ---
Traceback (most recent call last):
  File "C:\Users\vishwa\AppData\Local\Programs\Python\Python314\Lib\logging\__init__.py", line 1154, in emit
    stream.write(msg + self.terminator)
    ~~~~~~~~~~~~^^^^^^^^^^^^^^^^^^^^^^^
  File "C:\Users\vishwa\AppData\Local\Programs\Python\Python314\Lib\encodings\cp1252.py", line 19, in encode
    return codecs.charmap_encode(input,self.errors,encoding_table)[0]
           ~~~~~~~~~~~~~~~~~~~~~^^^^^^^^^^^^^^^^^^^^^^^^^^^^^^^^^^
UnicodeEncodeError: 'charmap' codec can't encode characters in position 62-81: character maps to <undefined>
Call stack:
  File "D:\vishwa\nfpc_winit\etl\extract.py", line 1334, in <module>
    main()
  File "D:\vishwa\nfpc_winit\etl\extract.py", line 1296, in main
    loader_fn(ms_conn, pg_conn)
  File "D:\vishwa\nfpc_winit\etl\extract.py", line 1137, in load_route_sales_by_item_customer
    progress.start_step('rpt_route_sales_by_item_customer', expected_rows=2_500_000)
  File "D:\vishwa\nfpc_winit\etl\extract.py", line 103, in start_step
    log(f"  [{self.completed + 1}/{self.total_steps}] {name} {bar}")
Message: '  [10/16] rpt_route_sales_by_item_customer [\u2588\u2588\u2588\u2588\u2588\u2588\u2588\u2588\u2588\u2588\u2588\u2591\u2591\u2591\u2591\u2591\u2591\u2591\u2591\u2591] 56%'
Arguments: ()
[90m11:07:10[0m        Expected: ~2,500,000 rows
[90m11:07:11[0m   Querying MSSQL (this may take a while for large tables)...
[90m11:07:11[0m   MSSQL query returned in 0.1s - starting load...
[90m11:07:22[0m              50,000 rows | 4,404 rows/sec | 11s elapsed | ETA 556s
[90m11:07:33[0m             100,000 rows | 4,354 rows/sec | 23s elapsed | ETA 551s
[90m11:07:45[0m             150,000 rows | 4,356 rows/sec | 34s elapsed | ETA 539s
[90m11:07:56[0m             200,000 rows | 4,403 rows/sec | 45s elapsed | ETA 522s
[90m11:08:05[0m             250,000 rows | 4,539 rows/sec | 55s elapsed | ETA 496s
[90m11:08:15[0m             300,000 rows | 4,601 rows/sec | 65s elapsed | ETA 478s
[90m11:08:26[0m             350,000 rows | 4,622 rows/sec | 76s elapsed | ETA 465s
[90m11:08:38[0m             400,000 rows | 4,567 rows/sec | 88s elapsed | ETA 460s
[90m11:08:50[0m             450,000 rows | 4,506 rows/sec | 100s elapsed | ETA 455s
[90m11:09:03[0m             500,000 rows | 4,443 rows/sec | 113s elapsed | ETA 450s
[90m11:09:13[0m             550,000 rows | 4,466 rows/sec | 123s elapsed | ETA 437s
[90m11:09:24[0m             600,000 rows | 4,495 rows/sec | 133s elapsed | ETA 423s
[90m11:09:35[0m             650,000 rows | 4,497 rows/sec | 145s elapsed | ETA 411s
[90m11:09:47[0m             700,000 rows | 4,473 rows/sec | 156s elapsed | ETA 402s
[90m11:09:59[0m             750,000 rows | 4,451 rows/sec | 169s elapsed | ETA 393s
[90m11:10:10[0m             800,000 rows | 4,439 rows/sec | 180s elapsed | ETA 383s
[90m11:10:23[0m             850,000 rows | 4,399 rows/sec | 193s elapsed | ETA 375s
[90m11:10:35[0m             900,000 rows | 4,404 rows/sec | 204s elapsed | ETA 363s
[90m11:10:48[0m             950,000 rows | 4,363 rows/sec | 218s elapsed | ETA 355s
[90m11:11:00[0m           1,000,000 rows | 4,352 rows/sec | 230s elapsed | ETA 345s
[90m11:11:13[0m           1,050,000 rows | 4,325 rows/sec | 243s elapsed | ETA 335s
[90m11:11:26[0m           1,100,000 rows | 4,296 rows/sec | 256s elapsed | ETA 326s
[90m11:11:39[0m           1,150,000 rows | 4,284 rows/sec | 268s elapsed | ETA 315s
[90m11:11:52[0m           1,200,000 rows | 4,264 rows/sec | 281s elapsed | ETA 305s
[90m11:12:04[0m           1,250,000 rows | 4,252 rows/sec | 294s elapsed | ETA 294s
[90m11:12:16[0m           1,300,000 rows | 4,246 rows/sec | 306s elapsed | ETA 283s
[90m11:12:27[0m           1,350,000 rows | 4,262 rows/sec | 317s elapsed | ETA 270s
[90m11:12:38[0m           1,400,000 rows | 4,273 rows/sec | 328s elapsed | ETA 257s
[90m11:12:51[0m           1,450,000 rows | 4,255 rows/sec | 341s elapsed | ETA 247s
[90m11:13:02[0m           1,500,000 rows | 4,259 rows/sec | 352s elapsed | ETA 235s
[90m11:13:14[0m           1,550,000 rows | 4,264 rows/sec | 364s elapsed | ETA 223s
[90m11:13:26[0m           1,600,000 rows | 4,257 rows/sec | 376s elapsed | ETA 211s
[90m11:13:38[0m           1,650,000 rows | 4,258 rows/sec | 387s elapsed | ETA 200s
[90m11:13:48[0m           1,700,000 rows | 4,270 rows/sec | 398s elapsed | ETA 187s
[90m11:14:02[0m           1,750,000 rows | 4,251 rows/sec | 412s elapsed | ETA 176s
