--- Logging error ---
Traceback (most recent call last):
  File "C:\Users\vishwa\AppData\Local\Programs\Python\Python314\Lib\logging\__init__.py", line 1154, in emit
    stream.write(msg + self.terminator)
    ~~~~~~~~~~~~^^^^^^^^^^^^^^^^^^^^^^^
  File "C:\Users\vishwa\AppData\Local\Programs\Python\Python314\Lib\encodings\cp1252.py", line 19, in encode
    return codecs.charmap_encode(input,self.errors,encoding_table)[0]
           ~~~~~~~~~~~~~~~~~~~~~^^^^^^^^^^^^^^^^^^^^^^^^^^^^^^^^^^
UnicodeEncodeError: 'charmap' codec can't encode characters in position 18-77: character maps to <undefined>
Call stack:
  File "D:\vishwa\nfpc_winit\etl\extract.py", line 1345, in <module>
    main()
  File "D:\vishwa\nfpc_winit\etl\extract.py", line 1232, in main
    log(f"{'\u2550' * 60}")
Message: '\u2550\u2550\u2550\u2550\u2550\u2550\u2550\u2550\u2550\u2550\u2550\u2550\u2550\u2550\u2550\u2550\u2550\u2550\u2550\u2550\u2550\u2550\u2550\u2550\u2550\u2550\u2550\u2550\u2550\u2550\u2550\u2550\u2550\u2550\u2550\u2550\u2550\u2550\u2550\u2550\u2550\u2550\u2550\u2550\u2550\u2550\u2550\u2550\u2550\u2550\u2550\u2550\u2550\u2550\u2550\u2550\u2550\u2550\u2550\u2550'
Arguments: ()
[90m14:49:56[0m   NFPC Reports ETL
[90m14:49:56[0m   Date range: 2026-01-01 to 2026-02-28
[90m14:49:56[0m   Mode: sequential
[90m14:49:56[0m   Log file:   D:\vishwa\nfpc_winit\etl\logs\etl_20260330_144956.log
--- Logging error ---
Traceback (most recent call last):
  File "C:\Users\vishwa\AppData\Local\Programs\Python\Python314\Lib\logging\__init__.py", line 1154, in emit
    stream.write(msg + self.terminator)
    ~~~~~~~~~~~~^^^^^^^^^^^^^^^^^^^^^^^
  File "C:\Users\vishwa\AppData\Local\Programs\Python\Python314\Lib\encodings\cp1252.py", line 19, in encode
    return codecs.charmap_encode(input,self.errors,encoding_table)[0]
           ~~~~~~~~~~~~~~~~~~~~~^^^^^^^^^^^^^^^^^^^^^^^^^^^^^^^^^^
UnicodeEncodeError: 'charmap' codec can't encode characters in position 18-77: character maps to <undefined>
Call stack:
  File "D:\vishwa\nfpc_winit\etl\extract.py", line 1345, in <module>
    main()
  File "D:\vishwa\nfpc_winit\etl\extract.py", line 1237, in main
    log(f"{'\u2550' * 60}")
Message: '\u2550\u2550\u2550\u2550\u2550\u2550\u2550\u2550\u2550\u2550\u2550\u2550\u2550\u2550\u2550\u2550\u2550\u2550\u2550\u2550\u2550\u2550\u2550\u2550\u2550\u2550\u2550\u2550\u2550\u2550\u2550\u2550\u2550\u2550\u2550\u2550\u2550\u2550\u2550\u2550\u2550\u2550\u2550\u2550\u2550\u2550\u2550\u2550\u2550\u2550\u2550\u2550\u2550\u2550\u2550\u2550\u2550\u2550\u2550\u2550'
Arguments: ()
[90m14:49:56[0m Connecting to MSSQL...
[90m14:49:56[0m   MSSQL connected
[90m14:49:56[0m Connecting to PostgreSQL...
[90m14:49:58[0m   PostgreSQL connected
--- Logging error ---
Traceback (most recent call last):
  File "C:\Users\vishwa\AppData\Local\Programs\Python\Python314\Lib\logging\__init__.py", line 1154, in emit
    stream.write(msg + self.terminator)
    ~~~~~~~~~~~~^^^^^^^^^^^^^^^^^^^^^^^
  File "C:\Users\vishwa\AppData\Local\Programs\Python\Python314\Lib\encodings\cp1252.py", line 19, in encode
    return codecs.charmap_encode(input,self.errors,encoding_table)[0]
           ~~~~~~~~~~~~~~~~~~~~~^^^^^^^^^^^^^^^^^^^^^^^^^^^^^^^^^^
UnicodeEncodeError: 'charmap' codec can't encode characters in position 20-69: character maps to <undefined>
Call stack:
  File "D:\vishwa\nfpc_winit\etl\extract.py", line 1345, in <module>
    main()
  File "D:\vishwa\nfpc_winit\etl\extract.py", line 1307, in main
    loader_fn(ms_conn, pg_conn)
  File "D:\vishwa\nfpc_winit\etl\extract.py", line 313, in load_dimensions
    progress.start_step('Dimensions (6 simple tables)', expected_rows=2000)
  File "D:\vishwa\nfpc_winit\etl\extract.py", line 102, in start_step
    log(f"\n{'\u2500' * 50}")
Message: '\n\u2500\u2500\u2500\u2500\u2500\u2500\u2500\u2500\u2500\u2500\u2500\u2500\u2500\u2500\u2500\u2500\u2500\u2500\u2500\u2500\u2500\u2500\u2500\u2500\u2500\u2500\u2500\u2500\u2500\u2500\u2500\u2500\u2500\u2500\u2500\u2500\u2500\u2500\u2500\u2500\u2500\u2500\u2500\u2500\u2500\u2500\u2500\u2500\u2500\u2500'
Arguments: ()
--- Logging error ---
Traceback (most recent call last):
  File "C:\Users\vishwa\AppData\Local\Programs\Python\Python314\Lib\logging\__init__.py", line 1154, in emit
    stream.write(msg + self.terminator)
    ~~~~~~~~~~~~^^^^^^^^^^^^^^^^^^^^^^^
  File "C:\Users\vishwa\AppData\Local\Programs\Python\Python314\Lib\encodings\cp1252.py", line 19, in encode
    return codecs.charmap_encode(input,self.errors,encoding_table)[0]
           ~~~~~~~~~~~~~~~~~~~~~^^^^^^^^^^^^^^^^^^^^^^^^^^^^^^^^^^
UnicodeEncodeError: 'charmap' codec can't encode characters in position 57-76: character maps to <undefined>
Call stack:
  File "D:\vishwa\nfpc_winit\etl\extract.py", line 1345, in <module>
    main()
  File "D:\vishwa\nfpc_winit\etl\extract.py", line 1307, in main
    loader_fn(ms_conn, pg_conn)
  File "D:\vishwa\nfpc_winit\etl\extract.py", line 313, in load_dimensions
    progress.start_step('Dimensions (6 simple tables)', expected_rows=2000)
  File "D:\vishwa\nfpc_winit\etl\extract.py", line 103, in start_step
    log(f"  [{self.completed + 1}/{self.total_steps}] {name} {bar}")
Message: '  [1/16] Dimensions (6 simple tables) [\u2591\u2591\u2591\u2591\u2591\u2591\u2591\u2591\u2591\u2591\u2591\u2591\u2591\u2591\u2591\u2591\u2591\u2591\u2591\u2591] 0%'
Arguments: ()
[90m14:49:58[0m        Expected: ~2,000 rows
[90m14:49:59[0m     dim_sales_org: 28 rows
[90m14:50:01[0m     dim_route: 470 rows
[90m14:50:02[0m     dim_channel: 15 rows
[90m14:50:03[0m     dim_country: 2 rows
[90m14:50:04[0m     dim_region: 3 rows
[90m14:50:05[0m     dim_city: 10 rows
[90m14:50:06[0m     dim_route.has_active_assignment: 179 active routes
[90m14:50:06[0m   [OK] 528 rows in 8.3s (64 rows/sec)
[90m14:50:06[0m        Progress: 1/16 steps | Est. remaining: 2.6 min
--- Logging error ---
Traceback (most recent call last):
  File "C:\Users\vishwa\AppData\Local\Programs\Python\Python314\Lib\logging\__init__.py", line 1154, in emit
    stream.write(msg + self.terminator)
    ~~~~~~~~~~~~^^^^^^^^^^^^^^^^^^^^^^^
  File "C:\Users\vishwa\AppData\Local\Programs\Python\Python314\Lib\encodings\cp1252.py", line 19, in encode
    return codecs.charmap_encode(input,self.errors,encoding_table)[0]
           ~~~~~~~~~~~~~~~~~~~~~^^^^^^^^^^^^^^^^^^^^^^^^^^^^^^^^^^
UnicodeEncodeError: 'charmap' codec can't encode characters in position 20-69: character maps to <undefined>
Call stack:
  File "D:\vishwa\nfpc_winit\etl\extract.py", line 1345, in <module>
    main()
  File "D:\vishwa\nfpc_winit\etl\extract.py", line 1307, in main
    loader_fn(ms_conn, pg_conn)
  File "D:\vishwa\nfpc_winit\etl\extract.py", line 346, in load_dimensions
    progress.start_step('dim_user (flat with roles/details/depot/location)', expected_rows=1200)
  File "D:\vishwa\nfpc_winit\etl\extract.py", line 102, in start_step
    log(f"\n{'\u2500' * 50}")
Message: '\n\u2500\u2500\u2500\u2500\u2500\u2500\u2500\u2500\u2500\u2500\u2500\u2500\u2500\u2500\u2500\u2500\u2500\u2500\u2500\u2500\u2500\u2500\u2500\u2500\u2500\u2500\u2500\u2500\u2500\u2500\u2500\u2500\u2500\u2500\u2500\u2500\u2500\u2500\u2500\u2500\u2500\u2500\u2500\u2500\u2500\u2500\u2500\u2500\u2500\u2500'
Arguments: ()
--- Logging error ---
Traceback (most recent call last):
  File "C:\Users\vishwa\AppData\Local\Programs\Python\Python314\Lib\logging\__init__.py", line 1154, in emit
    stream.write(msg + self.terminator)
    ~~~~~~~~~~~~^^^^^^^^^^^^^^^^^^^^^^^
  File "C:\Users\vishwa\AppData\Local\Programs\Python\Python314\Lib\encodings\cp1252.py", line 19, in encode
    return codecs.charmap_encode(input,self.errors,encoding_table)[0]
           ~~~~~~~~~~~~~~~~~~~~~^^^^^^^^^^^^^^^^^^^^^^^^^^^^^^^^^^
UnicodeEncodeError: 'charmap' codec can't encode characters in position 78-97: character maps to <undefined>
Call stack:
  File "D:\vishwa\nfpc_winit\etl\extract.py", line 1345, in <module>
    main()
  File "D:\vishwa\nfpc_winit\etl\extract.py", line 1307, in main
    loader_fn(ms_conn, pg_conn)
  File "D:\vishwa\nfpc_winit\etl\extract.py", line 346, in load_dimensions
    progress.start_step('dim_user (flat with roles/details/depot/location)', expected_rows=1200)
  File "D:\vishwa\nfpc_winit\etl\extract.py", line 103, in start_step
    log(f"  [{self.completed + 1}/{self.total_steps}] {name} {bar}")
Message: '  [2/16] dim_user (flat with roles/details/depot/location) [\u2588\u2591\u2591\u2591\u2591\u2591\u2591\u2591\u2591\u2591\u2591\u2591\u2591\u2591\u2591\u2591\u2591\u2591\u2591\u2591] 6%'
Arguments: ()
[90m14:50:06[0m        Expected: ~1,200 rows
[90m14:50:10[0m     dim_user: 1133 rows
[90m14:50:10[0m   [OK] 1,133 rows in 4.0s (283 rows/sec)
[90m14:50:10[0m        Progress: 2/16 steps | Est. remaining: 1.7 min
--- Logging error ---
Traceback (most recent call last):
  File "C:\Users\vishwa\AppData\Local\Programs\Python\Python314\Lib\logging\__init__.py", line 1154, in emit
    stream.write(msg + self.terminator)
    ~~~~~~~~~~~~^^^^^^^^^^^^^^^^^^^^^^^
  File "C:\Users\vishwa\AppData\Local\Programs\Python\Python314\Lib\encodings\cp1252.py", line 19, in encode
    return codecs.charmap_encode(input,self.errors,encoding_table)[0]
           ~~~~~~~~~~~~~~~~~~~~~^^^^^^^^^^^^^^^^^^^^^^^^^^^^^^^^^^
UnicodeEncodeError: 'charmap' codec can't encode characters in position 20-69: character maps to <undefined>
Call stack:
  File "D:\vishwa\nfpc_winit\etl\extract.py", line 1345, in <module>
    main()
  File "D:\vishwa\nfpc_winit\etl\extract.py", line 1307, in main
    loader_fn(ms_conn, pg_conn)
  File "D:\vishwa\nfpc_winit\etl\extract.py", line 415, in load_dimensions
    progress.start_step('dim_item (flat with groups + UOM)', expected_rows=10000)
  File "D:\vishwa\nfpc_winit\etl\extract.py", line 102, in start_step
    log(f"\n{'\u2500' * 50}")
Message: '\n\u2500\u2500\u2500\u2500\u2500\u2500\u2500\u2500\u2500\u2500\u2500\u2500\u2500\u2500\u2500\u2500\u2500\u2500\u2500\u2500\u2500\u2500\u2500\u2500\u2500\u2500\u2500\u2500\u2500\u2500\u2500\u2500\u2500\u2500\u2500\u2500\u2500\u2500\u2500\u2500\u2500\u2500\u2500\u2500\u2500\u2500\u2500\u2500\u2500\u2500'
Arguments: ()
--- Logging error ---
Traceback (most recent call last):
  File "C:\Users\vishwa\AppData\Local\Programs\Python\Python314\Lib\logging\__init__.py", line 1154, in emit
    stream.write(msg + self.terminator)
    ~~~~~~~~~~~~^^^^^^^^^^^^^^^^^^^^^^^
  File "C:\Users\vishwa\AppData\Local\Programs\Python\Python314\Lib\encodings\cp1252.py", line 19, in encode
    return codecs.charmap_encode(input,self.errors,encoding_table)[0]
           ~~~~~~~~~~~~~~~~~~~~~^^^^^^^^^^^^^^^^^^^^^^^^^^^^^^^^^^
UnicodeEncodeError: 'charmap' codec can't encode characters in position 62-81: character maps to <undefined>
Call stack:
  File "D:\vishwa\nfpc_winit\etl\extract.py", line 1345, in <module>
    main()
  File "D:\vishwa\nfpc_winit\etl\extract.py", line 1307, in main
    loader_fn(ms_conn, pg_conn)
  File "D:\vishwa\nfpc_winit\etl\extract.py", line 415, in load_dimensions
    progress.start_step('dim_item (flat with groups + UOM)', expected_rows=10000)
  File "D:\vishwa\nfpc_winit\etl\extract.py", line 103, in start_step
    log(f"  [{self.completed + 1}/{self.total_steps}] {name} {bar}")
Message: '  [3/16] dim_item (flat with groups + UOM) [\u2588\u2588\u2591\u2591\u2591\u2591\u2591\u2591\u2591\u2591\u2591\u2591\u2591\u2591\u2591\u2591\u2591\u2591\u2591\u2591] 12%'
Arguments: ()
[90m14:50:10[0m        Expected: ~10,000 rows
[90m14:50:25[0m     Deduped 9924 -> 4962 items
[90m14:50:25[0m   [OK] 4,962 rows in 14.6s (340 rows/sec)
[90m14:50:25[0m        Progress: 3/16 steps | Est. remaining: 2.1 min
--- Logging error ---
Traceback (most recent call last):
  File "C:\Users\vishwa\AppData\Local\Programs\Python\Python314\Lib\logging\__init__.py", line 1154, in emit
    stream.write(msg + self.terminator)
    ~~~~~~~~~~~~^^^^^^^^^^^^^^^^^^^^^^^
  File "C:\Users\vishwa\AppData\Local\Programs\Python\Python314\Lib\encodings\cp1252.py", line 19, in encode
    return codecs.charmap_encode(input,self.errors,encoding_table)[0]
           ~~~~~~~~~~~~~~~~~~~~~^^^^^^^^^^^^^^^^^^^^^^^^^^^^^^^^^^
UnicodeEncodeError: 'charmap' codec can't encode characters in position 20-69: character maps to <undefined>
Call stack:
  File "D:\vishwa\nfpc_winit\etl\extract.py", line 1345, in <module>
    main()
  File "D:\vishwa\nfpc_winit\etl\extract.py", line 1307, in main
    loader_fn(ms_conn, pg_conn)
  File "D:\vishwa\nfpc_winit\etl\extract.py", line 469, in load_dimensions
    progress.start_step('dim_customer', expected_rows=120000)
  File "D:\vishwa\nfpc_winit\etl\extract.py", line 102, in start_step
    log(f"\n{'\u2500' * 50}")
Message: '\n\u2500\u2500\u2500\u2500\u2500\u2500\u2500\u2500\u2500\u2500\u2500\u2500\u2500\u2500\u2500\u2500\u2500\u2500\u2500\u2500\u2500\u2500\u2500\u2500\u2500\u2500\u2500\u2500\u2500\u2500\u2500\u2500\u2500\u2500\u2500\u2500\u2500\u2500\u2500\u2500\u2500\u2500\u2500\u2500\u2500\u2500\u2500\u2500\u2500\u2500'
Arguments: ()
--- Logging error ---
Traceback (most recent call last):
  File "C:\Users\vishwa\AppData\Local\Programs\Python\Python314\Lib\logging\__init__.py", line 1154, in emit
    stream.write(msg + self.terminator)
    ~~~~~~~~~~~~^^^^^^^^^^^^^^^^^^^^^^^
  File "C:\Users\vishwa\AppData\Local\Programs\Python\Python314\Lib\encodings\cp1252.py", line 19, in encode
    return codecs.charmap_encode(input,self.errors,encoding_table)[0]
           ~~~~~~~~~~~~~~~~~~~~~^^^^^^^^^^^^^^^^^^^^^^^^^^^^^^^^^^
UnicodeEncodeError: 'charmap' codec can't encode characters in position 41-60: character maps to <undefined>
Call stack:
  File "D:\vishwa\nfpc_winit\etl\extract.py", line 1345, in <module>
    main()
  File "D:\vishwa\nfpc_winit\etl\extract.py", line 1307, in main
    loader_fn(ms_conn, pg_conn)
  File "D:\vishwa\nfpc_winit\etl\extract.py", line 469, in load_dimensions
    progress.start_step('dim_customer', expected_rows=120000)
  File "D:\vishwa\nfpc_winit\etl\extract.py", line 103, in start_step
    log(f"  [{self.completed + 1}/{self.total_steps}] {name} {bar}")
Message: '  [4/16] dim_customer [\u2588\u2588\u2588\u2591\u2591\u2591\u2591\u2591\u2591\u2591\u2591\u2591\u2591\u2591\u2591\u2591\u2591\u2591\u2591\u2591] 19%'
Arguments: ()
[90m14:50:25[0m        Expected: ~120,000 rows
[90m14:55:31[0m   [OK] 119,482 rows in 306.7s (390 rows/sec)
[90m14:55:31[0m        Progress: 4/16 steps | Est. remaining: 16.8 min
--- Logging error ---
Traceback (most recent call last):
  File "C:\Users\vishwa\AppData\Local\Programs\Python\Python314\Lib\logging\__init__.py", line 1154, in emit
    stream.write(msg + self.terminator)
    ~~~~~~~~~~~~^^^^^^^^^^^^^^^^^^^^^^^
  File "C:\Users\vishwa\AppData\Local\Programs\Python\Python314\Lib\encodings\cp1252.py", line 19, in encode
    return codecs.charmap_encode(input,self.errors,encoding_table)[0]
           ~~~~~~~~~~~~~~~~~~~~~^^^^^^^^^^^^^^^^^^^^^^^^^^^^^^^^^^
UnicodeEncodeError: 'charmap' codec can't encode characters in position 20-69: character maps to <undefined>
Call stack:
  File "D:\vishwa\nfpc_winit\etl\extract.py", line 1345, in <module>
    main()
  File "D:\vishwa\nfpc_winit\etl\extract.py", line 1307, in main
    loader_fn(ms_conn, pg_conn)
  File "D:\vishwa\nfpc_winit\etl\extract.py", line 1171, in load_holidays
    progress.start_step('rpt_holidays', expected_rows=60)
  File "D:\vishwa\nfpc_winit\etl\extract.py", line 102, in start_step
    log(f"\n{'\u2500' * 50}")
Message: '\n\u2500\u2500\u2500\u2500\u2500\u2500\u2500\u2500\u2500\u2500\u2500\u2500\u2500\u2500\u2500\u2500\u2500\u2500\u2500\u2500\u2500\u2500\u2500\u2500\u2500\u2500\u2500\u2500\u2500\u2500\u2500\u2500\u2500\u2500\u2500\u2500\u2500\u2500\u2500\u2500\u2500\u2500\u2500\u2500\u2500\u2500\u2500\u2500\u2500\u2500'
Arguments: ()
--- Logging error ---
Traceback (most recent call last):
  File "C:\Users\vishwa\AppData\Local\Programs\Python\Python314\Lib\logging\__init__.py", line 1154, in emit
    stream.write(msg + self.terminator)
    ~~~~~~~~~~~~^^^^^^^^^^^^^^^^^^^^^^^
  File "C:\Users\vishwa\AppData\Local\Programs\Python\Python314\Lib\encodings\cp1252.py", line 19, in encode
    return codecs.charmap_encode(input,self.errors,encoding_table)[0]
           ~~~~~~~~~~~~~~~~~~~~~^^^^^^^^^^^^^^^^^^^^^^^^^^^^^^^^^^
UnicodeEncodeError: 'charmap' codec can't encode characters in position 41-60: character maps to <undefined>
Call stack:
  File "D:\vishwa\nfpc_winit\etl\extract.py", line 1345, in <module>
    main()
  File "D:\vishwa\nfpc_winit\etl\extract.py", line 1307, in main
    loader_fn(ms_conn, pg_conn)
  File "D:\vishwa\nfpc_winit\etl\extract.py", line 1171, in load_holidays
    progress.start_step('rpt_holidays', expected_rows=60)
  File "D:\vishwa\nfpc_winit\etl\extract.py", line 103, in start_step
    log(f"  [{self.completed + 1}/{self.total_steps}] {name} {bar}")
Message: '  [5/16] rpt_holidays [\u2588\u2588\u2588\u2588\u2588\u2591\u2591\u2591\u2591\u2591\u2591\u2591\u2591\u2591\u2591\u2591\u2591\u2591\u2591\u2591] 25%'
Arguments: ()
[90m14:55:31[0m        Expected: ~60 rows
[90m14:55:32[0m FAILED on holidays: there is no unique or exclusion constraint matching the ON CONFLICT specification

[90m14:55:32[0m   FAILED: there is no unique or exclusion constraint matching the ON CONFLICT specification

[90m14:55:32[0m        Progress: 5/16 steps | Est. remaining: 12.3 min
[90m14:55:32[0m   Reconnecting to MSSQL...
[90m14:55:32[0m Connecting to MSSQL...
[90m14:55:33[0m   MSSQL connected
[90m14:55:33[0m   MSSQL reconnected
--- Logging error ---
Traceback (most recent call last):
  File "C:\Users\vishwa\AppData\Local\Programs\Python\Python314\Lib\logging\__init__.py", line 1154, in emit
    stream.write(msg + self.terminator)
    ~~~~~~~~~~~~^^^^^^^^^^^^^^^^^^^^^^^
  File "C:\Users\vishwa\AppData\Local\Programs\Python\Python314\Lib\encodings\cp1252.py", line 19, in encode
    return codecs.charmap_encode(input,self.errors,encoding_table)[0]
           ~~~~~~~~~~~~~~~~~~~~~^^^^^^^^^^^^^^^^^^^^^^^^^^^^^^^^^^
UnicodeEncodeError: 'charmap' codec can't encode characters in position 20-69: character maps to <undefined>
Call stack:
  File "D:\vishwa\nfpc_winit\etl\extract.py", line 1345, in <module>
    main()
  File "D:\vishwa\nfpc_winit\etl\extract.py", line 1307, in main
    loader_fn(ms_conn, pg_conn)
  File "D:\vishwa\nfpc_winit\etl\extract.py", line 822, in load_targets
    progress.start_step('rpt_targets', expected_rows=100)
  File "D:\vishwa\nfpc_winit\etl\extract.py", line 102, in start_step
    log(f"\n{'\u2500' * 50}")
Message: '\n\u2500\u2500\u2500\u2500\u2500\u2500\u2500\u2500\u2500\u2500\u2500\u2500\u2500\u2500\u2500\u2500\u2500\u2500\u2500\u2500\u2500\u2500\u2500\u2500\u2500\u2500\u2500\u2500\u2500\u2500\u2500\u2500\u2500\u2500\u2500\u2500\u2500\u2500\u2500\u2500\u2500\u2500\u2500\u2500\u2500\u2500\u2500\u2500\u2500\u2500'
Arguments: ()
--- Logging error ---
Traceback (most recent call last):
  File "C:\Users\vishwa\AppData\Local\Programs\Python\Python314\Lib\logging\__init__.py", line 1154, in emit
    stream.write(msg + self.terminator)
    ~~~~~~~~~~~~^^^^^^^^^^^^^^^^^^^^^^^
  File "C:\Users\vishwa\AppData\Local\Programs\Python\Python314\Lib\encodings\cp1252.py", line 19, in encode
    return codecs.charmap_encode(input,self.errors,encoding_table)[0]
           ~~~~~~~~~~~~~~~~~~~~~^^^^^^^^^^^^^^^^^^^^^^^^^^^^^^^^^^
UnicodeEncodeError: 'charmap' codec can't encode characters in position 40-59: character maps to <undefined>
Call stack:
  File "D:\vishwa\nfpc_winit\etl\extract.py", line 1345, in <module>
    main()
  File "D:\vishwa\nfpc_winit\etl\extract.py", line 1307, in main
    loader_fn(ms_conn, pg_conn)
  File "D:\vishwa\nfpc_winit\etl\extract.py", line 822, in load_targets
    progress.start_step('rpt_targets', expected_rows=100)
  File "D:\vishwa\nfpc_winit\etl\extract.py", line 103, in start_step
    log(f"  [{self.completed + 1}/{self.total_steps}] {name} {bar}")
Message: '  [6/16] rpt_targets [\u2588\u2588\u2588\u2588\u2588\u2588\u2591\u2591\u2591\u2591\u2591\u2591\u2591\u2591\u2591\u2591\u2591\u2591\u2591\u2591] 31%'
Arguments: ()
[90m14:55:33[0m        Expected: ~100 rows
[90m14:55:33[0m FAILED on targets: there is no unique or exclusion constraint matching the ON CONFLICT specification

[90m14:55:33[0m   FAILED: there is no unique or exclusion constraint matching the ON CONFLICT specification

[90m14:55:33[0m        Progress: 6/16 steps | Est. remaining: 9.4 min
[90m14:55:33[0m   Reconnecting to MSSQL...
[90m14:55:33[0m Connecting to MSSQL...
[90m14:55:34[0m   MSSQL connected
[90m14:55:34[0m   MSSQL reconnected
--- Logging error ---
Traceback (most recent call last):
  File "C:\Users\vishwa\AppData\Local\Programs\Python\Python314\Lib\logging\__init__.py", line 1154, in emit
    stream.write(msg + self.terminator)
    ~~~~~~~~~~~~^^^^^^^^^^^^^^^^^^^^^^^
  File "C:\Users\vishwa\AppData\Local\Programs\Python\Python314\Lib\encodings\cp1252.py", line 19, in encode
    return codecs.charmap_encode(input,self.errors,encoding_table)[0]
           ~~~~~~~~~~~~~~~~~~~~~^^^^^^^^^^^^^^^^^^^^^^^^^^^^^^^^^^
UnicodeEncodeError: 'charmap' codec can't encode characters in position 20-69: character maps to <undefined>
Call stack:
  File "D:\vishwa\nfpc_winit\etl\extract.py", line 1345, in <module>
    main()
  File "D:\vishwa\nfpc_winit\etl\extract.py", line 1307, in main
    loader_fn(ms_conn, pg_conn)
  File "D:\vishwa\nfpc_winit\etl\extract.py", line 768, in load_coverage_summary
    progress.start_step('rpt_coverage_summary', expected_rows=25_000)
  File "D:\vishwa\nfpc_winit\etl\extract.py", line 102, in start_step
    log(f"\n{'\u2500' * 50}")
Message: '\n\u2500\u2500\u2500\u2500\u2500\u2500\u2500\u2500\u2500\u2500\u2500\u2500\u2500\u2500\u2500\u2500\u2500\u2500\u2500\u2500\u2500\u2500\u2500\u2500\u2500\u2500\u2500\u2500\u2500\u2500\u2500\u2500\u2500\u2500\u2500\u2500\u2500\u2500\u2500\u2500\u2500\u2500\u2500\u2500\u2500\u2500\u2500\u2500\u2500\u2500'
Arguments: ()
--- Logging error ---
Traceback (most recent call last):
  File "C:\Users\vishwa\AppData\Local\Programs\Python\Python314\Lib\logging\__init__.py", line 1154, in emit
    stream.write(msg + self.terminator)
    ~~~~~~~~~~~~^^^^^^^^^^^^^^^^^^^^^^^
  File "C:\Users\vishwa\AppData\Local\Programs\Python\Python314\Lib\encodings\cp1252.py", line 19, in encode
    return codecs.charmap_encode(input,self.errors,encoding_table)[0]
           ~~~~~~~~~~~~~~~~~~~~~^^^^^^^^^^^^^^^^^^^^^^^^^^^^^^^^^^
UnicodeEncodeError: 'charmap' codec can't encode characters in position 49-68: character maps to <undefined>
Call stack:
  File "D:\vishwa\nfpc_winit\etl\extract.py", line 1345, in <module>
    main()
  File "D:\vishwa\nfpc_winit\etl\extract.py", line 1307, in main
    loader_fn(ms_conn, pg_conn)
  File "D:\vishwa\nfpc_winit\etl\extract.py", line 768, in load_coverage_summary
    progress.start_step('rpt_coverage_summary', expected_rows=25_000)
  File "D:\vishwa\nfpc_winit\etl\extract.py", line 103, in start_step
    log(f"  [{self.completed + 1}/{self.total_steps}] {name} {bar}")
Message: '  [7/16] rpt_coverage_summary [\u2588\u2588\u2588\u2588\u2588\u2588\u2588\u2591\u2591\u2591\u2591\u2591\u2591\u2591\u2591\u2591\u2591\u2591\u2591\u2591] 38%'
Arguments: ()
[90m14:55:34[0m        Expected: ~25,000 rows
[90m14:55:35[0m   Querying MSSQL (this may take a while for large tables)...
[90m14:55:35[0m   MSSQL query returned in 0.0s - starting load...
[90m14:55:37[0m              10,000 rows | 3,331 rows/sec | 3s elapsed | ETA 5s
[90m14:55:38[0m   [OK] 16,294 rows in 4.1s (3,974 rows/sec)
[90m14:55:38[0m        Progress: 7/16 steps | Est. remaining: 7.3 min
--- Logging error ---
Traceback (most recent call last):
  File "C:\Users\vishwa\AppData\Local\Programs\Python\Python314\Lib\logging\__init__.py", line 1154, in emit
    stream.write(msg + self.terminator)
    ~~~~~~~~~~~~^^^^^^^^^^^^^^^^^^^^^^^
  File "C:\Users\vishwa\AppData\Local\Programs\Python\Python314\Lib\encodings\cp1252.py", line 19, in encode
    return codecs.charmap_encode(input,self.errors,encoding_table)[0]
           ~~~~~~~~~~~~~~~~~~~~~^^^^^^^^^^^^^^^^^^^^^^^^^^^^^^^^^^
UnicodeEncodeError: 'charmap' codec can't encode characters in position 20-69: character maps to <undefined>
Call stack:
  File "D:\vishwa\nfpc_winit\etl\extract.py", line 1345, in <module>
    main()
  File "D:\vishwa\nfpc_winit\etl\extract.py", line 1307, in main
    loader_fn(ms_conn, pg_conn)
  File "D:\vishwa\nfpc_winit\etl\extract.py", line 796, in load_route_sales_collection
    progress.start_step('rpt_route_sales_collection', expected_rows=25_000)
  File "D:\vishwa\nfpc_winit\etl\extract.py", line 102, in start_step
    log(f"\n{'\u2500' * 50}")
Message: '\n\u2500\u2500\u2500\u2500\u2500\u2500\u2500\u2500\u2500\u2500\u2500\u2500\u2500\u2500\u2500\u2500\u2500\u2500\u2500\u2500\u2500\u2500\u2500\u2500\u2500\u2500\u2500\u2500\u2500\u2500\u2500\u2500\u2500\u2500\u2500\u2500\u2500\u2500\u2500\u2500\u2500\u2500\u2500\u2500\u2500\u2500\u2500\u2500\u2500\u2500'
Arguments: ()
--- Logging error ---
Traceback (most recent call last):
  File "C:\Users\vishwa\AppData\Local\Programs\Python\Python314\Lib\logging\__init__.py", line 1154, in emit
    stream.write(msg + self.terminator)
    ~~~~~~~~~~~~^^^^^^^^^^^^^^^^^^^^^^^
  File "C:\Users\vishwa\AppData\Local\Programs\Python\Python314\Lib\encodings\cp1252.py", line 19, in encode
    return codecs.charmap_encode(input,self.errors,encoding_table)[0]
           ~~~~~~~~~~~~~~~~~~~~~^^^^^^^^^^^^^^^^^^^^^^^^^^^^^^^^^^
UnicodeEncodeError: 'charmap' codec can't encode characters in position 55-74: character maps to <undefined>
Call stack:
  File "D:\vishwa\nfpc_winit\etl\extract.py", line 1345, in <module>
    main()
  File "D:\vishwa\nfpc_winit\etl\extract.py", line 1307, in main
    loader_fn(ms_conn, pg_conn)
  File "D:\vishwa\nfpc_winit\etl\extract.py", line 796, in load_route_sales_collection
    progress.start_step('rpt_route_sales_collection', expected_rows=25_000)
  File "D:\vishwa\nfpc_winit\etl\extract.py", line 103, in start_step
    log(f"  [{self.completed + 1}/{self.total_steps}] {name} {bar}")
Message: '  [8/16] rpt_route_sales_collection [\u2588\u2588\u2588\u2588\u2588\u2588\u2588\u2588\u2591\u2591\u2591\u2591\u2591\u2591\u2591\u2591\u2591\u2591\u2591\u2591] 44%'
Arguments: ()
[90m14:55:38[0m        Expected: ~25,000 rows
[90m14:55:39[0m   Querying MSSQL (this may take a while for large tables)...
[90m14:55:39[0m   MSSQL query returned in 0.0s - starting load...
[90m14:55:40[0m   [OK] 8,535 rows in 2.2s (3,871 rows/sec)
[90m14:55:40[0m        Progress: 8/16 steps | Est. remaining: 5.7 min
--- Logging error ---
Traceback (most recent call last):
  File "C:\Users\vishwa\AppData\Local\Programs\Python\Python314\Lib\logging\__init__.py", line 1154, in emit
    stream.write(msg + self.terminator)
    ~~~~~~~~~~~~^^^^^^^^^^^^^^^^^^^^^^^
  File "C:\Users\vishwa\AppData\Local\Programs\Python\Python314\Lib\encodings\cp1252.py", line 19, in encode
    return codecs.charmap_encode(input,self.errors,encoding_table)[0]
           ~~~~~~~~~~~~~~~~~~~~~^^^^^^^^^^^^^^^^^^^^^^^^^^^^^^^^^^
UnicodeEncodeError: 'charmap' codec can't encode characters in position 20-69: character maps to <undefined>
Call stack:
  File "D:\vishwa\nfpc_winit\etl\extract.py", line 1345, in <module>
    main()
  File "D:\vishwa\nfpc_winit\etl\extract.py", line 1307, in main
    loader_fn(ms_conn, pg_conn)
  File "D:\vishwa\nfpc_winit\etl\extract.py", line 1114, in load_route_sales_summary_by_item
    progress.start_step('rpt_route_sales_summary_by_item', expected_rows=500_000)
  File "D:\vishwa\nfpc_winit\etl\extract.py", line 102, in start_step
    log(f"\n{'\u2500' * 50}")
Message: '\n\u2500\u2500\u2500\u2500\u2500\u2500\u2500\u2500\u2500\u2500\u2500\u2500\u2500\u2500\u2500\u2500\u2500\u2500\u2500\u2500\u2500\u2500\u2500\u2500\u2500\u2500\u2500\u2500\u2500\u2500\u2500\u2500\u2500\u2500\u2500\u2500\u2500\u2500\u2500\u2500\u2500\u2500\u2500\u2500\u2500\u2500\u2500\u2500\u2500\u2500'
Arguments: ()
--- Logging error ---
Traceback (most recent call last):
  File "C:\Users\vishwa\AppData\Local\Programs\Python\Python314\Lib\logging\__init__.py", line 1154, in emit
    stream.write(msg + self.terminator)
    ~~~~~~~~~~~~^^^^^^^^^^^^^^^^^^^^^^^
  File "C:\Users\vishwa\AppData\Local\Programs\Python\Python314\Lib\encodings\cp1252.py", line 19, in encode
    return codecs.charmap_encode(input,self.errors,encoding_table)[0]
           ~~~~~~~~~~~~~~~~~~~~~^^^^^^^^^^^^^^^^^^^^^^^^^^^^^^^^^^
UnicodeEncodeError: 'charmap' codec can't encode characters in position 60-79: character maps to <undefined>
Call stack:
  File "D:\vishwa\nfpc_winit\etl\extract.py", line 1345, in <module>
    main()
  File "D:\vishwa\nfpc_winit\etl\extract.py", line 1307, in main
    loader_fn(ms_conn, pg_conn)
  File "D:\vishwa\nfpc_winit\etl\extract.py", line 1114, in load_route_sales_summary_by_item
    progress.start_step('rpt_route_sales_summary_by_item', expected_rows=500_000)
  File "D:\vishwa\nfpc_winit\etl\extract.py", line 103, in start_step
    log(f"  [{self.completed + 1}/{self.total_steps}] {name} {bar}")
Message: '  [9/16] rpt_route_sales_summary_by_item [\u2588\u2588\u2588\u2588\u2588\u2588\u2588\u2588\u2588\u2588\u2591\u2591\u2591\u2591\u2591\u2591\u2591\u2591\u2591\u2591] 50%'
Arguments: ()
[90m14:55:40[0m        Expected: ~500,000 rows
[90m14:55:42[0m   Querying MSSQL (this may take a while for large tables)...
[90m14:55:43[0m   MSSQL query returned in 0.3s - starting load...
[90m14:55:44[0m              10,000 rows | 2,367 rows/sec | 4s elapsed | ETA 207s
[90m14:55:46[0m              20,000 rows | 3,503 rows/sec | 6s elapsed | ETA 137s
[90m14:55:47[0m              30,000 rows | 4,186 rows/sec | 7s elapsed | ETA 112s
[90m14:55:49[0m              40,000 rows | 4,648 rows/sec | 9s elapsed | ETA 99s
[90m14:55:50[0m              50,000 rows | 4,963 rows/sec | 10s elapsed | ETA 91s
[90m14:55:52[0m              60,000 rows | 5,184 rows/sec | 12s elapsed | ETA 85s
[90m14:55:53[0m              70,000 rows | 5,336 rows/sec | 13s elapsed | ETA 81s
[90m14:55:55[0m              80,000 rows | 5,482 rows/sec | 15s elapsed | ETA 77s
[90m14:55:56[0m              90,000 rows | 5,599 rows/sec | 16s elapsed | ETA 73s
[90m14:55:58[0m             100,000 rows | 5,702 rows/sec | 18s elapsed | ETA 70s
[90m14:55:59[0m             110,000 rows | 5,791 rows/sec | 19s elapsed | ETA 67s
[90m14:56:01[0m             120,000 rows | 5,863 rows/sec | 20s elapsed | ETA 65s
[90m14:56:02[0m             130,000 rows | 5,883 rows/sec | 22s elapsed | ETA 63s
[90m14:56:04[0m             140,000 rows | 5,948 rows/sec | 24s elapsed | ETA 61s
[90m14:56:05[0m             150,000 rows | 5,997 rows/sec | 25s elapsed | ETA 58s
[90m14:56:07[0m             160,000 rows | 6,051 rows/sec | 26s elapsed | ETA 56s
[90m14:56:08[0m             170,000 rows | 6,095 rows/sec | 28s elapsed | ETA 54s
[90m14:56:09[0m             180,000 rows | 6,137 rows/sec | 29s elapsed | ETA 52s
[90m14:56:11[0m             190,000 rows | 6,177 rows/sec | 31s elapsed | ETA 50s
[90m14:56:13[0m             200,000 rows | 6,103 rows/sec | 33s elapsed | ETA 49s
[90m14:56:14[0m             210,000 rows | 6,136 rows/sec | 34s elapsed | ETA 47s
[90m14:56:16[0m             220,000 rows | 6,167 rows/sec | 36s elapsed | ETA 45s
[90m14:56:17[0m             230,000 rows | 6,196 rows/sec | 37s elapsed | ETA 44s
[90m14:56:19[0m             240,000 rows | 6,223 rows/sec | 39s elapsed | ETA 42s
[90m14:56:20[0m             250,000 rows | 6,248 rows/sec | 40s elapsed | ETA 40s
[90m14:56:22[0m             260,000 rows | 6,273 rows/sec | 41s elapsed | ETA 38s
[90m14:56:23[0m             270,000 rows | 6,295 rows/sec | 43s elapsed | ETA 37s
[90m14:56:24[0m             280,000 rows | 6,316 rows/sec | 44s elapsed | ETA 35s
[90m14:56:26[0m             290,000 rows | 6,335 rows/sec | 46s elapsed | ETA 33s
[90m14:56:27[0m             300,000 rows | 6,354 rows/sec | 47s elapsed | ETA 31s
[90m14:56:29[0m             310,000 rows | 6,334 rows/sec | 49s elapsed | ETA 30s
[90m14:56:30[0m             320,000 rows | 6,354 rows/sec | 50s elapsed | ETA 28s
[90m14:56:32[0m             330,000 rows | 6,367 rows/sec | 52s elapsed | ETA 27s
[90m14:56:33[0m             340,000 rows | 6,378 rows/sec | 53s elapsed | ETA 25s
[90m14:56:35[0m             350,000 rows | 6,378 rows/sec | 55s elapsed | ETA 24s
[90m14:56:37[0m             360,000 rows | 6,382 rows/sec | 56s elapsed | ETA 22s
[90m14:56:38[0m             370,000 rows | 6,392 rows/sec | 58s elapsed | ETA 20s
[90m14:56:40[0m             380,000 rows | 6,401 rows/sec | 59s elapsed | ETA 19s
[90m14:56:41[0m             390,000 rows | 6,410 rows/sec | 61s elapsed | ETA 17s
[90m14:56:43[0m             400,000 rows | 6,411 rows/sec | 62s elapsed | ETA 16s
[90m14:56:44[0m             410,000 rows | 6,419 rows/sec | 64s elapsed | ETA 14s
[90m14:56:45[0m   [OK] 418,384 rows in 65.2s (6,414 rows/sec)
[90m14:56:45[0m        Progress: 9/16 steps | Est. remaining: 5.3 min
--- Logging error ---
Traceback (most recent call last):
  File "C:\Users\vishwa\AppData\Local\Programs\Python\Python314\Lib\logging\__init__.py", line 1154, in emit
    stream.write(msg + self.terminator)
    ~~~~~~~~~~~~^^^^^^^^^^^^^^^^^^^^^^^
  File "C:\Users\vishwa\AppData\Local\Programs\Python\Python314\Lib\encodings\cp1252.py", line 19, in encode
    return codecs.charmap_encode(input,self.errors,encoding_table)[0]
           ~~~~~~~~~~~~~~~~~~~~~^^^^^^^^^^^^^^^^^^^^^^^^^^^^^^^^^^
UnicodeEncodeError: 'charmap' codec can't encode characters in position 20-69: character maps to <undefined>
Call stack:
  File "D:\vishwa\nfpc_winit\etl\extract.py", line 1345, in <module>
    main()
  File "D:\vishwa\nfpc_winit\etl\extract.py", line 1307, in main
    loader_fn(ms_conn, pg_conn)
  File "D:\vishwa\nfpc_winit\etl\extract.py", line 1146, in load_route_sales_by_item_customer
    progress.start_step('rpt_route_sales_by_item_customer', expected_rows=2_500_000)
  File "D:\vishwa\nfpc_winit\etl\extract.py", line 102, in start_step
    log(f"\n{'\u2500' * 50}")
Message: '\n\u2500\u2500\u2500\u2500\u2500\u2500\u2500\u2500\u2500\u2500\u2500\u2500\u2500\u2500\u2500\u2500\u2500\u2500\u2500\u2500\u2500\u2500\u2500\u2500\u2500\u2500\u2500\u2500\u2500\u2500\u2500\u2500\u2500\u2500\u2500\u2500\u2500\u2500\u2500\u2500\u2500\u2500\u2500\u2500\u2500\u2500\u2500\u2500\u2500\u2500'
Arguments: ()
--- Logging error ---
Traceback (most recent call last):
  File "C:\Users\vishwa\AppData\Local\Programs\Python\Python314\Lib\logging\__init__.py", line 1154, in emit
    stream.write(msg + self.terminator)
    ~~~~~~~~~~~~^^^^^^^^^^^^^^^^^^^^^^^
  File "C:\Users\vishwa\AppData\Local\Programs\Python\Python314\Lib\encodings\cp1252.py", line 19, in encode
    return codecs.charmap_encode(input,self.errors,encoding_table)[0]
           ~~~~~~~~~~~~~~~~~~~~~^^^^^^^^^^^^^^^^^^^^^^^^^^^^^^^^^^
UnicodeEncodeError: 'charmap' codec can't encode characters in position 62-81: character maps to <undefined>
Call stack:
  File "D:\vishwa\nfpc_winit\etl\extract.py", line 1345, in <module>
    main()
  File "D:\vishwa\nfpc_winit\etl\extract.py", line 1307, in main
    loader_fn(ms_conn, pg_conn)
  File "D:\vishwa\nfpc_winit\etl\extract.py", line 1146, in load_route_sales_by_item_customer
    progress.start_step('rpt_route_sales_by_item_customer', expected_rows=2_500_000)
  File "D:\vishwa\nfpc_winit\etl\extract.py", line 103, in start_step
    log(f"  [{self.completed + 1}/{self.total_steps}] {name} {bar}")
Message: '  [10/16] rpt_route_sales_by_item_customer [\u2588\u2588\u2588\u2588\u2588\u2588\u2588\u2588\u2588\u2588\u2588\u2591\u2591\u2591\u2591\u2591\u2591\u2591\u2591\u2591] 56%'
Arguments: ()
[90m14:56:45[0m        Expected: ~2,500,000 rows
[90m14:56:56[0m   Querying MSSQL (this may take a while for large tables)...
[90m14:56:56[0m   MSSQL query returned in 0.1s - starting load...
[90m14:57:04[0m              50,000 rows | 2,622 rows/sec | 19s elapsed | ETA 934s
[90m14:57:12[0m             100,000 rows | 3,785 rows/sec | 26s elapsed | ETA 634s
[90m14:57:23[0m             150,000 rows | 3,960 rows/sec | 38s elapsed | ETA 593s
[90m14:57:34[0m             200,000 rows | 4,092 rows/sec | 49s elapsed | ETA 562s
[90m14:57:44[0m             250,000 rows | 4,275 rows/sec | 58s elapsed | ETA 526s
[90m14:57:56[0m             300,000 rows | 4,266 rows/sec | 70s elapsed | ETA 516s
[90m14:58:07[0m             350,000 rows | 4,263 rows/sec | 82s elapsed | ETA 504s
[90m14:58:14[0m             400,000 rows | 4,534 rows/sec | 88s elapsed | ETA 463s
[90m14:58:20[0m             450,000 rows | 4,771 rows/sec | 94s elapsed | ETA 430s
[90m14:58:37[0m             500,000 rows | 4,481 rows/sec | 112s elapsed | ETA 446s
[90m14:58:43[0m             550,000 rows | 4,659 rows/sec | 118s elapsed | ETA 419s
[90m14:58:53[0m             600,000 rows | 4,710 rows/sec | 127s elapsed | ETA 403s
[90m14:59:00[0m             650,000 rows | 4,835 rows/sec | 134s elapsed | ETA 383s
[90m14:59:06[0m             700,000 rows | 4,971 rows/sec | 141s elapsed | ETA 362s
[90m14:59:15[0m             750,000 rows | 5,000 rows/sec | 150s elapsed | ETA 350s
[90m14:59:22[0m             800,000 rows | 5,114 rows/sec | 156s elapsed | ETA 332s
[90m14:59:28[0m             850,000 rows | 5,211 rows/sec | 163s elapsed | ETA 317s
[90m14:59:35[0m             900,000 rows | 5,311 rows/sec | 169s elapsed | ETA 301s
[90m14:59:45[0m             950,000 rows | 5,295 rows/sec | 179s elapsed | ETA 293s
[90m14:59:51[0m           1,000,000 rows | 5,382 rows/sec | 186s elapsed | ETA 279s
[90m14:59:59[0m           1,050,000 rows | 5,423 rows/sec | 194s elapsed | ETA 267s
[90m15:00:05[0m           1,100,000 rows | 5,504 rows/sec | 200s elapsed | ETA 254s
[90m15:00:16[0m           1,150,000 rows | 5,469 rows/sec | 210s elapsed | ETA 247s
[90m15:00:24[0m           1,200,000 rows | 5,477 rows/sec | 219s elapsed | ETA 237s
[90m15:00:31[0m           1,250,000 rows | 5,546 rows/sec | 225s elapsed | ETA 225s
[90m15:00:38[0m           1,300,000 rows | 5,596 rows/sec | 232s elapsed | ETA 214s
[90m15:00:47[0m           1,350,000 rows | 5,578 rows/sec | 242s elapsed | ETA 206s
[90m15:00:54[0m           1,400,000 rows | 5,640 rows/sec | 248s elapsed | ETA 195s
[90m15:01:00[0m           1,450,000 rows | 5,688 rows/sec | 255s elapsed | ETA 185s
[90m15:01:07[0m           1,500,000 rows | 5,742 rows/sec | 261s elapsed | ETA 174s
[90m15:01:16[0m           1,550,000 rows | 5,731 rows/sec | 270s elapsed | ETA 166s
[90m15:01:22[0m           1,600,000 rows | 5,781 rows/sec | 277s elapsed | ETA 156s
[90m15:01:28[0m           1,650,000 rows | 5,828 rows/sec | 283s elapsed | ETA 146s
[90m15:01:35[0m           1,700,000 rows | 5,870 rows/sec | 290s elapsed | ETA 136s
[90m15:01:46[0m           1,750,000 rows | 5,813 rows/sec | 301s elapsed | ETA 129s
[90m15:01:53[0m           1,800,000 rows | 5,854 rows/sec | 307s elapsed | ETA 120s
[90m15:02:00[0m           1,850,000 rows | 5,876 rows/sec | 315s elapsed | ETA 111s
[90m15:02:07[0m           1,900,000 rows | 5,911 rows/sec | 321s elapsed | ETA 101s
[90m15:02:17[0m           1,950,000 rows | 5,883 rows/sec | 331s elapsed | ETA 93s
[90m15:02:23[0m           2,000,000 rows | 5,919 rows/sec | 338s elapsed | ETA 84s
[90m15:02:29[0m           2,050,000 rows | 5,958 rows/sec | 344s elapsed | ETA 76s
[90m15:02:36[0m           2,100,000 rows | 5,992 rows/sec | 350s elapsed | ETA 67s
[90m15:02:45[0m           2,150,000 rows | 5,976 rows/sec | 360s elapsed | ETA 59s
[90m15:02:53[0m           2,200,000 rows | 5,988 rows/sec | 367s elapsed | ETA 50s
[90m15:02:59[0m           2,250,000 rows | 6,021 rows/sec | 374s elapsed | ETA 42s
[90m15:03:09[0m           2,300,000 rows | 5,992 rows/sec | 384s elapsed | ETA 33s
[90m15:03:20[0m           2,350,000 rows | 5,958 rows/sec | 394s elapsed | ETA 25s
[90m15:03:27[0m           2,400,000 rows | 5,981 rows/sec | 401s elapsed | ETA 17s
[90m15:03:33[0m           2,450,000 rows | 6,010 rows/sec | 408s elapsed | ETA 8s
[90m15:03:41[0m           2,500,000 rows | 6,019 rows/sec | 415s elapsed | ETA 0s
[90m15:03:51[0m           2,550,000 rows | 5,995 rows/sec | 425s elapsed | ETA 0s
[90m15:03:57[0m           2,600,000 rows | 6,021 rows/sec | 432s elapsed | ETA 0s
[90m15:04:04[0m           2,650,000 rows | 6,047 rows/sec | 438s elapsed | ETA 0s
[90m15:04:10[0m           2,700,000 rows | 6,069 rows/sec | 445s elapsed | ETA 0s
[90m15:04:20[0m           2,750,000 rows | 6,050 rows/sec | 455s elapsed | ETA 0s
[90m15:04:27[0m           2,800,000 rows | 6,064 rows/sec | 462s elapsed | ETA 0s
[90m15:04:35[0m           2,850,000 rows | 6,070 rows/sec | 470s elapsed | ETA 0s
[90m15:04:42[0m           2,900,000 rows | 6,087 rows/sec | 476s elapsed | ETA 0s
[90m15:04:51[0m           2,950,000 rows | 6,073 rows/sec | 486s elapsed | ETA 0s
[90m15:04:58[0m           3,000,000 rows | 6,095 rows/sec | 492s elapsed | ETA 0s
[90m15:05:04[0m           3,050,000 rows | 6,115 rows/sec | 499s elapsed | ETA 0s
[90m15:05:12[0m           3,100,000 rows | 6,116 rows/sec | 507s elapsed | ETA 0s
[90m15:05:21[0m           3,150,000 rows | 6,112 rows/sec | 515s elapsed | ETA 0s
[90m15:05:28[0m           3,200,000 rows | 6,123 rows/sec | 523s elapsed | ETA 0s
[90m15:05:35[0m           3,250,000 rows | 6,135 rows/sec | 530s elapsed | ETA 0s
[90m15:05:44[0m           3,300,000 rows | 6,125 rows/sec | 539s elapsed | ETA 0s
[90m15:05:52[0m           3,350,000 rows | 6,125 rows/sec | 547s elapsed | ETA 0s
[90m15:05:58[0m           3,400,000 rows | 6,148 rows/sec | 553s elapsed | ETA 0s
[90m15:06:05[0m           3,450,000 rows | 6,168 rows/sec | 559s elapsed | ETA 0s
[90m15:06:11[0m           3,500,000 rows | 6,188 rows/sec | 566s elapsed | ETA 0s
[90m15:06:18[0m           3,550,000 rows | 6,201 rows/sec | 572s elapsed | ETA 0s
[90m15:06:24[0m           3,600,000 rows | 6,219 rows/sec | 579s elapsed | ETA 0s
[90m15:06:30[0m           3,650,000 rows | 6,239 rows/sec | 585s elapsed | ETA 0s
[90m15:06:37[0m           3,700,000 rows | 6,251 rows/sec | 592s elapsed | ETA 0s
[90m15:06:44[0m           3,750,000 rows | 6,262 rows/sec | 599s elapsed | ETA 0s
[90m15:06:52[0m           3,800,000 rows | 6,263 rows/sec | 607s elapsed | ETA 0s
[90m15:06:58[0m           3,850,000 rows | 6,280 rows/sec | 613s elapsed | ETA 0s
[90m15:07:05[0m           3,900,000 rows | 6,295 rows/sec | 620s elapsed | ETA 0s
[90m15:07:11[0m           3,950,000 rows | 6,310 rows/sec | 626s elapsed | ETA 0s
[90m15:07:26[0m           4,000,000 rows | 6,243 rows/sec | 641s elapsed | ETA 0s
[90m15:07:38[0m           4,050,000 rows | 6,207 rows/sec | 652s elapsed | ETA 0s
[90m15:07:49[0m           4,100,000 rows | 6,174 rows/sec | 664s elapsed | ETA 0s
[90m15:08:01[0m           4,150,000 rows | 6,141 rows/sec | 676s elapsed | ETA 0s
[90m15:08:12[0m           4,200,000 rows | 6,113 rows/sec | 687s elapsed | ETA 0s
[90m15:08:21[0m   [OK] 4,238,376 rows in 695.7s (6,092 rows/sec)
[90m15:08:21[0m        Progress: 10/16 steps | Est. remaining: 11.1 min
--- Logging error ---
Traceback (most recent call last):
  File "C:\Users\vishwa\AppData\Local\Programs\Python\Python314\Lib\logging\__init__.py", line 1154, in emit
    stream.write(msg + self.terminator)
    ~~~~~~~~~~~~^^^^^^^^^^^^^^^^^^^^^^^
  File "C:\Users\vishwa\AppData\Local\Programs\Python\Python314\Lib\encodings\cp1252.py", line 19, in encode
    return codecs.charmap_encode(input,self.errors,encoding_table)[0]
           ~~~~~~~~~~~~~~~~~~~~~^^^^^^^^^^^^^^^^^^^^^^^^^^^^^^^^^^
UnicodeEncodeError: 'charmap' codec can't encode characters in position 20-69: character maps to <undefined>
Call stack:
  File "D:\vishwa\nfpc_winit\etl\extract.py", line 1345, in <module>
    main()
  File "D:\vishwa\nfpc_winit\etl\extract.py", line 1307, in main
    loader_fn(ms_conn, pg_conn)
  File "D:\vishwa\nfpc_winit\etl\extract.py", line 1056, in load_invoice_totals
    progress.start_step('rpt_invoice_totals', expected_rows=500_000)
  File "D:\vishwa\nfpc_winit\etl\extract.py", line 102, in start_step
    log(f"\n{'\u2500' * 50}")
Message: '\n\u2500\u2500\u2500\u2500\u2500\u2500\u2500\u2500\u2500\u2500\u2500\u2500\u2500\u2500\u2500\u2500\u2500\u2500\u2500\u2500\u2500\u2500\u2500\u2500\u2500\u2500\u2500\u2500\u2500\u2500\u2500\u2500\u2500\u2500\u2500\u2500\u2500\u2500\u2500\u2500\u2500\u2500\u2500\u2500\u2500\u2500\u2500\u2500\u2500\u2500'
Arguments: ()
--- Logging error ---
Traceback (most recent call last):
  File "C:\Users\vishwa\AppData\Local\Programs\Python\Python314\Lib\logging\__init__.py", line 1154, in emit
    stream.write(msg + self.terminator)
    ~~~~~~~~~~~~^^^^^^^^^^^^^^^^^^^^^^^
  File "C:\Users\vishwa\AppData\Local\Programs\Python\Python314\Lib\encodings\cp1252.py", line 19, in encode
    return codecs.charmap_encode(input,self.errors,encoding_table)[0]
           ~~~~~~~~~~~~~~~~~~~~~^^^^^^^^^^^^^^^^^^^^^^^^^^^^^^^^^^
UnicodeEncodeError: 'charmap' codec can't encode characters in position 48-67: character maps to <undefined>
Call stack:
  File "D:\vishwa\nfpc_winit\etl\extract.py", line 1345, in <module>
    main()
  File "D:\vishwa\nfpc_winit\etl\extract.py", line 1307, in main
    loader_fn(ms_conn, pg_conn)
  File "D:\vishwa\nfpc_winit\etl\extract.py", line 1056, in load_invoice_totals
    progress.start_step('rpt_invoice_totals', expected_rows=500_000)
  File "D:\vishwa\nfpc_winit\etl\extract.py", line 103, in start_step
    log(f"  [{self.completed + 1}/{self.total_steps}] {name} {bar}")
Message: '  [11/16] rpt_invoice_totals [\u2588\u2588\u2588\u2588\u2588\u2588\u2588\u2588\u2588\u2588\u2588\u2588\u2591\u2591\u2591\u2591\u2591\u2591\u2591\u2591] 62%'
Arguments: ()
[90m15:08:21[0m        Expected: ~500,000 rows
[90m15:08:22[0m     Processing 2026-01-01 to 2026-01-15...
[90m15:08:22[0m   Querying MSSQL (this may take a while for large tables)...
[90m15:08:33[0m   MSSQL query returned in 10.9s - starting load...
[90m15:08:36[0m              10,000 rows | 651 rows/sec | 15s elapsed | ETA 753s
[90m15:08:39[0m              20,000 rows | 1,105 rows/sec | 18s elapsed | ETA 434s
[90m15:08:42[0m              30,000 rows | 1,440 rows/sec | 21s elapsed | ETA 326s
[90m15:08:45[0m              40,000 rows | 1,701 rows/sec | 24s elapsed | ETA 270s
[90m15:08:47[0m              50,000 rows | 1,901 rows/sec | 26s elapsed | ETA 237s
[90m15:08:50[0m              60,000 rows | 2,051 rows/sec | 29s elapsed | ETA 215s
[90m15:08:53[0m              70,000 rows | 2,195 rows/sec | 32s elapsed | ETA 196s
[90m15:08:56[0m              80,000 rows | 2,317 rows/sec | 35s elapsed | ETA 181s
[90m15:08:58[0m              90,000 rows | 2,422 rows/sec | 37s elapsed | ETA 169s
[90m15:09:01[0m             100,000 rows | 2,515 rows/sec | 40s elapsed | ETA 159s
[90m15:09:03[0m             110,000 rows | 2,597 rows/sec | 42s elapsed | ETA 150s
[90m15:09:06[0m     2026-01-01 to 2026-01-15: 118,473 rows
[90m15:09:06[0m     Processing 2026-01-15 to 2026-01-29...
[90m15:09:06[0m   Querying MSSQL (this may take a while for large tables)...
[90m15:09:14[0m   MSSQL query returned in 8.6s - starting load...
[90m15:09:18[0m              10,000 rows | 176 rows/sec | 57s elapsed | ETA 2786s
[90m15:09:21[0m              20,000 rows | 336 rows/sec | 59s elapsed | ETA 1426s
[90m15:09:23[0m              30,000 rows | 484 rows/sec | 62s elapsed | ETA 971s
[90m15:09:26[0m              40,000 rows | 617 rows/sec | 65s elapsed | ETA 745s
[90m15:09:29[0m              50,000 rows | 742 rows/sec | 67s elapsed | ETA 607s
[90m15:09:31[0m              60,000 rows | 858 rows/sec | 70s elapsed | ETA 513s
[90m15:09:34[0m              70,000 rows | 966 rows/sec | 72s elapsed | ETA 445s
[90m15:09:36[0m              80,000 rows | 1,068 rows/sec | 75s elapsed | ETA 393s
[90m15:09:39[0m              90,000 rows | 1,162 rows/sec | 77s elapsed | ETA 353s
[90m15:09:41[0m             100,000 rows | 1,251 rows/sec | 80s elapsed | ETA 320s
[90m15:09:44[0m             110,000 rows | 1,334 rows/sec | 82s elapsed | ETA 292s
[90m15:09:46[0m             120,000 rows | 1,414 rows/sec | 85s elapsed | ETA 269s
[90m15:09:47[0m     2026-01-15 to 2026-01-29: 121,515 rows
[90m15:09:47[0m     Processing 2026-01-29 to 2026-02-12...
[90m15:09:47[0m   Querying MSSQL (this may take a while for large tables)...
[90m15:09:55[0m   MSSQL query returned in 7.5s - starting load...
[90m15:09:58[0m              10,000 rows | 103 rows/sec | 97s elapsed | ETA 4750s
[90m15:10:01[0m              20,000 rows | 201 rows/sec | 99s elapsed | ETA 2385s
[90m15:10:03[0m              30,000 rows | 295 rows/sec | 102s elapsed | ETA 1596s
[90m15:10:05[0m              40,000 rows | 383 rows/sec | 104s elapsed | ETA 1200s
[90m15:10:08[0m              50,000 rows | 469 rows/sec | 107s elapsed | ETA 960s
[90m15:10:10[0m              60,000 rows | 550 rows/sec | 109s elapsed | ETA 800s
[90m15:10:13[0m              70,000 rows | 628 rows/sec | 112s elapsed | ETA 685s
[90m15:10:15[0m              80,000 rows | 702 rows/sec | 114s elapsed | ETA 598s
[90m15:10:17[0m              90,000 rows | 773 rows/sec | 116s elapsed | ETA 530s
[90m15:10:20[0m             100,000 rows | 842 rows/sec | 119s elapsed | ETA 475s
[90m15:10:22[0m             110,000 rows | 908 rows/sec | 121s elapsed | ETA 429s
[90m15:10:25[0m     2026-01-29 to 2026-02-12: 119,548 rows
[90m15:10:25[0m     Processing 2026-02-12 to 2026-02-26...
[90m15:10:25[0m   Querying MSSQL (this may take a while for large tables)...
[90m15:10:32[0m   MSSQL query returned in 7.6s - starting load...
[90m15:10:35[0m              10,000 rows | 75 rows/sec | 134s elapsed | ETA 6559s
[90m15:10:37[0m              20,000 rows | 147 rows/sec | 136s elapsed | ETA 3270s
[90m15:10:40[0m              30,000 rows | 216 rows/sec | 139s elapsed | ETA 2171s
[90m15:10:42[0m              40,000 rows | 284 rows/sec | 141s elapsed | ETA 1620s
[90m15:10:44[0m              50,000 rows | 349 rows/sec | 143s elapsed | ETA 1288s
[90m15:10:47[0m              60,000 rows | 412 rows/sec | 145s elapsed | ETA 1067s
[90m15:10:49[0m              70,000 rows | 474 rows/sec | 148s elapsed | ETA 908s
[90m15:10:51[0m              80,000 rows | 533 rows/sec | 150s elapsed | ETA 788s
[90m15:10:54[0m              90,000 rows | 590 rows/sec | 152s elapsed | ETA 694s
[90m15:10:56[0m             100,000 rows | 646 rows/sec | 155s elapsed | ETA 619s
[90m15:10:58[0m             110,000 rows | 701 rows/sec | 157s elapsed | ETA 557s
[90m15:11:00[0m             120,000 rows | 753 rows/sec | 159s elapsed | ETA 504s
[90m15:11:01[0m     2026-02-12 to 2026-02-26: 121,670 rows
[90m15:11:01[0m     Processing 2026-02-26 to 2026-02-28...
[90m15:11:01[0m   Querying MSSQL (this may take a while for large tables)...
[90m15:11:03[0m   MSSQL query returned in 1.2s - starting load...
[90m15:11:05[0m              10,000 rows | 61 rows/sec | 164s elapsed | ETA 8053s
[90m15:11:07[0m     2026-02-26 to 2026-02-28: 17,116 rows
[90m15:11:07[0m   [OK] 498,322 rows in 166.2s (2,999 rows/sec)
[90m15:11:07[0m        Progress: 11/16 steps | Est. remaining: 9.6 min
--- Logging error ---
Traceback (most recent call last):
  File "C:\Users\vishwa\AppData\Local\Programs\Python\Python314\Lib\logging\__init__.py", line 1154, in emit
    stream.write(msg + self.terminator)
    ~~~~~~~~~~~~^^^^^^^^^^^^^^^^^^^^^^^
  File "C:\Users\vishwa\AppData\Local\Programs\Python\Python314\Lib\encodings\cp1252.py", line 19, in encode
    return codecs.charmap_encode(input,self.errors,encoding_table)[0]
           ~~~~~~~~~~~~~~~~~~~~~^^^^^^^^^^^^^^^^^^^^^^^^^^^^^^^^^^
UnicodeEncodeError: 'charmap' codec can't encode characters in position 20-69: character maps to <undefined>
Call stack:
  File "D:\vishwa\nfpc_winit\etl\extract.py", line 1345, in <module>
    main()
  File "D:\vishwa\nfpc_winit\etl\extract.py", line 1307, in main
    loader_fn(ms_conn, pg_conn)
  File "D:\vishwa\nfpc_winit\etl\extract.py", line 975, in load_eot
    progress.start_step('rpt_eot', expected_rows=80_000)
  File "D:\vishwa\nfpc_winit\etl\extract.py", line 102, in start_step
    log(f"\n{'\u2500' * 50}")
Message: '\n\u2500\u2500\u2500\u2500\u2500\u2500\u2500\u2500\u2500\u2500\u2500\u2500\u2500\u2500\u2500\u2500\u2500\u2500\u2500\u2500\u2500\u2500\u2500\u2500\u2500\u2500\u2500\u2500\u2500\u2500\u2500\u2500\u2500\u2500\u2500\u2500\u2500\u2500\u2500\u2500\u2500\u2500\u2500\u2500\u2500\u2500\u2500\u2500\u2500\u2500'
Arguments: ()
--- Logging error ---
Traceback (most recent call last):
  File "C:\Users\vishwa\AppData\Local\Programs\Python\Python314\Lib\logging\__init__.py", line 1154, in emit
    stream.write(msg + self.terminator)
    ~~~~~~~~~~~~^^^^^^^^^^^^^^^^^^^^^^^
  File "C:\Users\vishwa\AppData\Local\Programs\Python\Python314\Lib\encodings\cp1252.py", line 19, in encode
    return codecs.charmap_encode(input,self.errors,encoding_table)[0]
           ~~~~~~~~~~~~~~~~~~~~~^^^^^^^^^^^^^^^^^^^^^^^^^^^^^^^^^^
UnicodeEncodeError: 'charmap' codec can't encode characters in position 37-56: character maps to <undefined>
Call stack:
  File "D:\vishwa\nfpc_winit\etl\extract.py", line 1345, in <module>
    main()
  File "D:\vishwa\nfpc_winit\etl\extract.py", line 1307, in main
    loader_fn(ms_conn, pg_conn)
  File "D:\vishwa\nfpc_winit\etl\extract.py", line 975, in load_eot
    progress.start_step('rpt_eot', expected_rows=80_000)
  File "D:\vishwa\nfpc_winit\etl\extract.py", line 103, in start_step
    log(f"  [{self.completed + 1}/{self.total_steps}] {name} {bar}")
Message: '  [12/16] rpt_eot [\u2588\u2588\u2588\u2588\u2588\u2588\u2588\u2588\u2588\u2588\u2588\u2588\u2588\u2591\u2591\u2591\u2591\u2591\u2591\u2591] 69%'
Arguments: ()
[90m15:11:07[0m        Expected: ~80,000 rows
[90m15:11:08[0m   Querying MSSQL (this may take a while for large tables)...
[90m15:11:17[0m   MSSQL query returned in 8.0s - starting load...
[90m15:17:10[0m              10,000 rows | 28 rows/sec | 363s elapsed | ETA 2538s
[90m15:21:59[0m   [OK] 18,151 rows in 651.5s (28 rows/sec)
[90m15:21:59[0m        Progress: 12/16 steps | Est. remaining: 10.7 min
--- Logging error ---
Traceback (most recent call last):
  File "C:\Users\vishwa\AppData\Local\Programs\Python\Python314\Lib\logging\__init__.py", line 1154, in emit
    stream.write(msg + self.terminator)
    ~~~~~~~~~~~~^^^^^^^^^^^^^^^^^^^^^^^
  File "C:\Users\vishwa\AppData\Local\Programs\Python\Python314\Lib\encodings\cp1252.py", line 19, in encode
    return codecs.charmap_encode(input,self.errors,encoding_table)[0]
           ~~~~~~~~~~~~~~~~~~~~~^^^^^^^^^^^^^^^^^^^^^^^^^^^^^^^^^^
UnicodeEncodeError: 'charmap' codec can't encode characters in position 20-69: character maps to <undefined>
Call stack:
  File "D:\vishwa\nfpc_winit\etl\extract.py", line 1345, in <module>
    main()
  File "D:\vishwa\nfpc_winit\etl\extract.py", line 1307, in main
    loader_fn(ms_conn, pg_conn)
  File "D:\vishwa\nfpc_winit\etl\extract.py", line 742, in load_journeys
    progress.start_step('rpt_journeys', expected_rows=80_000)
  File "D:\vishwa\nfpc_winit\etl\extract.py", line 102, in start_step
    log(f"\n{'\u2500' * 50}")
Message: '\n\u2500\u2500\u2500\u2500\u2500\u2500\u2500\u2500\u2500\u2500\u2500\u2500\u2500\u2500\u2500\u2500\u2500\u2500\u2500\u2500\u2500\u2500\u2500\u2500\u2500\u2500\u2500\u2500\u2500\u2500\u2500\u2500\u2500\u2500\u2500\u2500\u2500\u2500\u2500\u2500\u2500\u2500\u2500\u2500\u2500\u2500\u2500\u2500\u2500\u2500'
Arguments: ()
--- Logging error ---
Traceback (most recent call last):
  File "C:\Users\vishwa\AppData\Local\Programs\Python\Python314\Lib\logging\__init__.py", line 1154, in emit
    stream.write(msg + self.terminator)
    ~~~~~~~~~~~~^^^^^^^^^^^^^^^^^^^^^^^
  File "C:\Users\vishwa\AppData\Local\Programs\Python\Python314\Lib\encodings\cp1252.py", line 19, in encode
    return codecs.charmap_encode(input,self.errors,encoding_table)[0]
           ~~~~~~~~~~~~~~~~~~~~~^^^^^^^^^^^^^^^^^^^^^^^^^^^^^^^^^^
UnicodeEncodeError: 'charmap' codec can't encode characters in position 42-61: character maps to <undefined>
Call stack:
  File "D:\vishwa\nfpc_winit\etl\extract.py", line 1345, in <module>
    main()
  File "D:\vishwa\nfpc_winit\etl\extract.py", line 1307, in main
    loader_fn(ms_conn, pg_conn)
  File "D:\vishwa\nfpc_winit\etl\extract.py", line 742, in load_journeys
    progress.start_step('rpt_journeys', expected_rows=80_000)
  File "D:\vishwa\nfpc_winit\etl\extract.py", line 103, in start_step
    log(f"  [{self.completed + 1}/{self.total_steps}] {name} {bar}")
Message: '  [13/16] rpt_journeys [\u2588\u2588\u2588\u2588\u2588\u2588\u2588\u2588\u2588\u2588\u2588\u2588\u2588\u2588\u2588\u2591\u2591\u2591\u2591\u2591] 75%'
Arguments: ()
[90m15:21:59[0m        Expected: ~80,000 rows
[90m15:22:00[0m   Querying MSSQL (this may take a while for large tables)...
[90m15:22:00[0m   MSSQL query returned in 0.1s - starting load...
[90m15:22:04[0m              10,000 rows | 1,946 rows/sec | 5s elapsed | ETA 36s
[90m15:22:06[0m   [OK] 17,701 rows in 7.1s (2,485 rows/sec)
[90m15:22:06[0m        Progress: 13/16 steps | Est. remaining: 7.4 min
--- Logging error ---
Traceback (most recent call last):
  File "C:\Users\vishwa\AppData\Local\Programs\Python\Python314\Lib\logging\__init__.py", line 1154, in emit
    stream.write(msg + self.terminator)
    ~~~~~~~~~~~~^^^^^^^^^^^^^^^^^^^^^^^
  File "C:\Users\vishwa\AppData\Local\Programs\Python\Python314\Lib\encodings\cp1252.py", line 19, in encode
    return codecs.charmap_encode(input,self.errors,encoding_table)[0]
           ~~~~~~~~~~~~~~~~~~~~~^^^^^^^^^^^^^^^^^^^^^^^^^^^^^^^^^^
UnicodeEncodeError: 'charmap' codec can't encode characters in position 20-69: character maps to <undefined>
Call stack:
  File "D:\vishwa\nfpc_winit\etl\extract.py", line 1345, in <module>
    main()
  File "D:\vishwa\nfpc_winit\etl\extract.py", line 1307, in main
    loader_fn(ms_conn, pg_conn)
  File "D:\vishwa\nfpc_winit\etl\extract.py", line 667, in load_collections
    progress.start_step('rpt_collections', expected_rows=1_500_000)
  File "D:\vishwa\nfpc_winit\etl\extract.py", line 102, in start_step
    log(f"\n{'\u2500' * 50}")
Message: '\n\u2500\u2500\u2500\u2500\u2500\u2500\u2500\u2500\u2500\u2500\u2500\u2500\u2500\u2500\u2500\u2500\u2500\u2500\u2500\u2500\u2500\u2500\u2500\u2500\u2500\u2500\u2500\u2500\u2500\u2500\u2500\u2500\u2500\u2500\u2500\u2500\u2500\u2500\u2500\u2500\u2500\u2500\u2500\u2500\u2500\u2500\u2500\u2500\u2500\u2500'
Arguments: ()
--- Logging error ---
Traceback (most recent call last):
  File "C:\Users\vishwa\AppData\Local\Programs\Python\Python314\Lib\logging\__init__.py", line 1154, in emit
    stream.write(msg + self.terminator)
    ~~~~~~~~~~~~^^^^^^^^^^^^^^^^^^^^^^^
  File "C:\Users\vishwa\AppData\Local\Programs\Python\Python314\Lib\encodings\cp1252.py", line 19, in encode
    return codecs.charmap_encode(input,self.errors,encoding_table)[0]
           ~~~~~~~~~~~~~~~~~~~~~^^^^^^^^^^^^^^^^^^^^^^^^^^^^^^^^^^
UnicodeEncodeError: 'charmap' codec can't encode characters in position 45-64: character maps to <undefined>
Call stack:
  File "D:\vishwa\nfpc_winit\etl\extract.py", line 1345, in <module>
    main()
  File "D:\vishwa\nfpc_winit\etl\extract.py", line 1307, in main
    loader_fn(ms_conn, pg_conn)
  File "D:\vishwa\nfpc_winit\etl\extract.py", line 667, in load_collections
    progress.start_step('rpt_collections', expected_rows=1_500_000)
  File "D:\vishwa\nfpc_winit\etl\extract.py", line 103, in start_step
    log(f"  [{self.completed + 1}/{self.total_steps}] {name} {bar}")
Message: '  [14/16] rpt_collections [\u2588\u2588\u2588\u2588\u2588\u2588\u2588\u2588\u2588\u2588\u2588\u2588\u2588\u2588\u2588\u2588\u2591\u2591\u2591\u2591] 81%'
Arguments: ()
[90m15:22:06[0m        Expected: ~1,500,000 rows
[90m15:22:07[0m   Querying MSSQL (this may take a while for large tables)...
[90m15:22:34[0m   MSSQL query returned in 26.9s - starting load...
[90m15:22:50[0m              50,000 rows | 1,141 rows/sec | 44s elapsed | ETA 1270s
[90m15:23:03[0m             100,000 rows | 1,740 rows/sec | 57s elapsed | ETA 805s
[90m15:23:16[0m             150,000 rows | 2,129 rows/sec | 70s elapsed | ETA 634s
[90m15:23:30[0m             200,000 rows | 2,388 rows/sec | 84s elapsed | ETA 544s
[90m15:23:42[0m             250,000 rows | 2,600 rows/sec | 96s elapsed | ETA 481s
[90m15:23:54[0m             300,000 rows | 2,768 rows/sec | 108s elapsed | ETA 434s
[90m15:24:07[0m             350,000 rows | 2,903 rows/sec | 121s elapsed | ETA 396s
[90m15:24:18[0m             400,000 rows | 3,021 rows/sec | 132s elapsed | ETA 364s
[90m15:24:31[0m             450,000 rows | 3,109 rows/sec | 145s elapsed | ETA 338s
[90m15:24:43[0m             500,000 rows | 3,179 rows/sec | 157s elapsed | ETA 315s
[90m15:24:56[0m             550,000 rows | 3,235 rows/sec | 170s elapsed | ETA 294s
[90m15:25:08[0m             600,000 rows | 3,290 rows/sec | 182s elapsed | ETA 274s
[90m15:25:21[0m             650,000 rows | 3,341 rows/sec | 195s elapsed | ETA 254s
[90m15:25:24[0m   [OK] 663,575 rows in 198.3s (3,347 rows/sec)
[90m15:25:24[0m        Progress: 14/16 steps | Est. remaining: 5.1 min
--- Logging error ---
Traceback (most recent call last):
  File "C:\Users\vishwa\AppData\Local\Programs\Python\Python314\Lib\logging\__init__.py", line 1154, in emit
    stream.write(msg + self.terminator)
    ~~~~~~~~~~~~^^^^^^^^^^^^^^^^^^^^^^^
  File "C:\Users\vishwa\AppData\Local\Programs\Python\Python314\Lib\encodings\cp1252.py", line 19, in encode
    return codecs.charmap_encode(input,self.errors,encoding_table)[0]
           ~~~~~~~~~~~~~~~~~~~~~^^^^^^^^^^^^^^^^^^^^^^^^^^^^^^^^^^
UnicodeEncodeError: 'charmap' codec can't encode characters in position 20-69: character maps to <undefined>
Call stack:
  File "D:\vishwa\nfpc_winit\etl\extract.py", line 1345, in <module>
    main()
  File "D:\vishwa\nfpc_winit\etl\extract.py", line 1307, in main
    loader_fn(ms_conn, pg_conn)
  File "D:\vishwa\nfpc_winit\etl\extract.py", line 699, in load_customer_visits
    progress.start_step('rpt_customer_visits', expected_rows=3_000_000)
  File "D:\vishwa\nfpc_winit\etl\extract.py", line 102, in start_step
    log(f"\n{'\u2500' * 50}")
Message: '\n\u2500\u2500\u2500\u2500\u2500\u2500\u2500\u2500\u2500\u2500\u2500\u2500\u2500\u2500\u2500\u2500\u2500\u2500\u2500\u2500\u2500\u2500\u2500\u2500\u2500\u2500\u2500\u2500\u2500\u2500\u2500\u2500\u2500\u2500\u2500\u2500\u2500\u2500\u2500\u2500\u2500\u2500\u2500\u2500\u2500\u2500\u2500\u2500\u2500\u2500'
Arguments: ()
--- Logging error ---
Traceback (most recent call last):
  File "C:\Users\vishwa\AppData\Local\Programs\Python\Python314\Lib\logging\__init__.py", line 1154, in emit
    stream.write(msg + self.terminator)
    ~~~~~~~~~~~~^^^^^^^^^^^^^^^^^^^^^^^
  File "C:\Users\vishwa\AppData\Local\Programs\Python\Python314\Lib\encodings\cp1252.py", line 19, in encode
    return codecs.charmap_encode(input,self.errors,encoding_table)[0]
           ~~~~~~~~~~~~~~~~~~~~~^^^^^^^^^^^^^^^^^^^^^^^^^^^^^^^^^^
UnicodeEncodeError: 'charmap' codec can't encode characters in position 49-68: character maps to <undefined>
Call stack:
  File "D:\vishwa\nfpc_winit\etl\extract.py", line 1345, in <module>
    main()
  File "D:\vishwa\nfpc_winit\etl\extract.py", line 1307, in main
    loader_fn(ms_conn, pg_conn)
  File "D:\vishwa\nfpc_winit\etl\extract.py", line 699, in load_customer_visits
    progress.start_step('rpt_customer_visits', expected_rows=3_000_000)
  File "D:\vishwa\nfpc_winit\etl\extract.py", line 103, in start_step
    log(f"  [{self.completed + 1}/{self.total_steps}] {name} {bar}")
Message: '  [15/16] rpt_customer_visits [\u2588\u2588\u2588\u2588\u2588\u2588\u2588\u2588\u2588\u2588\u2588\u2588\u2588\u2588\u2588\u2588\u2588\u2591\u2591\u2591] 88%'
Arguments: ()
[90m15:25:24[0m        Expected: ~3,000,000 rows
[90m15:25:25[0m   Querying MSSQL (this may take a while for large tables)...
[90m15:25:25[0m   MSSQL query returned in 0.2s - starting load...
[90m15:25:48[0m              50,000 rows | 2,079 rows/sec | 24s elapsed | ETA 1419s
[90m15:26:08[0m             100,000 rows | 2,268 rows/sec | 44s elapsed | ETA 1279s
[90m15:26:28[0m             150,000 rows | 2,365 rows/sec | 63s elapsed | ETA 1205s
[90m15:26:46[0m             200,000 rows | 2,444 rows/sec | 82s elapsed | ETA 1146s
[90m15:27:04[0m             250,000 rows | 2,493 rows/sec | 100s elapsed | ETA 1103s
[90m15:27:23[0m             300,000 rows | 2,536 rows/sec | 118s elapsed | ETA 1065s
[90m15:27:40[0m             350,000 rows | 2,575 rows/sec | 136s elapsed | ETA 1029s
[90m15:27:58[0m             400,000 rows | 2,608 rows/sec | 153s elapsed | ETA 997s
[90m15:28:16[0m             450,000 rows | 2,614 rows/sec | 172s elapsed | ETA 975s
[90m15:28:34[0m             500,000 rows | 2,629 rows/sec | 190s elapsed | ETA 951s
[90m15:28:52[0m             550,000 rows | 2,651 rows/sec | 208s elapsed | ETA 924s
[90m15:29:09[0m             600,000 rows | 2,672 rows/sec | 225s elapsed | ETA 898s
[90m15:29:27[0m             650,000 rows | 2,680 rows/sec | 243s elapsed | ETA 877s
[90m15:29:44[0m             700,000 rows | 2,690 rows/sec | 260s elapsed | ETA 855s
[90m15:29:50[0m   [OK] 713,641 rows in 265.4s (2,689 rows/sec)
[90m15:29:50[0m        Progress: 15/16 steps | Est. remaining: 2.7 min
--- Logging error ---
Traceback (most recent call last):
  File "C:\Users\vishwa\AppData\Local\Programs\Python\Python314\Lib\logging\__init__.py", line 1154, in emit
    stream.write(msg + self.terminator)
    ~~~~~~~~~~~~^^^^^^^^^^^^^^^^^^^^^^^
  File "C:\Users\vishwa\AppData\Local\Programs\Python\Python314\Lib\encodings\cp1252.py", line 19, in encode
    return codecs.charmap_encode(input,self.errors,encoding_table)[0]
           ~~~~~~~~~~~~~~~~~~~~~^^^^^^^^^^^^^^^^^^^^^^^^^^^^^^^^^^
UnicodeEncodeError: 'charmap' codec can't encode characters in position 20-69: character maps to <undefined>
Call stack:
  File "D:\vishwa\nfpc_winit\etl\extract.py", line 1345, in <module>
    main()
  File "D:\vishwa\nfpc_winit\etl\extract.py", line 1307, in main
    loader_fn(ms_conn, pg_conn)
  File "D:\vishwa\nfpc_winit\etl\extract.py", line 1014, in load_journey_plan
    progress.start_step('rpt_journey_plan', expected_rows=2_000_000)
  File "D:\vishwa\nfpc_winit\etl\extract.py", line 102, in start_step
    log(f"\n{'\u2500' * 50}")
Message: '\n\u2500\u2500\u2500\u2500\u2500\u2500\u2500\u2500\u2500\u2500\u2500\u2500\u2500\u2500\u2500\u2500\u2500\u2500\u2500\u2500\u2500\u2500\u2500\u2500\u2500\u2500\u2500\u2500\u2500\u2500\u2500\u2500\u2500\u2500\u2500\u2500\u2500\u2500\u2500\u2500\u2500\u2500\u2500\u2500\u2500\u2500\u2500\u2500\u2500\u2500'
Arguments: ()
--- Logging error ---
Traceback (most recent call last):
  File "C:\Users\vishwa\AppData\Local\Programs\Python\Python314\Lib\logging\__init__.py", line 1154, in emit
    stream.write(msg + self.terminator)
    ~~~~~~~~~~~~^^^^^^^^^^^^^^^^^^^^^^^
  File "C:\Users\vishwa\AppData\Local\Programs\Python\Python314\Lib\encodings\cp1252.py", line 19, in encode
    return codecs.charmap_encode(input,self.errors,encoding_table)[0]
           ~~~~~~~~~~~~~~~~~~~~~^^^^^^^^^^^^^^^^^^^^^^^^^^^^^^^^^^
UnicodeEncodeError: 'charmap' codec can't encode characters in position 46-65: character maps to <undefined>
Call stack:
  File "D:\vishwa\nfpc_winit\etl\extract.py", line 1345, in <module>
    main()
  File "D:\vishwa\nfpc_winit\etl\extract.py", line 1307, in main
    loader_fn(ms_conn, pg_conn)
  File "D:\vishwa\nfpc_winit\etl\extract.py", line 1014, in load_journey_plan
    progress.start_step('rpt_journey_plan', expected_rows=2_000_000)
  File "D:\vishwa\nfpc_winit\etl\extract.py", line 103, in start_step
    log(f"  [{self.completed + 1}/{self.total_steps}] {name} {bar}")
Message: '  [16/16] rpt_journey_plan [\u2588\u2588\u2588\u2588\u2588\u2588\u2588\u2588\u2588\u2588\u2588\u2588\u2588\u2588\u2588\u2588\u2588\u2588\u2591\u2591] 94%'
Arguments: ()
[90m15:29:50[0m        Expected: ~2,000,000 rows
[90m15:29:50[0m   Querying MSSQL (this may take a while for large tables)...
[90m15:29:57[0m   MSSQL query returned in 6.8s - starting load...
[90m15:30:06[0m              50,000 rows | 3,014 rows/sec | 17s elapsed | ETA 647s
[90m15:30:12[0m             100,000 rows | 4,423 rows/sec | 23s elapsed | ETA 430s
[90m15:30:25[0m             150,000 rows | 4,275 rows/sec | 35s elapsed | ETA 433s
[90m15:30:31[0m             200,000 rows | 4,852 rows/sec | 41s elapsed | ETA 371s
[90m15:30:41[0m             250,000 rows | 4,874 rows/sec | 51s elapsed | ETA 359s
[90m15:30:47[0m             300,000 rows | 5,236 rows/sec | 57s elapsed | ETA 325s
[90m15:31:07[0m             350,000 rows | 4,523 rows/sec | 77s elapsed | ETA 365s
[90m15:31:13[0m             400,000 rows | 4,799 rows/sec | 83s elapsed | ETA 333s
[90m15:31:19[0m             450,000 rows | 5,036 rows/sec | 89s elapsed | ETA 308s
[90m15:31:25[0m             500,000 rows | 5,243 rows/sec | 95s elapsed | ETA 286s
[90m15:31:31[0m             550,000 rows | 5,433 rows/sec | 101s elapsed | ETA 267s
[90m15:31:37[0m             600,000 rows | 5,584 rows/sec | 107s elapsed | ETA 251s
[90m15:31:43[0m             650,000 rows | 5,738 rows/sec | 113s elapsed | ETA 235s
[90m15:31:49[0m             700,000 rows | 5,876 rows/sec | 119s elapsed | ETA 221s
[90m15:31:50[0m   [OK] 701,105 rows in 119.9s (5,847 rows/sec)
--- Logging error ---
Traceback (most recent call last):
  File "C:\Users\vishwa\AppData\Local\Programs\Python\Python314\Lib\logging\__init__.py", line 1154, in emit
    stream.write(msg + self.terminator)
    ~~~~~~~~~~~~^^^^^^^^^^^^^^^^^^^^^^^
  File "C:\Users\vishwa\AppData\Local\Programs\Python\Python314\Lib\encodings\cp1252.py", line 19, in encode
    return codecs.charmap_encode(input,self.errors,encoding_table)[0]
           ~~~~~~~~~~~~~~~~~~~~~^^^^^^^^^^^^^^^^^^^^^^^^^^^^^^^^^^
UnicodeEncodeError: 'charmap' codec can't encode characters in position 20-69: character maps to <undefined>
Call stack:
  File "D:\vishwa\nfpc_winit\etl\extract.py", line 1345, in <module>
    main()
  File "D:\vishwa\nfpc_winit\etl\extract.py", line 1307, in main
    loader_fn(ms_conn, pg_conn)
  File "D:\vishwa\nfpc_winit\etl\extract.py", line 874, in load_outstanding
    progress.start_step('rpt_outstanding', expected_rows=5_000_000)
  File "D:\vishwa\nfpc_winit\etl\extract.py", line 102, in start_step
    log(f"\n{'\u2500' * 50}")
Message: '\n\u2500\u2500\u2500\u2500\u2500\u2500\u2500\u2500\u2500\u2500\u2500\u2500\u2500\u2500\u2500\u2500\u2500\u2500\u2500\u2500\u2500\u2500\u2500\u2500\u2500\u2500\u2500\u2500\u2500\u2500\u2500\u2500\u2500\u2500\u2500\u2500\u2500\u2500\u2500\u2500\u2500\u2500\u2500\u2500\u2500\u2500\u2500\u2500\u2500\u2500'
Arguments: ()
--- Logging error ---
Traceback (most recent call last):
  File "C:\Users\vishwa\AppData\Local\Programs\Python\Python314\Lib\logging\__init__.py", line 1154, in emit
    stream.write(msg + self.terminator)
    ~~~~~~~~~~~~^^^^^^^^^^^^^^^^^^^^^^^
  File "C:\Users\vishwa\AppData\Local\Programs\Python\Python314\Lib\encodings\cp1252.py", line 19, in encode
    return codecs.charmap_encode(input,self.errors,encoding_table)[0]
           ~~~~~~~~~~~~~~~~~~~~~^^^^^^^^^^^^^^^^^^^^^^^^^^^^^^^^^^
UnicodeEncodeError: 'charmap' codec can't encode characters in position 45-64: character maps to <undefined>
Call stack:
  File "D:\vishwa\nfpc_winit\etl\extract.py", line 1345, in <module>
    main()
  File "D:\vishwa\nfpc_winit\etl\extract.py", line 1307, in main
    loader_fn(ms_conn, pg_conn)
  File "D:\vishwa\nfpc_winit\etl\extract.py", line 874, in load_outstanding
    progress.start_step('rpt_outstanding', expected_rows=5_000_000)
  File "D:\vishwa\nfpc_winit\etl\extract.py", line 103, in start_step
    log(f"  [{self.completed + 1}/{self.total_steps}] {name} {bar}")
Message: '  [17/16] rpt_outstanding [\u2588\u2588\u2588\u2588\u2588\u2588\u2588\u2588\u2588\u2588\u2588\u2588\u2588\u2588\u2588\u2588\u2588\u2588\u2588\u2588] 100%'
Arguments: ()
[90m15:31:50[0m        Expected: ~5,000,000 rows
[90m15:31:58[0m   Querying MSSQL (this may take a while for large tables)...
[90m15:32:19[0m   MSSQL query returned - starting load with Python date conversion...
[90m15:33:41[0m              50,000 rows | 448 rows/sec | 112s elapsed | ETA 11039s
[90m15:33:57[0m             100,000 rows | 782 rows/sec | 128s elapsed | ETA 6266s
[90m15:34:13[0m             150,000 rows | 1,042 rows/sec | 144s elapsed | ETA 4653s
[90m15:34:29[0m             200,000 rows | 1,256 rows/sec | 159s elapsed | ETA 3823s
[90m15:34:44[0m             250,000 rows | 1,435 rows/sec | 174s elapsed | ETA 3310s
[90m15:34:59[0m             300,000 rows | 1,587 rows/sec | 189s elapsed | ETA 2961s
[90m15:35:13[0m             350,000 rows | 1,720 rows/sec | 204s elapsed | ETA 2704s
[90m15:35:27[0m             400,000 rows | 1,838 rows/sec | 218s elapsed | ETA 2502s
[90m15:35:41[0m             450,000 rows | 1,943 rows/sec | 232s elapsed | ETA 2341s
[90m15:35:55[0m             500,000 rows | 2,034 rows/sec | 246s elapsed | ETA 2212s
[90m15:36:09[0m             550,000 rows | 2,121 rows/sec | 259s elapsed | ETA 2098s
[90m15:36:22[0m             600,000 rows | 2,204 rows/sec | 272s elapsed | ETA 1996s
[90m15:36:35[0m             650,000 rows | 2,279 rows/sec | 285s elapsed | ETA 1908s
[90m15:36:47[0m             700,000 rows | 2,350 rows/sec | 298s elapsed | ETA 1830s
[90m15:37:00[0m             750,000 rows | 2,417 rows/sec | 310s elapsed | ETA 1759s
[90m15:37:12[0m             800,000 rows | 2,481 rows/sec | 322s elapsed | ETA 1693s
[90m15:37:14[0m   [OK] 808,279 rows in 324.9s (2,488 rows/sec)
--- Logging error ---
Traceback (most recent call last):
  File "C:\Users\vishwa\AppData\Local\Programs\Python\Python314\Lib\logging\__init__.py", line 1154, in emit
    stream.write(msg + self.terminator)
    ~~~~~~~~~~~~^^^^^^^^^^^^^^^^^^^^^^^
  File "C:\Users\vishwa\AppData\Local\Programs\Python\Python314\Lib\encodings\cp1252.py", line 19, in encode
    return codecs.charmap_encode(input,self.errors,encoding_table)[0]
           ~~~~~~~~~~~~~~~~~~~~~^^^^^^^^^^^^^^^^^^^^^^^^^^^^^^^^^^
UnicodeEncodeError: 'charmap' codec can't encode characters in position 20-69: character maps to <undefined>
Call stack:
  File "D:\vishwa\nfpc_winit\etl\extract.py", line 1345, in <module>
    main()
  File "D:\vishwa\nfpc_winit\etl\extract.py", line 1307, in main
    loader_fn(ms_conn, pg_conn)
  File "D:\vishwa\nfpc_winit\etl\extract.py", line 592, in load_daily_sales_summary
    progress.start_step('rpt_daily_sales_summary', expected_rows=5_000_000)
  File "D:\vishwa\nfpc_winit\etl\extract.py", line 102, in start_step
    log(f"\n{'\u2500' * 50}")
Message: '\n\u2500\u2500\u2500\u2500\u2500\u2500\u2500\u2500\u2500\u2500\u2500\u2500\u2500\u2500\u2500\u2500\u2500\u2500\u2500\u2500\u2500\u2500\u2500\u2500\u2500\u2500\u2500\u2500\u2500\u2500\u2500\u2500\u2500\u2500\u2500\u2500\u2500\u2500\u2500\u2500\u2500\u2500\u2500\u2500\u2500\u2500\u2500\u2500\u2500\u2500'
Arguments: ()
--- Logging error ---
Traceback (most recent call last):
  File "C:\Users\vishwa\AppData\Local\Programs\Python\Python314\Lib\logging\__init__.py", line 1154, in emit
    stream.write(msg + self.terminator)
    ~~~~~~~~~~~~^^^^^^^^^^^^^^^^^^^^^^^
  File "C:\Users\vishwa\AppData\Local\Programs\Python\Python314\Lib\encodings\cp1252.py", line 19, in encode
    return codecs.charmap_encode(input,self.errors,encoding_table)[0]
           ~~~~~~~~~~~~~~~~~~~~~^^^^^^^^^^^^^^^^^^^^^^^^^^^^^^^^^^
UnicodeEncodeError: 'charmap' codec can't encode characters in position 53-73: character maps to <undefined>
Call stack:
  File "D:\vishwa\nfpc_winit\etl\extract.py", line 1345, in <module>
    main()
  File "D:\vishwa\nfpc_winit\etl\extract.py", line 1307, in main
    loader_fn(ms_conn, pg_conn)
  File "D:\vishwa\nfpc_winit\etl\extract.py", line 592, in load_daily_sales_summary
    progress.start_step('rpt_daily_sales_summary', expected_rows=5_000_000)
  File "D:\vishwa\nfpc_winit\etl\extract.py", line 103, in start_step
    log(f"  [{self.completed + 1}/{self.total_steps}] {name} {bar}")
Message: '  [18/16] rpt_daily_sales_summary [\u2588\u2588\u2588\u2588\u2588\u2588\u2588\u2588\u2588\u2588\u2588\u2588\u2588\u2588\u2588\u2588\u2588\u2588\u2588\u2588\u2588] 106%'
Arguments: ()
[90m15:37:14[0m        Expected: ~5,000,000 rows
[90m15:37:17[0m     Processing 2026-01-01 to 2026-02-01...
[90m15:37:17[0m   Querying MSSQL (this may take a while for large tables)...
