--- Logging error ---
Traceback (most recent call last):
  File "C:\Users\vishwa\AppData\Local\Programs\Python\Python314\Lib\logging\__init__.py", line 1154, in emit
    stream.write(msg + self.terminator)
    ~~~~~~~~~~~~^^^^^^^^^^^^^^^^^^^^^^^
  File "C:\Users\vishwa\AppData\Local\Programs\Python\Python314\Lib\encodings\cp1252.py", line 19, in encode
    return codecs.charmap_encode(input,self.errors,encoding_table)[0]
           ~~~~~~~~~~~~~~~~~~~~~^^^^^^^^^^^^^^^^^^^^^^^^^^^^^^^^^^
UnicodeEncodeError: 'charmap' codec can't encode characters in position 18-77: character maps to <undefined>
Call stack:
  File "D:\vishwa\nfpc_winit\etl\extract.py", line 1345, in <module>
    main()
  File "D:\vishwa\nfpc_winit\etl\extract.py", line 1232, in main
    log(f"{'\u2550' * 60}")
Message: '\u2550\u2550\u2550\u2550\u2550\u2550\u2550\u2550\u2550\u2550\u2550\u2550\u2550\u2550\u2550\u2550\u2550\u2550\u2550\u2550\u2550\u2550\u2550\u2550\u2550\u2550\u2550\u2550\u2550\u2550\u2550\u2550\u2550\u2550\u2550\u2550\u2550\u2550\u2550\u2550\u2550\u2550\u2550\u2550\u2550\u2550\u2550\u2550\u2550\u2550\u2550\u2550\u2550\u2550\u2550\u2550\u2550\u2550\u2550\u2550'
Arguments: ()
[90m16:06:48[0m   NFPC Reports ETL
[90m16:06:48[0m   Date range: 2026-01-01 to 2026-02-28
[90m16:06:48[0m   Mode: sequential
[90m16:06:48[0m   Log file:   D:\vishwa\nfpc_winit\etl\logs\etl_20260330_160648.log
--- Logging error ---
Traceback (most recent call last):
  File "C:\Users\vishwa\AppData\Local\Programs\Python\Python314\Lib\logging\__init__.py", line 1154, in emit
    stream.write(msg + self.terminator)
    ~~~~~~~~~~~~^^^^^^^^^^^^^^^^^^^^^^^
  File "C:\Users\vishwa\AppData\Local\Programs\Python\Python314\Lib\encodings\cp1252.py", line 19, in encode
    return codecs.charmap_encode(input,self.errors,encoding_table)[0]
           ~~~~~~~~~~~~~~~~~~~~~^^^^^^^^^^^^^^^^^^^^^^^^^^^^^^^^^^
UnicodeEncodeError: 'charmap' codec can't encode characters in position 18-77: character maps to <undefined>
Call stack:
  File "D:\vishwa\nfpc_winit\etl\extract.py", line 1345, in <module>
    main()
  File "D:\vishwa\nfpc_winit\etl\extract.py", line 1237, in main
    log(f"{'\u2550' * 60}")
Message: '\u2550\u2550\u2550\u2550\u2550\u2550\u2550\u2550\u2550\u2550\u2550\u2550\u2550\u2550\u2550\u2550\u2550\u2550\u2550\u2550\u2550\u2550\u2550\u2550\u2550\u2550\u2550\u2550\u2550\u2550\u2550\u2550\u2550\u2550\u2550\u2550\u2550\u2550\u2550\u2550\u2550\u2550\u2550\u2550\u2550\u2550\u2550\u2550\u2550\u2550\u2550\u2550\u2550\u2550\u2550\u2550\u2550\u2550\u2550\u2550'
Arguments: ()
[90m16:06:48[0m Connecting to MSSQL...
[90m16:06:48[0m   MSSQL connected
[90m16:06:48[0m Connecting to PostgreSQL...
[90m16:06:50[0m   PostgreSQL connected
--- Logging error ---
Traceback (most recent call last):
  File "C:\Users\vishwa\AppData\Local\Programs\Python\Python314\Lib\logging\__init__.py", line 1154, in emit
    stream.write(msg + self.terminator)
    ~~~~~~~~~~~~^^^^^^^^^^^^^^^^^^^^^^^
  File "C:\Users\vishwa\AppData\Local\Programs\Python\Python314\Lib\encodings\cp1252.py", line 19, in encode
    return codecs.charmap_encode(input,self.errors,encoding_table)[0]
           ~~~~~~~~~~~~~~~~~~~~~^^^^^^^^^^^^^^^^^^^^^^^^^^^^^^^^^^
UnicodeEncodeError: 'charmap' codec can't encode characters in position 20-69: character maps to <undefined>
Call stack:
  File "D:\vishwa\nfpc_winit\etl\extract.py", line 1345, in <module>
    main()
  File "D:\vishwa\nfpc_winit\etl\extract.py", line 1307, in main
    loader_fn(ms_conn, pg_conn)
  File "D:\vishwa\nfpc_winit\etl\extract.py", line 506, in load_sales_detail
    progress.start_step('rpt_sales_detail', expected_rows=12_000_000)
  File "D:\vishwa\nfpc_winit\etl\extract.py", line 102, in start_step
    log(f"\n{'\u2500' * 50}")
Message: '\n\u2500\u2500\u2500\u2500\u2500\u2500\u2500\u2500\u2500\u2500\u2500\u2500\u2500\u2500\u2500\u2500\u2500\u2500\u2500\u2500\u2500\u2500\u2500\u2500\u2500\u2500\u2500\u2500\u2500\u2500\u2500\u2500\u2500\u2500\u2500\u2500\u2500\u2500\u2500\u2500\u2500\u2500\u2500\u2500\u2500\u2500\u2500\u2500\u2500\u2500'
Arguments: ()
--- Logging error ---
Traceback (most recent call last):
  File "C:\Users\vishwa\AppData\Local\Programs\Python\Python314\Lib\logging\__init__.py", line 1154, in emit
    stream.write(msg + self.terminator)
    ~~~~~~~~~~~~^^^^^^^^^^^^^^^^^^^^^^^
  File "C:\Users\vishwa\AppData\Local\Programs\Python\Python314\Lib\encodings\cp1252.py", line 19, in encode
    return codecs.charmap_encode(input,self.errors,encoding_table)[0]
           ~~~~~~~~~~~~~~~~~~~~~^^^^^^^^^^^^^^^^^^^^^^^^^^^^^^^^^^
UnicodeEncodeError: 'charmap' codec can't encode characters in position 44-63: character maps to <undefined>
Call stack:
  File "D:\vishwa\nfpc_winit\etl\extract.py", line 1345, in <module>
    main()
  File "D:\vishwa\nfpc_winit\etl\extract.py", line 1307, in main
    loader_fn(ms_conn, pg_conn)
  File "D:\vishwa\nfpc_winit\etl\extract.py", line 506, in load_sales_detail
    progress.start_step('rpt_sales_detail', expected_rows=12_000_000)
  File "D:\vishwa\nfpc_winit\etl\extract.py", line 103, in start_step
    log(f"  [{self.completed + 1}/{self.total_steps}] {name} {bar}")
Message: '  [1/1] rpt_sales_detail [\u2591\u2591\u2591\u2591\u2591\u2591\u2591\u2591\u2591\u2591\u2591\u2591\u2591\u2591\u2591\u2591\u2591\u2591\u2591\u2591] 0%'
Arguments: ()
[90m16:06:50[0m        Expected: ~12,000,000 rows
[90m16:06:51[0m     Processing 2026-01-01 to 2026-01-15...
[90m16:06:51[0m   Querying MSSQL (this may take a while for large tables)...
[90m16:09:28[0m   MSSQL query returned in 157.7s - starting load...
[90m16:09:50[0m              50,000 rows | 278 rows/sec | 180s elapsed | ETA 42981s
[90m16:10:09[0m             100,000 rows | 502 rows/sec | 199s elapsed | ETA 23721s
[90m16:10:28[0m             150,000 rows | 687 rows/sec | 218s elapsed | ETA 17254s
[90m16:10:54[0m             200,000 rows | 819 rows/sec | 244s elapsed | ETA 14411s
[90m16:11:26[0m             250,000 rows | 906 rows/sec | 276s elapsed | ETA 12971s
[90m16:11:57[0m             300,000 rows | 977 rows/sec | 307s elapsed | ETA 11970s
[90m16:12:32[0m             350,000 rows | 1,022 rows/sec | 343s elapsed | ETA 11402s
[90m16:13:11[0m             400,000 rows | 1,048 rows/sec | 382s elapsed | ETA 11067s
[90m16:13:49[0m             450,000 rows | 1,073 rows/sec | 419s elapsed | ETA 10766s
[90m16:14:30[0m             500,000 rows | 1,087 rows/sec | 460s elapsed | ETA 10581s
[90m16:15:05[0m             550,000 rows | 1,110 rows/sec | 495s elapsed | ETA 10313s
[90m16:15:43[0m             600,000 rows | 1,126 rows/sec | 533s elapsed | ETA 10125s
[90m16:16:18[0m             650,000 rows | 1,145 rows/sec | 568s elapsed | ETA 9916s
[90m16:16:59[0m             700,000 rows | 1,150 rows/sec | 609s elapsed | ETA 9826s
[90m16:17:40[0m             750,000 rows | 1,153 rows/sec | 650s elapsed | ETA 9755s
[90m16:18:14[0m             800,000 rows | 1,169 rows/sec | 685s elapsed | ETA 9585s
[90m16:18:57[0m             850,000 rows | 1,170 rows/sec | 727s elapsed | ETA 9534s
[90m16:19:34[0m             900,000 rows | 1,178 rows/sec | 764s elapsed | ETA 9420s
[90m16:20:12[0m             950,000 rows | 1,185 rows/sec | 802s elapsed | ETA 9329s
[90m16:20:49[0m           1,000,000 rows | 1,192 rows/sec | 839s elapsed | ETA 9230s
[90m16:21:17[0m           1,050,000 rows | 1,210 rows/sec | 867s elapsed | ETA 9046s
[90m16:22:44[0m           1,100,000 rows | 1,153 rows/sec | 954s elapsed | ETA 9457s
[90m16:23:20[0m           1,150,000 rows | 1,161 rows/sec | 991s elapsed | ETA 9347s
[90m16:23:52[0m           1,200,000 rows | 1,174 rows/sec | 1022s elapsed | ETA 9201s
[90m16:24:35[0m           1,250,000 rows | 1,173 rows/sec | 1066s elapsed | ETA 9164s
