2026-03-23 20:22:07 [INFO] ════════════════════════════════════════════════════════════
2026-03-23 20:22:07 [INFO]   NFPC Reports ETL
2026-03-23 20:22:07 [INFO]   Date range: 2026-03-01 to 2026-03-24
2026-03-23 20:22:07 [INFO]   Log file:   D:\vishwa\nfpc_winit\etl\logs\etl_20260323_202207.log
2026-03-23 20:22:07 [INFO] ════════════════════════════════════════════════════════════
2026-03-23 20:22:07 [INFO] Connecting to MSSQL...
2026-03-23 20:22:08 [INFO]   MSSQL connected
2026-03-23 20:22:08 [INFO] Connecting to PostgreSQL...
2026-03-23 20:22:09 [INFO]   PostgreSQL connected
2026-03-23 20:22:09 [INFO] 
──────────────────────────────────────────────────
2026-03-23 20:22:09 [INFO]   [1/1] rpt_customer_visits [░░░░░░░░░░░░░░░░░░░░] 0%
2026-03-23 20:22:09 [INFO]        Expected: ~3,000,000 rows
2026-03-23 20:22:10 [DEBUG]   SQL: 
        SELECT CAST(cv.CustomerVisitId AS VARCHAR(50)),
            CAST(cv.Date AS DATE), CAST(cv.TripDate AS DATE),
            cv.UserCode, u.Description, cv.RouteCode, rt.Name,
            COALES...
2026-03-23 20:22:10 [INFO]   Querying MSSQL (this may take a while for large tables)...
2026-03-23 20:22:10 [INFO]   MSSQL query returned in 0.1s - starting load...
2026-03-23 20:22:24 [INFO]              50,000 rows | 3,261 rows/sec | 15s elapsed | ETA 905s
2026-03-23 20:22:33 [INFO]   [OK] 85,539 rows in 24.1s (3,545 rows/sec)
2026-03-23 20:22:33 [INFO] 
════════════════════════════════════════════════════════════
2026-03-23 20:22:33 [INFO]   ETL COMPLETE
2026-03-23 20:22:33 [INFO]   Total time:  0.4 minutes
2026-03-23 20:22:33 [INFO]   Total rows:  85,539
2026-03-23 20:22:33 [INFO]   Steps:       1/1
2026-03-23 20:22:33 [INFO]   Log file:    D:\vishwa\nfpc_winit\etl\logs\etl_20260323_202207.log
2026-03-23 20:22:33 [INFO] ════════════════════════════════════════════════════════════
2026-03-23 20:22:33 [INFO] 
  Step                                        Rows     Time         Rate Status
2026-03-23 20:22:33 [INFO]   ─────────────────────────────────── ──────────── ──────── ──────────── ────────
2026-03-23 20:22:33 [INFO]   rpt_customer_visits                       85,539    24.1s      3,545/s  done
