2026-03-30 14:49:56 [INFO] ════════════════════════════════════════════════════════════
2026-03-30 14:49:56 [INFO]   NFPC Reports ETL
2026-03-30 14:49:56 [INFO]   Date range: 2026-01-01 to 2026-02-28
2026-03-30 14:49:56 [INFO]   Mode: sequential
2026-03-30 14:49:56 [INFO]   Log file:   D:\vishwa\nfpc_winit\etl\logs\etl_20260330_144956.log
2026-03-30 14:49:56 [INFO] ════════════════════════════════════════════════════════════
2026-03-30 14:49:56 [INFO] Connecting to MSSQL...
2026-03-30 14:49:56 [INFO]   MSSQL connected
2026-03-30 14:49:56 [INFO] Connecting to PostgreSQL...
2026-03-30 14:49:58 [INFO]   PostgreSQL connected
2026-03-30 14:49:58 [INFO] 
──────────────────────────────────────────────────
2026-03-30 14:49:58 [INFO]   [1/16] Dimensions (6 simple tables) [░░░░░░░░░░░░░░░░░░░░] 0%
2026-03-30 14:49:58 [INFO]        Expected: ~2,000 rows
2026-03-30 14:49:59 [INFO]     dim_sales_org: 28 rows
2026-03-30 14:50:01 [INFO]     dim_route: 470 rows
2026-03-30 14:50:02 [INFO]     dim_channel: 15 rows
2026-03-30 14:50:03 [INFO]     dim_country: 2 rows
2026-03-30 14:50:04 [INFO]     dim_region: 3 rows
2026-03-30 14:50:05 [INFO]     dim_city: 10 rows
2026-03-30 14:50:06 [INFO]     dim_route.has_active_assignment: 179 active routes
2026-03-30 14:50:06 [INFO]   [OK] 528 rows in 8.3s (64 rows/sec)
2026-03-30 14:50:06 [INFO]        Progress: 1/16 steps | Est. remaining: 2.6 min
2026-03-30 14:50:06 [INFO] 
──────────────────────────────────────────────────
2026-03-30 14:50:06 [INFO]   [2/16] dim_user (flat with roles/details/depot/location) [█░░░░░░░░░░░░░░░░░░░] 6%
2026-03-30 14:50:06 [INFO]        Expected: ~1,200 rows
2026-03-30 14:50:10 [INFO]     dim_user: 1133 rows
2026-03-30 14:50:10 [INFO]   [OK] 1,133 rows in 4.0s (283 rows/sec)
2026-03-30 14:50:10 [INFO]        Progress: 2/16 steps | Est. remaining: 1.7 min
2026-03-30 14:50:10 [INFO] 
──────────────────────────────────────────────────
2026-03-30 14:50:10 [INFO]   [3/16] dim_item (flat with groups + UOM) [██░░░░░░░░░░░░░░░░░░] 12%
2026-03-30 14:50:10 [INFO]        Expected: ~10,000 rows
2026-03-30 14:50:25 [INFO]     Deduped 9924 -> 4962 items
2026-03-30 14:50:25 [INFO]   [OK] 4,962 rows in 14.6s (340 rows/sec)
2026-03-30 14:50:25 [INFO]        Progress: 3/16 steps | Est. remaining: 2.1 min
2026-03-30 14:50:25 [INFO] 
──────────────────────────────────────────────────
2026-03-30 14:50:25 [INFO]   [4/16] dim_customer [███░░░░░░░░░░░░░░░░░] 19%
2026-03-30 14:50:25 [INFO]        Expected: ~120,000 rows
2026-03-30 14:55:31 [INFO]   [OK] 119,482 rows in 306.7s (390 rows/sec)
2026-03-30 14:55:31 [INFO]        Progress: 4/16 steps | Est. remaining: 16.8 min
2026-03-30 14:55:31 [INFO] 
──────────────────────────────────────────────────
2026-03-30 14:55:31 [INFO]   [5/16] rpt_holidays [█████░░░░░░░░░░░░░░░] 25%
2026-03-30 14:55:31 [INFO]        Expected: ~60 rows
2026-03-30 14:55:32 [ERROR] FAILED on holidays: there is no unique or exclusion constraint matching the ON CONFLICT specification

2026-03-30 14:55:32 [DEBUG] Traceback:
Traceback (most recent call last):
  File "D:\vishwa\nfpc_winit\etl\extract.py", line 1307, in main
    loader_fn(ms_conn, pg_conn)
    ~~~~~~~~~^^^^^^^^^^^^^^^^^^
  File "D:\vishwa\nfpc_winit\etl\extract.py", line 1178, in load_holidays
    execute_values(pg_cur,
    ~~~~~~~~~~~~~~^^^^^^^^
        """INSERT INTO rpt_holidays (holiday_id, holiday_date, name, year, sales_org_code) VALUES %s
        ^^^^^^^^^^^^^^^^^^^^^^^^^^^^^^^^^^^^^^^^^^^^^^^^^^^^^^^^^^^^^^^^^^^^^^^^^^^^^^^^^^^^^^^^^^^^
    ...<2 lines>...
             year=EXCLUDED.year, sales_org_code=EXCLUDED.sales_org_code""",
             ^^^^^^^^^^^^^^^^^^^^^^^^^^^^^^^^^^^^^^^^^^^^^^^^^^^^^^^^^^^^^^
        rows)
        ^^^^^
  File "C:\Users\vishwa\AppData\Local\Programs\Python\Python314\Lib\site-packages\psycopg2\extras.py", line 1299, in execute_values
    cur.execute(b''.join(parts))
    ~~~~~~~~~~~^^^^^^^^^^^^^^^^^
psycopg2.errors.InvalidColumnReference: there is no unique or exclusion constraint matching the ON CONFLICT specification

2026-03-30 14:55:32 [ERROR]   FAILED: there is no unique or exclusion constraint matching the ON CONFLICT specification

2026-03-30 14:55:32 [INFO]        Progress: 5/16 steps | Est. remaining: 12.3 min
2026-03-30 14:55:32 [INFO]   Reconnecting to MSSQL...
2026-03-30 14:55:32 [INFO] Connecting to MSSQL...
2026-03-30 14:55:33 [INFO]   MSSQL connected
2026-03-30 14:55:33 [INFO]   MSSQL reconnected
2026-03-30 14:55:33 [INFO] 
──────────────────────────────────────────────────
2026-03-30 14:55:33 [INFO]   [6/16] rpt_targets [██████░░░░░░░░░░░░░░] 31%
2026-03-30 14:55:33 [INFO]        Expected: ~100 rows
2026-03-30 14:55:33 [ERROR] FAILED on targets: there is no unique or exclusion constraint matching the ON CONFLICT specification

2026-03-30 14:55:33 [DEBUG] Traceback:
Traceback (most recent call last):
  File "D:\vishwa\nfpc_winit\etl\extract.py", line 1307, in main
    loader_fn(ms_conn, pg_conn)
    ~~~~~~~~~^^^^^^^^^^^^^^^^^^
  File "D:\vishwa\nfpc_winit\etl\extract.py", line 840, in load_targets
    execute_values(pg_cur,
    ~~~~~~~~~~~~~~^^^^^^^^
        """INSERT INTO rpt_targets (target_id, time_frame, start_date, end_date, year, month,
        ^^^^^^^^^^^^^^^^^^^^^^^^^^^^^^^^^^^^^^^^^^^^^^^^^^^^^^^^^^^^^^^^^^^^^^^^^^^^^^^^^^^^^
    ...<9 lines>...
             amount=EXCLUDED.amount, quantity=EXCLUDED.quantity, is_active=EXCLUDED.is_active""",
             ^^^^^^^^^^^^^^^^^^^^^^^^^^^^^^^^^^^^^^^^^^^^^^^^^^^^^^^^^^^^^^^^^^^^^^^^^^^^^^^^^^^^
        rows)
        ^^^^^
  File "C:\Users\vishwa\AppData\Local\Programs\Python\Python314\Lib\site-packages\psycopg2\extras.py", line 1299, in execute_values
    cur.execute(b''.join(parts))
    ~~~~~~~~~~~^^^^^^^^^^^^^^^^^
psycopg2.errors.InvalidColumnReference: there is no unique or exclusion constraint matching the ON CONFLICT specification

2026-03-30 14:55:33 [ERROR]   FAILED: there is no unique or exclusion constraint matching the ON CONFLICT specification

2026-03-30 14:55:33 [INFO]        Progress: 6/16 steps | Est. remaining: 9.4 min
2026-03-30 14:55:33 [INFO]   Reconnecting to MSSQL...
2026-03-30 14:55:33 [INFO] Connecting to MSSQL...
2026-03-30 14:55:34 [INFO]   MSSQL connected
2026-03-30 14:55:34 [INFO]   MSSQL reconnected
2026-03-30 14:55:34 [INFO] 
──────────────────────────────────────────────────
2026-03-30 14:55:34 [INFO]   [7/16] rpt_coverage_summary [███████░░░░░░░░░░░░░] 38%
2026-03-30 14:55:34 [INFO]        Expected: ~25,000 rows
2026-03-30 14:55:35 [DEBUG]   SQL: 
        SELECT cs.Id, CAST(cs.VisitDate AS DATE),
            cs.RouteCode, cs.RouteDescription, cs.UserCode, cs.UserDescription,
            rt.SalesOrgCode,
            cs.ScheduledCalls, cs.TotalA...
2026-03-30 14:55:35 [INFO]   Querying MSSQL (this may take a while for large tables)...
2026-03-30 14:55:35 [INFO]   MSSQL query returned in 0.0s - starting load...
2026-03-30 14:55:37 [INFO]              10,000 rows | 3,331 rows/sec | 3s elapsed | ETA 5s
2026-03-30 14:55:38 [INFO]   [OK] 16,294 rows in 4.1s (3,974 rows/sec)
2026-03-30 14:55:38 [INFO]        Progress: 7/16 steps | Est. remaining: 7.3 min
2026-03-30 14:55:38 [INFO] 
──────────────────────────────────────────────────
2026-03-30 14:55:38 [INFO]   [8/16] rpt_route_sales_collection [████████░░░░░░░░░░░░] 44%
2026-03-30 14:55:38 [INFO]        Expected: ~25,000 rows
2026-03-30 14:55:39 [DEBUG]   SQL: 
        SELECT rsc.Id, CAST(rsc.Date AS DATE),
            rsc.RouteCode, rsc.RouteDescription, rsc.UserCode, rsc.UserDescription,
            rt.SalesOrgCode,
            rsc.TotalSales, rsc.TotalCo...
2026-03-30 14:55:39 [INFO]   Querying MSSQL (this may take a while for large tables)...
2026-03-30 14:55:39 [INFO]   MSSQL query returned in 0.0s - starting load...
2026-03-30 14:55:40 [INFO]   [OK] 8,535 rows in 2.2s (3,871 rows/sec)
2026-03-30 14:55:40 [INFO]        Progress: 8/16 steps | Est. remaining: 5.7 min
2026-03-30 14:55:40 [INFO] 
──────────────────────────────────────────────────
2026-03-30 14:55:40 [INFO]   [9/16] rpt_route_sales_summary_by_item [██████████░░░░░░░░░░] 50%
2026-03-30 14:55:40 [INFO]        Expected: ~500,000 rows
2026-03-30 14:55:42 [DEBUG]   SQL: 
        SELECT CAST(R.Date AS DATE), R.RouteCode, RR.Name,
            R.UserCode, U.Description, RR.SalesOrgCode,
            R.ItemCode, I.Description, I.GroupLevel3, I.GroupLevel1,
            R.T...
2026-03-30 14:55:42 [INFO]   Querying MSSQL (this may take a while for large tables)...
2026-03-30 14:55:43 [INFO]   MSSQL query returned in 0.3s - starting load...
2026-03-30 14:55:44 [INFO]              10,000 rows | 2,367 rows/sec | 4s elapsed | ETA 207s
2026-03-30 14:55:46 [INFO]              20,000 rows | 3,503 rows/sec | 6s elapsed | ETA 137s
2026-03-30 14:55:47 [INFO]              30,000 rows | 4,186 rows/sec | 7s elapsed | ETA 112s
2026-03-30 14:55:49 [INFO]              40,000 rows | 4,648 rows/sec | 9s elapsed | ETA 99s
2026-03-30 14:55:50 [INFO]              50,000 rows | 4,963 rows/sec | 10s elapsed | ETA 91s
2026-03-30 14:55:52 [INFO]              60,000 rows | 5,184 rows/sec | 12s elapsed | ETA 85s
2026-03-30 14:55:53 [INFO]              70,000 rows | 5,336 rows/sec | 13s elapsed | ETA 81s
2026-03-30 14:55:55 [INFO]              80,000 rows | 5,482 rows/sec | 15s elapsed | ETA 77s
2026-03-30 14:55:56 [INFO]              90,000 rows | 5,599 rows/sec | 16s elapsed | ETA 73s
2026-03-30 14:55:58 [INFO]             100,000 rows | 5,702 rows/sec | 18s elapsed | ETA 70s
2026-03-30 14:55:59 [INFO]             110,000 rows | 5,791 rows/sec | 19s elapsed | ETA 67s
2026-03-30 14:56:01 [INFO]             120,000 rows | 5,863 rows/sec | 20s elapsed | ETA 65s
2026-03-30 14:56:02 [INFO]             130,000 rows | 5,883 rows/sec | 22s elapsed | ETA 63s
2026-03-30 14:56:04 [INFO]             140,000 rows | 5,948 rows/sec | 24s elapsed | ETA 61s
2026-03-30 14:56:05 [INFO]             150,000 rows | 5,997 rows/sec | 25s elapsed | ETA 58s
2026-03-30 14:56:07 [INFO]             160,000 rows | 6,051 rows/sec | 26s elapsed | ETA 56s
2026-03-30 14:56:08 [INFO]             170,000 rows | 6,095 rows/sec | 28s elapsed | ETA 54s
2026-03-30 14:56:09 [INFO]             180,000 rows | 6,137 rows/sec | 29s elapsed | ETA 52s
2026-03-30 14:56:11 [INFO]             190,000 rows | 6,177 rows/sec | 31s elapsed | ETA 50s
2026-03-30 14:56:13 [INFO]             200,000 rows | 6,103 rows/sec | 33s elapsed | ETA 49s
2026-03-30 14:56:14 [INFO]             210,000 rows | 6,136 rows/sec | 34s elapsed | ETA 47s
2026-03-30 14:56:16 [INFO]             220,000 rows | 6,167 rows/sec | 36s elapsed | ETA 45s
2026-03-30 14:56:17 [INFO]             230,000 rows | 6,196 rows/sec | 37s elapsed | ETA 44s
2026-03-30 14:56:19 [INFO]             240,000 rows | 6,223 rows/sec | 39s elapsed | ETA 42s
2026-03-30 14:56:20 [INFO]             250,000 rows | 6,248 rows/sec | 40s elapsed | ETA 40s
2026-03-30 14:56:22 [INFO]             260,000 rows | 6,273 rows/sec | 41s elapsed | ETA 38s
2026-03-30 14:56:23 [INFO]             270,000 rows | 6,295 rows/sec | 43s elapsed | ETA 37s
2026-03-30 14:56:24 [INFO]             280,000 rows | 6,316 rows/sec | 44s elapsed | ETA 35s
2026-03-30 14:56:26 [INFO]             290,000 rows | 6,335 rows/sec | 46s elapsed | ETA 33s
2026-03-30 14:56:27 [INFO]             300,000 rows | 6,354 rows/sec | 47s elapsed | ETA 31s
2026-03-30 14:56:29 [INFO]             310,000 rows | 6,334 rows/sec | 49s elapsed | ETA 30s
2026-03-30 14:56:30 [INFO]             320,000 rows | 6,354 rows/sec | 50s elapsed | ETA 28s
2026-03-30 14:56:32 [INFO]             330,000 rows | 6,367 rows/sec | 52s elapsed | ETA 27s
2026-03-30 14:56:33 [INFO]             340,000 rows | 6,378 rows/sec | 53s elapsed | ETA 25s
2026-03-30 14:56:35 [INFO]             350,000 rows | 6,378 rows/sec | 55s elapsed | ETA 24s
2026-03-30 14:56:37 [INFO]             360,000 rows | 6,382 rows/sec | 56s elapsed | ETA 22s
2026-03-30 14:56:38 [INFO]             370,000 rows | 6,392 rows/sec | 58s elapsed | ETA 20s
2026-03-30 14:56:40 [INFO]             380,000 rows | 6,401 rows/sec | 59s elapsed | ETA 19s
2026-03-30 14:56:41 [INFO]             390,000 rows | 6,410 rows/sec | 61s elapsed | ETA 17s
2026-03-30 14:56:43 [INFO]             400,000 rows | 6,411 rows/sec | 62s elapsed | ETA 16s
2026-03-30 14:56:44 [INFO]             410,000 rows | 6,419 rows/sec | 64s elapsed | ETA 14s
2026-03-30 14:56:45 [INFO]   [OK] 418,384 rows in 65.2s (6,414 rows/sec)
2026-03-30 14:56:45 [INFO]        Progress: 9/16 steps | Est. remaining: 5.3 min
2026-03-30 14:56:45 [INFO] 
──────────────────────────────────────────────────
2026-03-30 14:56:45 [INFO]   [10/16] rpt_route_sales_by_item_customer [███████████░░░░░░░░░] 56%
2026-03-30 14:56:45 [INFO]        Expected: ~2,500,000 rows
2026-03-30 14:56:56 [DEBUG]   SQL: 
        SELECT RouteCode, UserCode, CustomerCode, ItemCode,
            CAST(Date AS DATE), TotalQty, TotalGRQty, TotalDamageQty, TotalExpiryQty,
            TotalSales, TotalGRSales, TotalDamageSale...
2026-03-30 14:56:56 [INFO]   Querying MSSQL (this may take a while for large tables)...
2026-03-30 14:56:56 [INFO]   MSSQL query returned in 0.1s - starting load...
2026-03-30 14:57:04 [INFO]              50,000 rows | 2,622 rows/sec | 19s elapsed | ETA 934s
2026-03-30 14:57:12 [INFO]             100,000 rows | 3,785 rows/sec | 26s elapsed | ETA 634s
2026-03-30 14:57:23 [INFO]             150,000 rows | 3,960 rows/sec | 38s elapsed | ETA 593s
2026-03-30 14:57:34 [INFO]             200,000 rows | 4,092 rows/sec | 49s elapsed | ETA 562s
2026-03-30 14:57:44 [INFO]             250,000 rows | 4,275 rows/sec | 58s elapsed | ETA 526s
2026-03-30 14:57:56 [INFO]             300,000 rows | 4,266 rows/sec | 70s elapsed | ETA 516s
2026-03-30 14:58:07 [INFO]             350,000 rows | 4,263 rows/sec | 82s elapsed | ETA 504s
2026-03-30 14:58:14 [INFO]             400,000 rows | 4,534 rows/sec | 88s elapsed | ETA 463s
2026-03-30 14:58:20 [INFO]             450,000 rows | 4,771 rows/sec | 94s elapsed | ETA 430s
2026-03-30 14:58:37 [INFO]             500,000 rows | 4,481 rows/sec | 112s elapsed | ETA 446s
2026-03-30 14:58:43 [INFO]             550,000 rows | 4,659 rows/sec | 118s elapsed | ETA 419s
2026-03-30 14:58:53 [INFO]             600,000 rows | 4,710 rows/sec | 127s elapsed | ETA 403s
2026-03-30 14:59:00 [INFO]             650,000 rows | 4,835 rows/sec | 134s elapsed | ETA 383s
2026-03-30 14:59:06 [INFO]             700,000 rows | 4,971 rows/sec | 141s elapsed | ETA 362s
2026-03-30 14:59:15 [INFO]             750,000 rows | 5,000 rows/sec | 150s elapsed | ETA 350s
2026-03-30 14:59:22 [INFO]             800,000 rows | 5,114 rows/sec | 156s elapsed | ETA 332s
2026-03-30 14:59:28 [INFO]             850,000 rows | 5,211 rows/sec | 163s elapsed | ETA 317s
2026-03-30 14:59:35 [INFO]             900,000 rows | 5,311 rows/sec | 169s elapsed | ETA 301s
2026-03-30 14:59:45 [INFO]             950,000 rows | 5,295 rows/sec | 179s elapsed | ETA 293s
2026-03-30 14:59:51 [INFO]           1,000,000 rows | 5,382 rows/sec | 186s elapsed | ETA 279s
2026-03-30 14:59:59 [INFO]           1,050,000 rows | 5,423 rows/sec | 194s elapsed | ETA 267s
2026-03-30 15:00:05 [INFO]           1,100,000 rows | 5,504 rows/sec | 200s elapsed | ETA 254s
2026-03-30 15:00:16 [INFO]           1,150,000 rows | 5,469 rows/sec | 210s elapsed | ETA 247s
2026-03-30 15:00:24 [INFO]           1,200,000 rows | 5,477 rows/sec | 219s elapsed | ETA 237s
2026-03-30 15:00:31 [INFO]           1,250,000 rows | 5,546 rows/sec | 225s elapsed | ETA 225s
2026-03-30 15:00:38 [INFO]           1,300,000 rows | 5,596 rows/sec | 232s elapsed | ETA 214s
2026-03-30 15:00:47 [INFO]           1,350,000 rows | 5,578 rows/sec | 242s elapsed | ETA 206s
2026-03-30 15:00:54 [INFO]           1,400,000 rows | 5,640 rows/sec | 248s elapsed | ETA 195s
2026-03-30 15:01:00 [INFO]           1,450,000 rows | 5,688 rows/sec | 255s elapsed | ETA 185s
2026-03-30 15:01:07 [INFO]           1,500,000 rows | 5,742 rows/sec | 261s elapsed | ETA 174s
2026-03-30 15:01:16 [INFO]           1,550,000 rows | 5,731 rows/sec | 270s elapsed | ETA 166s
2026-03-30 15:01:22 [INFO]           1,600,000 rows | 5,781 rows/sec | 277s elapsed | ETA 156s
2026-03-30 15:01:28 [INFO]           1,650,000 rows | 5,828 rows/sec | 283s elapsed | ETA 146s
2026-03-30 15:01:35 [INFO]           1,700,000 rows | 5,870 rows/sec | 290s elapsed | ETA 136s
2026-03-30 15:01:46 [INFO]           1,750,000 rows | 5,813 rows/sec | 301s elapsed | ETA 129s
2026-03-30 15:01:53 [INFO]           1,800,000 rows | 5,854 rows/sec | 307s elapsed | ETA 120s
2026-03-30 15:02:00 [INFO]           1,850,000 rows | 5,876 rows/sec | 315s elapsed | ETA 111s
2026-03-30 15:02:07 [INFO]           1,900,000 rows | 5,911 rows/sec | 321s elapsed | ETA 101s
2026-03-30 15:02:17 [INFO]           1,950,000 rows | 5,883 rows/sec | 331s elapsed | ETA 93s
2026-03-30 15:02:23 [INFO]           2,000,000 rows | 5,919 rows/sec | 338s elapsed | ETA 84s
2026-03-30 15:02:29 [INFO]           2,050,000 rows | 5,958 rows/sec | 344s elapsed | ETA 76s
2026-03-30 15:02:36 [INFO]           2,100,000 rows | 5,992 rows/sec | 350s elapsed | ETA 67s
2026-03-30 15:02:45 [INFO]           2,150,000 rows | 5,976 rows/sec | 360s elapsed | ETA 59s
2026-03-30 15:02:53 [INFO]           2,200,000 rows | 5,988 rows/sec | 367s elapsed | ETA 50s
2026-03-30 15:02:59 [INFO]           2,250,000 rows | 6,021 rows/sec | 374s elapsed | ETA 42s
2026-03-30 15:03:09 [INFO]           2,300,000 rows | 5,992 rows/sec | 384s elapsed | ETA 33s
2026-03-30 15:03:20 [INFO]           2,350,000 rows | 5,958 rows/sec | 394s elapsed | ETA 25s
2026-03-30 15:03:27 [INFO]           2,400,000 rows | 5,981 rows/sec | 401s elapsed | ETA 17s
2026-03-30 15:03:33 [INFO]           2,450,000 rows | 6,010 rows/sec | 408s elapsed | ETA 8s
2026-03-30 15:03:41 [INFO]           2,500,000 rows | 6,019 rows/sec | 415s elapsed | ETA 0s
2026-03-30 15:03:51 [INFO]           2,550,000 rows | 5,995 rows/sec | 425s elapsed | ETA 0s
2026-03-30 15:03:57 [INFO]           2,600,000 rows | 6,021 rows/sec | 432s elapsed | ETA 0s
2026-03-30 15:04:04 [INFO]           2,650,000 rows | 6,047 rows/sec | 438s elapsed | ETA 0s
2026-03-30 15:04:10 [INFO]           2,700,000 rows | 6,069 rows/sec | 445s elapsed | ETA 0s
2026-03-30 15:04:20 [INFO]           2,750,000 rows | 6,050 rows/sec | 455s elapsed | ETA 0s
2026-03-30 15:04:27 [INFO]           2,800,000 rows | 6,064 rows/sec | 462s elapsed | ETA 0s
2026-03-30 15:04:35 [INFO]           2,850,000 rows | 6,070 rows/sec | 470s elapsed | ETA 0s
2026-03-30 15:04:42 [INFO]           2,900,000 rows | 6,087 rows/sec | 476s elapsed | ETA 0s
2026-03-30 15:04:51 [INFO]           2,950,000 rows | 6,073 rows/sec | 486s elapsed | ETA 0s
2026-03-30 15:04:58 [INFO]           3,000,000 rows | 6,095 rows/sec | 492s elapsed | ETA 0s
2026-03-30 15:05:04 [INFO]           3,050,000 rows | 6,115 rows/sec | 499s elapsed | ETA 0s
2026-03-30 15:05:12 [INFO]           3,100,000 rows | 6,116 rows/sec | 507s elapsed | ETA 0s
2026-03-30 15:05:21 [INFO]           3,150,000 rows | 6,112 rows/sec | 515s elapsed | ETA 0s
2026-03-30 15:05:28 [INFO]           3,200,000 rows | 6,123 rows/sec | 523s elapsed | ETA 0s
2026-03-30 15:05:35 [INFO]           3,250,000 rows | 6,135 rows/sec | 530s elapsed | ETA 0s
2026-03-30 15:05:44 [INFO]           3,300,000 rows | 6,125 rows/sec | 539s elapsed | ETA 0s
2026-03-30 15:05:52 [INFO]           3,350,000 rows | 6,125 rows/sec | 547s elapsed | ETA 0s
2026-03-30 15:05:58 [INFO]           3,400,000 rows | 6,148 rows/sec | 553s elapsed | ETA 0s
2026-03-30 15:06:05 [INFO]           3,450,000 rows | 6,168 rows/sec | 559s elapsed | ETA 0s
2026-03-30 15:06:11 [INFO]           3,500,000 rows | 6,188 rows/sec | 566s elapsed | ETA 0s
2026-03-30 15:06:18 [INFO]           3,550,000 rows | 6,201 rows/sec | 572s elapsed | ETA 0s
2026-03-30 15:06:24 [INFO]           3,600,000 rows | 6,219 rows/sec | 579s elapsed | ETA 0s
2026-03-30 15:06:30 [INFO]           3,650,000 rows | 6,239 rows/sec | 585s elapsed | ETA 0s
2026-03-30 15:06:37 [INFO]           3,700,000 rows | 6,251 rows/sec | 592s elapsed | ETA 0s
2026-03-30 15:06:44 [INFO]           3,750,000 rows | 6,262 rows/sec | 599s elapsed | ETA 0s
2026-03-30 15:06:52 [INFO]           3,800,000 rows | 6,263 rows/sec | 607s elapsed | ETA 0s
2026-03-30 15:06:58 [INFO]           3,850,000 rows | 6,280 rows/sec | 613s elapsed | ETA 0s
2026-03-30 15:07:05 [INFO]           3,900,000 rows | 6,295 rows/sec | 620s elapsed | ETA 0s
2026-03-30 15:07:11 [INFO]           3,950,000 rows | 6,310 rows/sec | 626s elapsed | ETA 0s
2026-03-30 15:07:26 [INFO]           4,000,000 rows | 6,243 rows/sec | 641s elapsed | ETA 0s
2026-03-30 15:07:38 [INFO]           4,050,000 rows | 6,207 rows/sec | 652s elapsed | ETA 0s
2026-03-30 15:07:49 [INFO]           4,100,000 rows | 6,174 rows/sec | 664s elapsed | ETA 0s
2026-03-30 15:08:01 [INFO]           4,150,000 rows | 6,141 rows/sec | 676s elapsed | ETA 0s
2026-03-30 15:08:12 [INFO]           4,200,000 rows | 6,113 rows/sec | 687s elapsed | ETA 0s
2026-03-30 15:08:21 [INFO]   [OK] 4,238,376 rows in 695.7s (6,092 rows/sec)
2026-03-30 15:08:21 [INFO]        Progress: 10/16 steps | Est. remaining: 11.1 min
2026-03-30 15:08:21 [INFO] 
──────────────────────────────────────────────────
2026-03-30 15:08:21 [INFO]   [11/16] rpt_invoice_totals [████████████░░░░░░░░] 62%
2026-03-30 15:08:21 [INFO]        Expected: ~500,000 rows
2026-03-30 15:08:22 [INFO]     Processing 2026-01-01 to 2026-01-15...
2026-03-30 15:08:22 [DEBUG]   SQL: 
        SELECT
            CAST(h.TrxDate AS DATE),
            h.RouteCode, ISNULL(rt.Name, ''),
            h.UserCode, ISNULL(u.Description, ''),
            ISNULL(rt.SalesOrgCode, h.OrgCode),
  ...
2026-03-30 15:08:22 [INFO]   Querying MSSQL (this may take a while for large tables)...
2026-03-30 15:08:33 [INFO]   MSSQL query returned in 10.9s - starting load...
2026-03-30 15:08:36 [INFO]              10,000 rows | 651 rows/sec | 15s elapsed | ETA 753s
2026-03-30 15:08:39 [INFO]              20,000 rows | 1,105 rows/sec | 18s elapsed | ETA 434s
2026-03-30 15:08:42 [INFO]              30,000 rows | 1,440 rows/sec | 21s elapsed | ETA 326s
2026-03-30 15:08:45 [INFO]              40,000 rows | 1,701 rows/sec | 24s elapsed | ETA 270s
2026-03-30 15:08:47 [INFO]              50,000 rows | 1,901 rows/sec | 26s elapsed | ETA 237s
2026-03-30 15:08:50 [INFO]              60,000 rows | 2,051 rows/sec | 29s elapsed | ETA 215s
2026-03-30 15:08:53 [INFO]              70,000 rows | 2,195 rows/sec | 32s elapsed | ETA 196s
2026-03-30 15:08:56 [INFO]              80,000 rows | 2,317 rows/sec | 35s elapsed | ETA 181s
2026-03-30 15:08:58 [INFO]              90,000 rows | 2,422 rows/sec | 37s elapsed | ETA 169s
2026-03-30 15:09:01 [INFO]             100,000 rows | 2,515 rows/sec | 40s elapsed | ETA 159s
2026-03-30 15:09:03 [INFO]             110,000 rows | 2,597 rows/sec | 42s elapsed | ETA 150s
2026-03-30 15:09:06 [INFO]     2026-01-01 to 2026-01-15: 118,473 rows
2026-03-30 15:09:06 [INFO]     Processing 2026-01-15 to 2026-01-29...
2026-03-30 15:09:06 [DEBUG]   SQL: 
        SELECT
            CAST(h.TrxDate AS DATE),
            h.RouteCode, ISNULL(rt.Name, ''),
            h.UserCode, ISNULL(u.Description, ''),
            ISNULL(rt.SalesOrgCode, h.OrgCode),
  ...
2026-03-30 15:09:06 [INFO]   Querying MSSQL (this may take a while for large tables)...
2026-03-30 15:09:14 [INFO]   MSSQL query returned in 8.6s - starting load...
2026-03-30 15:09:18 [INFO]              10,000 rows | 176 rows/sec | 57s elapsed | ETA 2786s
2026-03-30 15:09:21 [INFO]              20,000 rows | 336 rows/sec | 59s elapsed | ETA 1426s
2026-03-30 15:09:23 [INFO]              30,000 rows | 484 rows/sec | 62s elapsed | ETA 971s
2026-03-30 15:09:26 [INFO]              40,000 rows | 617 rows/sec | 65s elapsed | ETA 745s
2026-03-30 15:09:29 [INFO]              50,000 rows | 742 rows/sec | 67s elapsed | ETA 607s
2026-03-30 15:09:31 [INFO]              60,000 rows | 858 rows/sec | 70s elapsed | ETA 513s
2026-03-30 15:09:34 [INFO]              70,000 rows | 966 rows/sec | 72s elapsed | ETA 445s
2026-03-30 15:09:36 [INFO]              80,000 rows | 1,068 rows/sec | 75s elapsed | ETA 393s
2026-03-30 15:09:39 [INFO]              90,000 rows | 1,162 rows/sec | 77s elapsed | ETA 353s
2026-03-30 15:09:41 [INFO]             100,000 rows | 1,251 rows/sec | 80s elapsed | ETA 320s
2026-03-30 15:09:44 [INFO]             110,000 rows | 1,334 rows/sec | 82s elapsed | ETA 292s
2026-03-30 15:09:46 [INFO]             120,000 rows | 1,414 rows/sec | 85s elapsed | ETA 269s
2026-03-30 15:09:47 [INFO]     2026-01-15 to 2026-01-29: 121,515 rows
2026-03-30 15:09:47 [INFO]     Processing 2026-01-29 to 2026-02-12...
2026-03-30 15:09:47 [DEBUG]   SQL: 
        SELECT
            CAST(h.TrxDate AS DATE),
            h.RouteCode, ISNULL(rt.Name, ''),
            h.UserCode, ISNULL(u.Description, ''),
            ISNULL(rt.SalesOrgCode, h.OrgCode),
  ...
2026-03-30 15:09:47 [INFO]   Querying MSSQL (this may take a while for large tables)...
2026-03-30 15:09:55 [INFO]   MSSQL query returned in 7.5s - starting load...
2026-03-30 15:09:58 [INFO]              10,000 rows | 103 rows/sec | 97s elapsed | ETA 4750s
2026-03-30 15:10:01 [INFO]              20,000 rows | 201 rows/sec | 99s elapsed | ETA 2385s
2026-03-30 15:10:03 [INFO]              30,000 rows | 295 rows/sec | 102s elapsed | ETA 1596s
2026-03-30 15:10:05 [INFO]              40,000 rows | 383 rows/sec | 104s elapsed | ETA 1200s
2026-03-30 15:10:08 [INFO]              50,000 rows | 469 rows/sec | 107s elapsed | ETA 960s
2026-03-30 15:10:10 [INFO]              60,000 rows | 550 rows/sec | 109s elapsed | ETA 800s
2026-03-30 15:10:13 [INFO]              70,000 rows | 628 rows/sec | 112s elapsed | ETA 685s
2026-03-30 15:10:15 [INFO]              80,000 rows | 702 rows/sec | 114s elapsed | ETA 598s
2026-03-30 15:10:17 [INFO]              90,000 rows | 773 rows/sec | 116s elapsed | ETA 530s
2026-03-30 15:10:20 [INFO]             100,000 rows | 842 rows/sec | 119s elapsed | ETA 475s
2026-03-30 15:10:22 [INFO]             110,000 rows | 908 rows/sec | 121s elapsed | ETA 429s
2026-03-30 15:10:25 [INFO]     2026-01-29 to 2026-02-12: 119,548 rows
2026-03-30 15:10:25 [INFO]     Processing 2026-02-12 to 2026-02-26...
2026-03-30 15:10:25 [DEBUG]   SQL: 
        SELECT
            CAST(h.TrxDate AS DATE),
            h.RouteCode, ISNULL(rt.Name, ''),
            h.UserCode, ISNULL(u.Description, ''),
            ISNULL(rt.SalesOrgCode, h.OrgCode),
  ...
2026-03-30 15:10:25 [INFO]   Querying MSSQL (this may take a while for large tables)...
2026-03-30 15:10:32 [INFO]   MSSQL query returned in 7.6s - starting load...
2026-03-30 15:10:35 [INFO]              10,000 rows | 75 rows/sec | 134s elapsed | ETA 6559s
2026-03-30 15:10:37 [INFO]              20,000 rows | 147 rows/sec | 136s elapsed | ETA 3270s
2026-03-30 15:10:40 [INFO]              30,000 rows | 216 rows/sec | 139s elapsed | ETA 2171s
2026-03-30 15:10:42 [INFO]              40,000 rows | 284 rows/sec | 141s elapsed | ETA 1620s
2026-03-30 15:10:44 [INFO]              50,000 rows | 349 rows/sec | 143s elapsed | ETA 1288s
2026-03-30 15:10:47 [INFO]              60,000 rows | 412 rows/sec | 145s elapsed | ETA 1067s
2026-03-30 15:10:49 [INFO]              70,000 rows | 474 rows/sec | 148s elapsed | ETA 908s
2026-03-30 15:10:51 [INFO]              80,000 rows | 533 rows/sec | 150s elapsed | ETA 788s
2026-03-30 15:10:54 [INFO]              90,000 rows | 590 rows/sec | 152s elapsed | ETA 694s
2026-03-30 15:10:56 [INFO]             100,000 rows | 646 rows/sec | 155s elapsed | ETA 619s
2026-03-30 15:10:58 [INFO]             110,000 rows | 701 rows/sec | 157s elapsed | ETA 557s
2026-03-30 15:11:00 [INFO]             120,000 rows | 753 rows/sec | 159s elapsed | ETA 504s
2026-03-30 15:11:01 [INFO]     2026-02-12 to 2026-02-26: 121,670 rows
2026-03-30 15:11:01 [INFO]     Processing 2026-02-26 to 2026-02-28...
2026-03-30 15:11:01 [DEBUG]   SQL: 
        SELECT
            CAST(h.TrxDate AS DATE),
            h.RouteCode, ISNULL(rt.Name, ''),
            h.UserCode, ISNULL(u.Description, ''),
            ISNULL(rt.SalesOrgCode, h.OrgCode),
  ...
2026-03-30 15:11:01 [INFO]   Querying MSSQL (this may take a while for large tables)...
2026-03-30 15:11:03 [INFO]   MSSQL query returned in 1.2s - starting load...
2026-03-30 15:11:05 [INFO]              10,000 rows | 61 rows/sec | 164s elapsed | ETA 8053s
2026-03-30 15:11:07 [INFO]     2026-02-26 to 2026-02-28: 17,116 rows
2026-03-30 15:11:07 [INFO]   [OK] 498,322 rows in 166.2s (2,999 rows/sec)
2026-03-30 15:11:07 [INFO]        Progress: 11/16 steps | Est. remaining: 9.6 min
2026-03-30 15:11:07 [INFO] 
──────────────────────────────────────────────────
2026-03-30 15:11:07 [INFO]   [12/16] rpt_eot [█████████████░░░░░░░] 69%
2026-03-30 15:11:07 [INFO]        Expected: ~80,000 rows
2026-03-30 15:11:08 [DEBUG]   SQL: 
        SELECT e.EOTId, e.UserCode, u.Description,
            e.RouteCode, rt.Name, e.SalesOrgCode,
            e.EOTType, e.EOTTime, CAST(e.TripDate AS DATE),
            j.Date AS RouteStartDateti...
2026-03-30 15:11:08 [INFO]   Querying MSSQL (this may take a while for large tables)...
2026-03-30 15:11:17 [INFO]   MSSQL query returned in 8.0s - starting load...
2026-03-30 15:17:10 [INFO]              10,000 rows | 28 rows/sec | 363s elapsed | ETA 2538s
2026-03-30 15:21:59 [INFO]   [OK] 18,151 rows in 651.5s (28 rows/sec)
2026-03-30 15:21:59 [INFO]        Progress: 12/16 steps | Est. remaining: 10.7 min
2026-03-30 15:21:59 [INFO] 
──────────────────────────────────────────────────
2026-03-30 15:21:59 [INFO]   [13/16] rpt_journeys [███████████████░░░░░] 75%
2026-03-30 15:21:59 [INFO]        Expected: ~80,000 rows
2026-03-30 15:22:00 [DEBUG]   SQL: 
        SELECT j.JourneyId, j.JourneyCode, CAST(j.Date AS DATE),
            j.UserCode, u.Description, rt.Code, rt.Name, u.SalesOrgCode,
            j.StartTime, j.EndTime, j.VehicleCode
        FRO...
2026-03-30 15:22:00 [INFO]   Querying MSSQL (this may take a while for large tables)...
2026-03-30 15:22:00 [INFO]   MSSQL query returned in 0.1s - starting load...
2026-03-30 15:22:04 [INFO]              10,000 rows | 1,946 rows/sec | 5s elapsed | ETA 36s
2026-03-30 15:22:06 [INFO]   [OK] 17,701 rows in 7.1s (2,485 rows/sec)
2026-03-30 15:22:06 [INFO]        Progress: 13/16 steps | Est. remaining: 7.4 min
2026-03-30 15:22:06 [INFO] 
──────────────────────────────────────────────────
2026-03-30 15:22:06 [INFO]   [14/16] rpt_collections [████████████████░░░░] 81%
2026-03-30 15:22:06 [INFO]        Expected: ~1,500,000 rows
2026-03-30 15:22:07 [DEBUG]   SQL: 
        SELECT ph.ReceiptId, ph.Receipt_Number,
            CAST(ph.ReceiptDate AS DATE), CAST(ph.TripDate AS DATE),
            ph.EmpNo, u.Description, ph.RouteCode, rt.Name,
            ph.SalesOr...
2026-03-30 15:22:07 [INFO]   Querying MSSQL (this may take a while for large tables)...
2026-03-30 15:22:34 [INFO]   MSSQL query returned in 26.9s - starting load...
2026-03-30 15:22:50 [INFO]              50,000 rows | 1,141 rows/sec | 44s elapsed | ETA 1270s
2026-03-30 15:23:03 [INFO]             100,000 rows | 1,740 rows/sec | 57s elapsed | ETA 805s
2026-03-30 15:23:16 [INFO]             150,000 rows | 2,129 rows/sec | 70s elapsed | ETA 634s
2026-03-30 15:23:30 [INFO]             200,000 rows | 2,388 rows/sec | 84s elapsed | ETA 544s
2026-03-30 15:23:42 [INFO]             250,000 rows | 2,600 rows/sec | 96s elapsed | ETA 481s
2026-03-30 15:23:54 [INFO]             300,000 rows | 2,768 rows/sec | 108s elapsed | ETA 434s
2026-03-30 15:24:07 [INFO]             350,000 rows | 2,903 rows/sec | 121s elapsed | ETA 396s
2026-03-30 15:24:18 [INFO]             400,000 rows | 3,021 rows/sec | 132s elapsed | ETA 364s
2026-03-30 15:24:31 [INFO]             450,000 rows | 3,109 rows/sec | 145s elapsed | ETA 338s
2026-03-30 15:24:43 [INFO]             500,000 rows | 3,179 rows/sec | 157s elapsed | ETA 315s
2026-03-30 15:24:56 [INFO]             550,000 rows | 3,235 rows/sec | 170s elapsed | ETA 294s
2026-03-30 15:25:08 [INFO]             600,000 rows | 3,290 rows/sec | 182s elapsed | ETA 274s
2026-03-30 15:25:21 [INFO]             650,000 rows | 3,341 rows/sec | 195s elapsed | ETA 254s
2026-03-30 15:25:24 [INFO]   [OK] 663,575 rows in 198.3s (3,347 rows/sec)
2026-03-30 15:25:24 [INFO]        Progress: 14/16 steps | Est. remaining: 5.1 min
2026-03-30 15:25:24 [INFO] 
──────────────────────────────────────────────────
2026-03-30 15:25:24 [INFO]   [15/16] rpt_customer_visits [█████████████████░░░] 88%
2026-03-30 15:25:24 [INFO]        Expected: ~3,000,000 rows
2026-03-30 15:25:25 [DEBUG]   SQL: 
        SELECT CAST(cv.CustomerVisitId AS VARCHAR(50)),
            CAST(cv.Date AS DATE), CAST(cv.TripDate AS DATE),
            cv.UserCode, u.Description, cv.RouteCode, rt.Name,
            COALES...
2026-03-30 15:25:25 [INFO]   Querying MSSQL (this may take a while for large tables)...
2026-03-30 15:25:25 [INFO]   MSSQL query returned in 0.2s - starting load...
2026-03-30 15:25:48 [INFO]              50,000 rows | 2,079 rows/sec | 24s elapsed | ETA 1419s
2026-03-30 15:26:08 [INFO]             100,000 rows | 2,268 rows/sec | 44s elapsed | ETA 1279s
2026-03-30 15:26:28 [INFO]             150,000 rows | 2,365 rows/sec | 63s elapsed | ETA 1205s
2026-03-30 15:26:46 [INFO]             200,000 rows | 2,444 rows/sec | 82s elapsed | ETA 1146s
2026-03-30 15:27:04 [INFO]             250,000 rows | 2,493 rows/sec | 100s elapsed | ETA 1103s
2026-03-30 15:27:23 [INFO]             300,000 rows | 2,536 rows/sec | 118s elapsed | ETA 1065s
2026-03-30 15:27:40 [INFO]             350,000 rows | 2,575 rows/sec | 136s elapsed | ETA 1029s
2026-03-30 15:27:58 [INFO]             400,000 rows | 2,608 rows/sec | 153s elapsed | ETA 997s
2026-03-30 15:28:16 [INFO]             450,000 rows | 2,614 rows/sec | 172s elapsed | ETA 975s
2026-03-30 15:28:34 [INFO]             500,000 rows | 2,629 rows/sec | 190s elapsed | ETA 951s
2026-03-30 15:28:52 [INFO]             550,000 rows | 2,651 rows/sec | 208s elapsed | ETA 924s
2026-03-30 15:29:09 [INFO]             600,000 rows | 2,672 rows/sec | 225s elapsed | ETA 898s
2026-03-30 15:29:27 [INFO]             650,000 rows | 2,680 rows/sec | 243s elapsed | ETA 877s
2026-03-30 15:29:44 [INFO]             700,000 rows | 2,690 rows/sec | 260s elapsed | ETA 855s
2026-03-30 15:29:50 [INFO]   [OK] 713,641 rows in 265.4s (2,689 rows/sec)
2026-03-30 15:29:50 [INFO]        Progress: 15/16 steps | Est. remaining: 2.7 min
2026-03-30 15:29:50 [INFO] 
──────────────────────────────────────────────────
2026-03-30 15:29:50 [INFO]   [16/16] rpt_journey_plan [██████████████████░░] 94%
2026-03-30 15:29:50 [INFO]        Expected: ~2,000,000 rows
2026-03-30 15:29:50 [DEBUG]   SQL: 
        SELECT jp.DailyJourneyPlanId, CAST(jp.JourneyDate AS DATE),
            ISNULL(jp.SalesmanCode, jp.UserCode),
            ISNULL(u.Description, ''),
            jp.CustomerCode, ISNULL(c.Desc...
2026-03-30 15:29:50 [INFO]   Querying MSSQL (this may take a while for large tables)...
2026-03-30 15:29:57 [INFO]   MSSQL query returned in 6.8s - starting load...
2026-03-30 15:30:06 [INFO]              50,000 rows | 3,014 rows/sec | 17s elapsed | ETA 647s
2026-03-30 15:30:12 [INFO]             100,000 rows | 4,423 rows/sec | 23s elapsed | ETA 430s
2026-03-30 15:30:25 [INFO]             150,000 rows | 4,275 rows/sec | 35s elapsed | ETA 433s
2026-03-30 15:30:31 [INFO]             200,000 rows | 4,852 rows/sec | 41s elapsed | ETA 371s
2026-03-30 15:30:41 [INFO]             250,000 rows | 4,874 rows/sec | 51s elapsed | ETA 359s
2026-03-30 15:30:47 [INFO]             300,000 rows | 5,236 rows/sec | 57s elapsed | ETA 325s
2026-03-30 15:31:07 [INFO]             350,000 rows | 4,523 rows/sec | 77s elapsed | ETA 365s
2026-03-30 15:31:13 [INFO]             400,000 rows | 4,799 rows/sec | 83s elapsed | ETA 333s
2026-03-30 15:31:19 [INFO]             450,000 rows | 5,036 rows/sec | 89s elapsed | ETA 308s
2026-03-30 15:31:25 [INFO]             500,000 rows | 5,243 rows/sec | 95s elapsed | ETA 286s
2026-03-30 15:31:31 [INFO]             550,000 rows | 5,433 rows/sec | 101s elapsed | ETA 267s
2026-03-30 15:31:37 [INFO]             600,000 rows | 5,584 rows/sec | 107s elapsed | ETA 251s
2026-03-30 15:31:43 [INFO]             650,000 rows | 5,738 rows/sec | 113s elapsed | ETA 235s
2026-03-30 15:31:49 [INFO]             700,000 rows | 5,876 rows/sec | 119s elapsed | ETA 221s
2026-03-30 15:31:50 [INFO]   [OK] 701,105 rows in 119.9s (5,847 rows/sec)
2026-03-30 15:31:50 [INFO] 
──────────────────────────────────────────────────
2026-03-30 15:31:50 [INFO]   [17/16] rpt_outstanding [████████████████████] 100%
2026-03-30 15:31:50 [INFO]        Expected: ~5,000,000 rows
2026-03-30 15:31:58 [DEBUG]   SQL: 
        SELECT mpi.MiddleWarePendingInvoiceId, mpi.TrxCode,
            mpi.OrgCode, so.Description, mpi.ClientCode, c.Description, ch.Description,
            mpi.TrxDate, mpi.DueDate,
            m...
2026-03-30 15:31:58 [INFO]   Querying MSSQL (this may take a while for large tables)...
2026-03-30 15:32:19 [INFO]   MSSQL query returned - starting load with Python date conversion...
2026-03-30 15:33:41 [INFO]              50,000 rows | 448 rows/sec | 112s elapsed | ETA 11039s
2026-03-30 15:33:57 [INFO]             100,000 rows | 782 rows/sec | 128s elapsed | ETA 6266s
2026-03-30 15:34:13 [INFO]             150,000 rows | 1,042 rows/sec | 144s elapsed | ETA 4653s
2026-03-30 15:34:29 [INFO]             200,000 rows | 1,256 rows/sec | 159s elapsed | ETA 3823s
2026-03-30 15:34:44 [INFO]             250,000 rows | 1,435 rows/sec | 174s elapsed | ETA 3310s
2026-03-30 15:34:59 [INFO]             300,000 rows | 1,587 rows/sec | 189s elapsed | ETA 2961s
2026-03-30 15:35:13 [INFO]             350,000 rows | 1,720 rows/sec | 204s elapsed | ETA 2704s
2026-03-30 15:35:27 [INFO]             400,000 rows | 1,838 rows/sec | 218s elapsed | ETA 2502s
2026-03-30 15:35:41 [INFO]             450,000 rows | 1,943 rows/sec | 232s elapsed | ETA 2341s
2026-03-30 15:35:55 [INFO]             500,000 rows | 2,034 rows/sec | 246s elapsed | ETA 2212s
2026-03-30 15:36:09 [INFO]             550,000 rows | 2,121 rows/sec | 259s elapsed | ETA 2098s
2026-03-30 15:36:22 [INFO]             600,000 rows | 2,204 rows/sec | 272s elapsed | ETA 1996s
2026-03-30 15:36:35 [INFO]             650,000 rows | 2,279 rows/sec | 285s elapsed | ETA 1908s
2026-03-30 15:36:47 [INFO]             700,000 rows | 2,350 rows/sec | 298s elapsed | ETA 1830s
2026-03-30 15:37:00 [INFO]             750,000 rows | 2,417 rows/sec | 310s elapsed | ETA 1759s
2026-03-30 15:37:12 [INFO]             800,000 rows | 2,481 rows/sec | 322s elapsed | ETA 1693s
2026-03-30 15:37:14 [INFO]   [OK] 808,279 rows in 324.9s (2,488 rows/sec)
2026-03-30 15:37:14 [INFO] 
──────────────────────────────────────────────────
2026-03-30 15:37:14 [INFO]   [18/16] rpt_daily_sales_summary [█████████████████████] 106%
2026-03-30 15:37:14 [INFO]        Expected: ~5,000,000 rows
2026-03-30 15:37:17 [INFO]     Processing 2026-01-01 to 2026-02-01...
2026-03-30 15:37:17 [DEBUG]   SQL: 
        SELECT
            CAST(h.TrxDate AS DATE), h.RouteCode, rt.Name,
            h.UserCode, u.Description, h.OrgCode, so.Description,
            h.ClientCode, c.Description, cd.ChannelCode, ch...
2026-03-30 15:37:17 [INFO]   Querying MSSQL (this may take a while for large tables)...
