2026-03-30 18:20:27 [INFO] ════════════════════════════════════════════════════════════
2026-03-30 18:20:27 [INFO]   NFPC Reports ETL
2026-03-30 18:20:27 [INFO]   Date range: 2026-02-01 to 2026-02-28
2026-03-30 18:20:27 [INFO]   Mode: sequential
2026-03-30 18:20:27 [INFO]   Log file:   D:\vishwa\nfpc_winit\etl\logs\etl_20260330_182027.log
2026-03-30 18:20:27 [INFO] ════════════════════════════════════════════════════════════
2026-03-30 18:20:27 [INFO] Connecting to MSSQL...
2026-03-30 18:20:27 [INFO]   MSSQL connected
2026-03-30 18:20:27 [INFO] Connecting to PostgreSQL...
2026-03-30 18:20:29 [INFO]   PostgreSQL connected
2026-03-30 18:20:29 [INFO] 
──────────────────────────────────────────────────
2026-03-30 18:20:29 [INFO]   [1/1] rpt_route_sales_summary_by_item [░░░░░░░░░░░░░░░░░░░░] 0%
2026-03-30 18:20:29 [INFO]        Expected: ~500,000 rows
2026-03-30 18:20:29 [DEBUG]   SQL: 
        SELECT CAST(R.Date AS DATE), R.RouteCode, RR.Name,
            R.UserCode, U.Description, RR.SalesOrgCode,
            R.ItemCode, I.Description, I.GroupLevel3, I.GroupLevel1,
            R.T...
2026-03-30 18:20:29 [INFO]   Querying MSSQL (this may take a while for large tables)...
2026-03-30 18:20:32 [INFO]   MSSQL query returned in 3.0s - starting load...
2026-03-30 18:20:32 [INFO]   [EMPTY] 0 rows in 3.7s (0 rows/sec)
2026-03-30 18:20:32 [INFO] 
════════════════════════════════════════════════════════════
2026-03-30 18:20:32 [INFO]   ETL COMPLETE
2026-03-30 18:20:32 [INFO]   Total time:  0.1 minutes
2026-03-30 18:20:32 [INFO]   Total rows:  0
2026-03-30 18:20:32 [INFO]   Steps:       1/1
2026-03-30 18:20:32 [INFO]   Log file:    D:\vishwa\nfpc_winit\etl\logs\etl_20260330_182027.log
2026-03-30 18:20:32 [INFO] ════════════════════════════════════════════════════════════
2026-03-30 18:20:32 [INFO] 
  Step                                        Rows     Time         Rate Status
2026-03-30 18:20:32 [INFO]   ─────────────────────────────────── ──────────── ──────── ──────────── ────────
2026-03-30 18:20:32 [INFO]   rpt_route_sales_summary_by_item                0     3.7s          0/s  done
