--- Logging error ---
Traceback (most recent call last):
  File "C:\Users\vishwa\AppData\Local\Programs\Python\Python314\Lib\logging\__init__.py", line 1154, in emit
    stream.write(msg + self.terminator)
    ~~~~~~~~~~~~^^^^^^^^^^^^^^^^^^^^^^^
  File "C:\Users\vishwa\AppData\Local\Programs\Python\Python314\Lib\encodings\cp1252.py", line 19, in encode
    return codecs.charmap_encode(input,self.errors,encoding_table)[0]
           ~~~~~~~~~~~~~~~~~~~~~^^^^^^^^^^^^^^^^^^^^^^^^^^^^^^^^^^
UnicodeEncodeError: 'charmap' codec can't encode characters in position 18-77: character maps to <undefined>
Call stack:
  File "D:\vishwa\nfpc_winit\etl\extract.py", line 1302, in <module>
    main()
  File "D:\vishwa\nfpc_winit\etl\extract.py", line 1189, in main
    log(f"{'\u2550' * 60}")
Message: '\u2550\u2550\u2550\u2550\u2550\u2550\u2550\u2550\u2550\u2550\u2550\u2550\u2550\u2550\u2550\u2550\u2550\u2550\u2550\u2550\u2550\u2550\u2550\u2550\u2550\u2550\u2550\u2550\u2550\u2550\u2550\u2550\u2550\u2550\u2550\u2550\u2550\u2550\u2550\u2550\u2550\u2550\u2550\u2550\u2550\u2550\u2550\u2550\u2550\u2550\u2550\u2550\u2550\u2550\u2550\u2550\u2550\u2550\u2550\u2550'
Arguments: ()
[90m10:48:27[0m   NFPC Reports ETL
[90m10:48:27[0m   Date range: 2026-03-01 to 2026-03-31
[90m10:48:27[0m   Mode: sequential
[90m10:48:27[0m   Log file:   D:\vishwa\nfpc_winit\etl\logs\etl_20260324_104827.log
--- Logging error ---
Traceback (most recent call last):
  File "C:\Users\vishwa\AppData\Local\Programs\Python\Python314\Lib\logging\__init__.py", line 1154, in emit
    stream.write(msg + self.terminator)
    ~~~~~~~~~~~~^^^^^^^^^^^^^^^^^^^^^^^
  File "C:\Users\vishwa\AppData\Local\Programs\Python\Python314\Lib\encodings\cp1252.py", line 19, in encode
    return codecs.charmap_encode(input,self.errors,encoding_table)[0]
           ~~~~~~~~~~~~~~~~~~~~~^^^^^^^^^^^^^^^^^^^^^^^^^^^^^^^^^^
UnicodeEncodeError: 'charmap' codec can't encode characters in position 18-77: character maps to <undefined>
Call stack:
  File "D:\vishwa\nfpc_winit\etl\extract.py", line 1302, in <module>
    main()
  File "D:\vishwa\nfpc_winit\etl\extract.py", line 1194, in main
    log(f"{'\u2550' * 60}")
Message: '\u2550\u2550\u2550\u2550\u2550\u2550\u2550\u2550\u2550\u2550\u2550\u2550\u2550\u2550\u2550\u2550\u2550\u2550\u2550\u2550\u2550\u2550\u2550\u2550\u2550\u2550\u2550\u2550\u2550\u2550\u2550\u2550\u2550\u2550\u2550\u2550\u2550\u2550\u2550\u2550\u2550\u2550\u2550\u2550\u2550\u2550\u2550\u2550\u2550\u2550\u2550\u2550\u2550\u2550\u2550\u2550\u2550\u2550\u2550\u2550'
Arguments: ()
[90m10:48:27[0m Connecting to MSSQL...
[90m10:48:27[0m   MSSQL connected
[90m10:48:27[0m Connecting to PostgreSQL...
[90m10:48:29[0m   PostgreSQL connected
--- Logging error ---
Traceback (most recent call last):
  File "C:\Users\vishwa\AppData\Local\Programs\Python\Python314\Lib\logging\__init__.py", line 1154, in emit
    stream.write(msg + self.terminator)
    ~~~~~~~~~~~~^^^^^^^^^^^^^^^^^^^^^^^
  File "C:\Users\vishwa\AppData\Local\Programs\Python\Python314\Lib\encodings\cp1252.py", line 19, in encode
    return codecs.charmap_encode(input,self.errors,encoding_table)[0]
           ~~~~~~~~~~~~~~~~~~~~~^^^^^^^^^^^^^^^^^^^^^^^^^^^^^^^^^^
UnicodeEncodeError: 'charmap' codec can't encode characters in position 20-69: character maps to <undefined>
Call stack:
  File "D:\vishwa\nfpc_winit\etl\extract.py", line 1302, in <module>
    main()
  File "D:\vishwa\nfpc_winit\etl\extract.py", line 1264, in main
    loader_fn(ms_conn, pg_conn)
  File "D:\vishwa\nfpc_winit\etl\extract.py", line 848, in load_outstanding
    progress.start_step('rpt_outstanding', expected_rows=5_000_000)
  File "D:\vishwa\nfpc_winit\etl\extract.py", line 102, in start_step
    log(f"\n{'\u2500' * 50}")
Message: '\n\u2500\u2500\u2500\u2500\u2500\u2500\u2500\u2500\u2500\u2500\u2500\u2500\u2500\u2500\u2500\u2500\u2500\u2500\u2500\u2500\u2500\u2500\u2500\u2500\u2500\u2500\u2500\u2500\u2500\u2500\u2500\u2500\u2500\u2500\u2500\u2500\u2500\u2500\u2500\u2500\u2500\u2500\u2500\u2500\u2500\u2500\u2500\u2500\u2500\u2500'
Arguments: ()
--- Logging error ---
Traceback (most recent call last):
  File "C:\Users\vishwa\AppData\Local\Programs\Python\Python314\Lib\logging\__init__.py", line 1154, in emit
    stream.write(msg + self.terminator)
    ~~~~~~~~~~~~^^^^^^^^^^^^^^^^^^^^^^^
  File "C:\Users\vishwa\AppData\Local\Programs\Python\Python314\Lib\encodings\cp1252.py", line 19, in encode
    return codecs.charmap_encode(input,self.errors,encoding_table)[0]
           ~~~~~~~~~~~~~~~~~~~~~^^^^^^^^^^^^^^^^^^^^^^^^^^^^^^^^^^
UnicodeEncodeError: 'charmap' codec can't encode characters in position 43-62: character maps to <undefined>
Call stack:
  File "D:\vishwa\nfpc_winit\etl\extract.py", line 1302, in <module>
    main()
  File "D:\vishwa\nfpc_winit\etl\extract.py", line 1264, in main
    loader_fn(ms_conn, pg_conn)
  File "D:\vishwa\nfpc_winit\etl\extract.py", line 848, in load_outstanding
    progress.start_step('rpt_outstanding', expected_rows=5_000_000)
  File "D:\vishwa\nfpc_winit\etl\extract.py", line 103, in start_step
    log(f"  [{self.completed + 1}/{self.total_steps}] {name} {bar}")
Message: '  [1/1] rpt_outstanding [\u2591\u2591\u2591\u2591\u2591\u2591\u2591\u2591\u2591\u2591\u2591\u2591\u2591\u2591\u2591\u2591\u2591\u2591\u2591\u2591] 0%'
Arguments: ()
[90m10:48:29[0m        Expected: ~5,000,000 rows
[90m10:48:30[0m   Querying MSSQL (this may take a while for large tables)...
[90m10:48:42[0m   MSSQL query returned - starting load with Python date conversion...
[90m10:48:56[0m              50,000 rows | 1,872 rows/sec | 27s elapsed | ETA 2644s
[90m10:49:08[0m   [OK] 94,298 rows in 39.2s (2,409 rows/sec)
--- Logging error ---
Traceback (most recent call last):
  File "C:\Users\vishwa\AppData\Local\Programs\Python\Python314\Lib\logging\__init__.py", line 1154, in emit
    stream.write(msg + self.terminator)
    ~~~~~~~~~~~~^^^^^^^^^^^^^^^^^^^^^^^
  File "C:\Users\vishwa\AppData\Local\Programs\Python\Python314\Lib\encodings\cp1252.py", line 19, in encode
    return codecs.charmap_encode(input,self.errors,encoding_table)[0]
           ~~~~~~~~~~~~~~~~~~~~~^^^^^^^^^^^^^^^^^^^^^^^^^^^^^^^^^^
UnicodeEncodeError: 'charmap' codec can't encode characters in position 20-79: character maps to <undefined>
Call stack:
  File "D:\vishwa\nfpc_winit\etl\extract.py", line 1302, in <module>
    main()
  File "D:\vishwa\nfpc_winit\etl\extract.py", line 1293, in main
    progress.finish_etl()
  File "D:\vishwa\nfpc_winit\etl\extract.py", line 160, in finish_etl
    log(f"\n{'\u2550' * 60}")
Message: '\n\u2550\u2550\u2550\u2550\u2550\u2550\u2550\u2550\u2550\u2550\u2550\u2550\u2550\u2550\u2550\u2550\u2550\u2550\u2550\u2550\u2550\u2550\u2550\u2550\u2550\u2550\u2550\u2550\u2550\u2550\u2550\u2550\u2550\u2550\u2550\u2550\u2550\u2550\u2550\u2550\u2550\u2550\u2550\u2550\u2550\u2550\u2550\u2550\u2550\u2550\u2550\u2550\u2550\u2550\u2550\u2550\u2550\u2550\u2550\u2550'
Arguments: ()
[90m10:49:08[0m   ETL COMPLETE
[90m10:49:08[0m   Total time:  0.7 minutes
[90m10:49:08[0m   Total rows:  94,298
[90m10:49:08[0m   Steps:       1/1
[90m10:49:08[0m   Log file:    D:\vishwa\nfpc_winit\etl\logs\etl_20260324_104827.log
--- Logging error ---
Traceback (most recent call last):
  File "C:\Users\vishwa\AppData\Local\Programs\Python\Python314\Lib\logging\__init__.py", line 1154, in emit
    stream.write(msg + self.terminator)
    ~~~~~~~~~~~~^^^^^^^^^^^^^^^^^^^^^^^
  File "C:\Users\vishwa\AppData\Local\Programs\Python\Python314\Lib\encodings\cp1252.py", line 19, in encode
    return codecs.charmap_encode(input,self.errors,encoding_table)[0]
           ~~~~~~~~~~~~~~~~~~~~~^^^^^^^^^^^^^^^^^^^^^^^^^^^^^^^^^^
UnicodeEncodeError: 'charmap' codec can't encode characters in position 18-77: character maps to <undefined>
Call stack:
  File "D:\vishwa\nfpc_winit\etl\extract.py", line 1302, in <module>
    main()
  File "D:\vishwa\nfpc_winit\etl\extract.py", line 1293, in main
    progress.finish_etl()
  File "D:\vishwa\nfpc_winit\etl\extract.py", line 166, in finish_etl
    log(f"{'\u2550' * 60}")
Message: '\u2550\u2550\u2550\u2550\u2550\u2550\u2550\u2550\u2550\u2550\u2550\u2550\u2550\u2550\u2550\u2550\u2550\u2550\u2550\u2550\u2550\u2550\u2550\u2550\u2550\u2550\u2550\u2550\u2550\u2550\u2550\u2550\u2550\u2550\u2550\u2550\u2550\u2550\u2550\u2550\u2550\u2550\u2550\u2550\u2550\u2550\u2550\u2550\u2550\u2550\u2550\u2550\u2550\u2550\u2550\u2550\u2550\u2550\u2550\u2550'
Arguments: ()
[90m10:49:08[0m 
  Step                                        Rows     Time         Rate Status
--- Logging error ---
Traceback (most recent call last):
  File "C:\Users\vishwa\AppData\Local\Programs\Python\Python314\Lib\logging\__init__.py", line 1154, in emit
    stream.write(msg + self.terminator)
    ~~~~~~~~~~~~^^^^^^^^^^^^^^^^^^^^^^^
  File "C:\Users\vishwa\AppData\Local\Programs\Python\Python314\Lib\encodings\cp1252.py", line 19, in encode
    return codecs.charmap_encode(input,self.errors,encoding_table)[0]
           ~~~~~~~~~~~~~~~~~~~~~^^^^^^^^^^^^^^^^^^^^^^^^^^^^^^^^^^
UnicodeEncodeError: 'charmap' codec can't encode characters in position 20-54: character maps to <undefined>
Call stack:
  File "D:\vishwa\nfpc_winit\etl\extract.py", line 1302, in <module>
    main()
  File "D:\vishwa\nfpc_winit\etl\extract.py", line 1293, in main
    progress.finish_etl()
  File "D:\vishwa\nfpc_winit\etl\extract.py", line 170, in finish_etl
    log(f"  {'\u2500' * 35} {'\u2500' * 12} {'\u2500' * 8} {'\u2500' * 12} {'\u2500' * 8}")
Message: '  \u2500\u2500\u2500\u2500\u2500\u2500\u2500\u2500\u2500\u2500\u2500\u2500\u2500\u2500\u2500\u2500\u2500\u2500\u2500\u2500\u2500\u2500\u2500\u2500\u2500\u2500\u2500\u2500\u2500\u2500\u2500\u2500\u2500\u2500\u2500 \u2500\u2500\u2500\u2500\u2500\u2500\u2500\u2500\u2500\u2500\u2500\u2500 \u2500\u2500\u2500\u2500\u2500\u2500\u2500\u2500 \u2500\u2500\u2500\u2500\u2500\u2500\u2500\u2500\u2500\u2500\u2500\u2500 \u2500\u2500\u2500\u2500\u2500\u2500\u2500\u2500'
Arguments: ()
[90m10:49:08[0m   rpt_outstanding                           94,298    39.2s      2,409/s  done
