2026-03-30 20:57:59 [INFO] ════════════════════════════════════════════════════════════
2026-03-30 20:57:59 [INFO]   NFPC Reports ETL
2026-03-30 20:57:59 [INFO]   Date range: 2026-02-01 to 2026-02-28
2026-03-30 20:57:59 [INFO]   Mode: sequential
2026-03-30 20:57:59 [INFO]   Log file:   D:\vishwa\nfpc_winit\etl\logs\etl_20260330_205759.log
2026-03-30 20:57:59 [INFO] ════════════════════════════════════════════════════════════
2026-03-30 20:57:59 [INFO] Connecting to MSSQL...
2026-03-30 20:57:59 [INFO]   MSSQL connected
2026-03-30 20:57:59 [INFO] Connecting to PostgreSQL...
2026-03-30 20:58:01 [INFO]   PostgreSQL connected
2026-03-30 20:58:01 [INFO] 
──────────────────────────────────────────────────
2026-03-30 20:58:01 [INFO]   [1/1] rpt_coverage_summary [░░░░░░░░░░░░░░░░░░░░] 0%
2026-03-30 20:58:01 [INFO]        Expected: ~25,000 rows
2026-03-30 20:58:01 [DEBUG]   SQL: 
        SELECT cs.Id, CAST(cs.VisitDate AS DATE),
            cs.RouteCode, cs.RouteDescription, cs.UserCode, cs.UserDescription,
            rt.SalesOrgCode,
            cs.ScheduledCalls, cs.TotalA...
2026-03-30 20:58:01 [INFO]   Querying MSSQL (this may take a while for large tables)...
2026-03-30 20:58:01 [INFO]   MSSQL query returned in 0.1s - starting load...
2026-03-30 20:58:04 [INFO]   [OK] 7,206 rows in 3.1s (2,305 rows/sec)
2026-03-30 20:58:04 [INFO] 
════════════════════════════════════════════════════════════
2026-03-30 20:58:04 [INFO]   ETL COMPLETE
2026-03-30 20:58:04 [INFO]   Total time:  0.1 minutes
2026-03-30 20:58:04 [INFO]   Total rows:  7,206
2026-03-30 20:58:04 [INFO]   Steps:       1/1
2026-03-30 20:58:04 [INFO]   Log file:    D:\vishwa\nfpc_winit\etl\logs\etl_20260330_205759.log
2026-03-30 20:58:04 [INFO] ════════════════════════════════════════════════════════════
2026-03-30 20:58:04 [INFO] 
  Step                                        Rows     Time         Rate Status
2026-03-30 20:58:04 [INFO]   ─────────────────────────────────── ──────────── ──────── ──────────── ────────
2026-03-30 20:58:04 [INFO]   rpt_coverage_summary                       7,206     3.1s      2,305/s  done
