--- Logging error ---
Traceback (most recent call last):
  File "C:\Users\vishwa\AppData\Local\Programs\Python\Python314\Lib\logging\__init__.py", line 1154, in emit
    stream.write(msg + self.terminator)
    ~~~~~~~~~~~~^^^^^^^^^^^^^^^^^^^^^^^
  File "C:\Users\vishwa\AppData\Local\Programs\Python\Python314\Lib\encodings\cp1252.py", line 19, in encode
    return codecs.charmap_encode(input,self.errors,encoding_table)[0]
           ~~~~~~~~~~~~~~~~~~~~~^^^^^^^^^^^^^^^^^^^^^^^^^^^^^^^^^^
UnicodeEncodeError: 'charmap' codec can't encode characters in position 18-77: character maps to <undefined>
Call stack:
  File "D:\vishwa\nfpc_winit\etl\extract.py", line 1296, in <module>
    main()
  File "D:\vishwa\nfpc_winit\etl\extract.py", line 1183, in main
    log(f"{'\u2550' * 60}")
Message: '\u2550\u2550\u2550\u2550\u2550\u2550\u2550\u2550\u2550\u2550\u2550\u2550\u2550\u2550\u2550\u2550\u2550\u2550\u2550\u2550\u2550\u2550\u2550\u2550\u2550\u2550\u2550\u2550\u2550\u2550\u2550\u2550\u2550\u2550\u2550\u2550\u2550\u2550\u2550\u2550\u2550\u2550\u2550\u2550\u2550\u2550\u2550\u2550\u2550\u2550\u2550\u2550\u2550\u2550\u2550\u2550\u2550\u2550\u2550\u2550'
Arguments: ()
[90m10:26:50[0m   NFPC Reports ETL
[90m10:26:50[0m   Date range: 2026-03-01 to 2026-03-10
[90m10:26:50[0m   Mode: parallel (workers=4)
[90m10:26:50[0m   Log file:   D:\vishwa\nfpc_winit\etl\logs\etl_20260324_102650.log
--- Logging error ---
Traceback (most recent call last):
  File "C:\Users\vishwa\AppData\Local\Programs\Python\Python314\Lib\logging\__init__.py", line 1154, in emit
    stream.write(msg + self.terminator)
    ~~~~~~~~~~~~^^^^^^^^^^^^^^^^^^^^^^^
  File "C:\Users\vishwa\AppData\Local\Programs\Python\Python314\Lib\encodings\cp1252.py", line 19, in encode
    return codecs.charmap_encode(input,self.errors,encoding_table)[0]
           ~~~~~~~~~~~~~~~~~~~~~^^^^^^^^^^^^^^^^^^^^^^^^^^^^^^^^^^
UnicodeEncodeError: 'charmap' codec can't encode characters in position 18-77: character maps to <undefined>
Call stack:
  File "D:\vishwa\nfpc_winit\etl\extract.py", line 1296, in <module>
    main()
  File "D:\vishwa\nfpc_winit\etl\extract.py", line 1188, in main
    log(f"{'\u2550' * 60}")
Message: '\u2550\u2550\u2550\u2550\u2550\u2550\u2550\u2550\u2550\u2550\u2550\u2550\u2550\u2550\u2550\u2550\u2550\u2550\u2550\u2550\u2550\u2550\u2550\u2550\u2550\u2550\u2550\u2550\u2550\u2550\u2550\u2550\u2550\u2550\u2550\u2550\u2550\u2550\u2550\u2550\u2550\u2550\u2550\u2550\u2550\u2550\u2550\u2550\u2550\u2550\u2550\u2550\u2550\u2550\u2550\u2550\u2550\u2550\u2550\u2550'
Arguments: ()
[90m10:26:50[0m 
  [Phase 1] Loading 4 dimension tables sequentially...
[90m10:26:50[0m Connecting to MSSQL...
[90m10:26:51[0m   MSSQL connected
[90m10:26:51[0m Connecting to PostgreSQL...
[90m10:26:52[0m   PostgreSQL connected
--- Logging error ---
Traceback (most recent call last):
  File "C:\Users\vishwa\AppData\Local\Programs\Python\Python314\Lib\logging\__init__.py", line 1154, in emit
    stream.write(msg + self.terminator)
    ~~~~~~~~~~~~^^^^^^^^^^^^^^^^^^^^^^^
  File "C:\Users\vishwa\AppData\Local\Programs\Python\Python314\Lib\encodings\cp1252.py", line 19, in encode
    return codecs.charmap_encode(input,self.errors,encoding_table)[0]
           ~~~~~~~~~~~~~~~~~~~~~^^^^^^^^^^^^^^^^^^^^^^^^^^^^^^^^^^
UnicodeEncodeError: 'charmap' codec can't encode characters in position 20-69: character maps to <undefined>
Call stack:
  File "D:\vishwa\nfpc_winit\etl\extract.py", line 1296, in <module>
    main()
  File "D:\vishwa\nfpc_winit\etl\extract.py", line 1220, in main
    loader_fn(ms_conn, pg_conn)
  File "D:\vishwa\nfpc_winit\etl\extract.py", line 313, in load_dimensions
    progress.start_step('Dimensions (6 simple tables)', expected_rows=2000)
  File "D:\vishwa\nfpc_winit\etl\extract.py", line 102, in start_step
    log(f"\n{'\u2500' * 50}")
Message: '\n\u2500\u2500\u2500\u2500\u2500\u2500\u2500\u2500\u2500\u2500\u2500\u2500\u2500\u2500\u2500\u2500\u2500\u2500\u2500\u2500\u2500\u2500\u2500\u2500\u2500\u2500\u2500\u2500\u2500\u2500\u2500\u2500\u2500\u2500\u2500\u2500\u2500\u2500\u2500\u2500\u2500\u2500\u2500\u2500\u2500\u2500\u2500\u2500\u2500\u2500'
Arguments: ()
--- Logging error ---
Traceback (most recent call last):
  File "C:\Users\vishwa\AppData\Local\Programs\Python\Python314\Lib\logging\__init__.py", line 1154, in emit
    stream.write(msg + self.terminator)
    ~~~~~~~~~~~~^^^^^^^^^^^^^^^^^^^^^^^
  File "C:\Users\vishwa\AppData\Local\Programs\Python\Python314\Lib\encodings\cp1252.py", line 19, in encode
    return codecs.charmap_encode(input,self.errors,encoding_table)[0]
           ~~~~~~~~~~~~~~~~~~~~~^^^^^^^^^^^^^^^^^^^^^^^^^^^^^^^^^^
UnicodeEncodeError: 'charmap' codec can't encode characters in position 57-76: character maps to <undefined>
Call stack:
  File "D:\vishwa\nfpc_winit\etl\extract.py", line 1296, in <module>
    main()
  File "D:\vishwa\nfpc_winit\etl\extract.py", line 1220, in main
    loader_fn(ms_conn, pg_conn)
  File "D:\vishwa\nfpc_winit\etl\extract.py", line 313, in load_dimensions
    progress.start_step('Dimensions (6 simple tables)', expected_rows=2000)
  File "D:\vishwa\nfpc_winit\etl\extract.py", line 103, in start_step
    log(f"  [{self.completed + 1}/{self.total_steps}] {name} {bar}")
Message: '  [1/16] Dimensions (6 simple tables) [\u2591\u2591\u2591\u2591\u2591\u2591\u2591\u2591\u2591\u2591\u2591\u2591\u2591\u2591\u2591\u2591\u2591\u2591\u2591\u2591] 0%'
Arguments: ()
[90m10:26:52[0m        Expected: ~2,000 rows
[90m10:26:53[0m     dim_sales_org: 28 rows
[90m10:26:55[0m     dim_route: 470 rows
[90m10:26:56[0m     dim_channel: 15 rows
[90m10:26:57[0m     dim_country: 2 rows
[90m10:26:58[0m     dim_region: 3 rows
[90m10:26:59[0m     dim_city: 10 rows
[90m10:26:59[0m   [OK] 528 rows in 6.5s (81 rows/sec)
[90m10:26:59[0m        Progress: 1/16 steps | Est. remaining: 2.1 min
--- Logging error ---
Traceback (most recent call last):
  File "C:\Users\vishwa\AppData\Local\Programs\Python\Python314\Lib\logging\__init__.py", line 1154, in emit
    stream.write(msg + self.terminator)
    ~~~~~~~~~~~~^^^^^^^^^^^^^^^^^^^^^^^
  File "C:\Users\vishwa\AppData\Local\Programs\Python\Python314\Lib\encodings\cp1252.py", line 19, in encode
    return codecs.charmap_encode(input,self.errors,encoding_table)[0]
           ~~~~~~~~~~~~~~~~~~~~~^^^^^^^^^^^^^^^^^^^^^^^^^^^^^^^^^^
UnicodeEncodeError: 'charmap' codec can't encode characters in position 20-69: character maps to <undefined>
Call stack:
  File "D:\vishwa\nfpc_winit\etl\extract.py", line 1296, in <module>
    main()
  File "D:\vishwa\nfpc_winit\etl\extract.py", line 1220, in main
    loader_fn(ms_conn, pg_conn)
  File "D:\vishwa\nfpc_winit\etl\extract.py", line 329, in load_dimensions
    progress.start_step('dim_user (flat with roles/details/depot/location)', expected_rows=1200)
  File "D:\vishwa\nfpc_winit\etl\extract.py", line 102, in start_step
    log(f"\n{'\u2500' * 50}")
Message: '\n\u2500\u2500\u2500\u2500\u2500\u2500\u2500\u2500\u2500\u2500\u2500\u2500\u2500\u2500\u2500\u2500\u2500\u2500\u2500\u2500\u2500\u2500\u2500\u2500\u2500\u2500\u2500\u2500\u2500\u2500\u2500\u2500\u2500\u2500\u2500\u2500\u2500\u2500\u2500\u2500\u2500\u2500\u2500\u2500\u2500\u2500\u2500\u2500\u2500\u2500'
Arguments: ()
--- Logging error ---
Traceback (most recent call last):
  File "C:\Users\vishwa\AppData\Local\Programs\Python\Python314\Lib\logging\__init__.py", line 1154, in emit
    stream.write(msg + self.terminator)
    ~~~~~~~~~~~~^^^^^^^^^^^^^^^^^^^^^^^
  File "C:\Users\vishwa\AppData\Local\Programs\Python\Python314\Lib\encodings\cp1252.py", line 19, in encode
    return codecs.charmap_encode(input,self.errors,encoding_table)[0]
           ~~~~~~~~~~~~~~~~~~~~~^^^^^^^^^^^^^^^^^^^^^^^^^^^^^^^^^^
UnicodeEncodeError: 'charmap' codec can't encode characters in position 78-97: character maps to <undefined>
Call stack:
  File "D:\vishwa\nfpc_winit\etl\extract.py", line 1296, in <module>
    main()
  File "D:\vishwa\nfpc_winit\etl\extract.py", line 1220, in main
    loader_fn(ms_conn, pg_conn)
  File "D:\vishwa\nfpc_winit\etl\extract.py", line 329, in load_dimensions
    progress.start_step('dim_user (flat with roles/details/depot/location)', expected_rows=1200)
  File "D:\vishwa\nfpc_winit\etl\extract.py", line 103, in start_step
    log(f"  [{self.completed + 1}/{self.total_steps}] {name} {bar}")
Message: '  [2/16] dim_user (flat with roles/details/depot/location) [\u2588\u2591\u2591\u2591\u2591\u2591\u2591\u2591\u2591\u2591\u2591\u2591\u2591\u2591\u2591\u2591\u2591\u2591\u2591\u2591] 6%'
Arguments: ()
[90m10:26:59[0m        Expected: ~1,200 rows
[90m10:27:03[0m     dim_user: 1133 rows
[90m10:27:03[0m   [OK] 1,133 rows in 3.8s (302 rows/sec)
[90m10:27:03[0m        Progress: 2/16 steps | Est. remaining: 1.4 min
--- Logging error ---
Traceback (most recent call last):
  File "C:\Users\vishwa\AppData\Local\Programs\Python\Python314\Lib\logging\__init__.py", line 1154, in emit
    stream.write(msg + self.terminator)
    ~~~~~~~~~~~~^^^^^^^^^^^^^^^^^^^^^^^
  File "C:\Users\vishwa\AppData\Local\Programs\Python\Python314\Lib\encodings\cp1252.py", line 19, in encode
    return codecs.charmap_encode(input,self.errors,encoding_table)[0]
           ~~~~~~~~~~~~~~~~~~~~~^^^^^^^^^^^^^^^^^^^^^^^^^^^^^^^^^^
UnicodeEncodeError: 'charmap' codec can't encode characters in position 20-69: character maps to <undefined>
Call stack:
  File "D:\vishwa\nfpc_winit\etl\extract.py", line 1296, in <module>
    main()
  File "D:\vishwa\nfpc_winit\etl\extract.py", line 1220, in main
    loader_fn(ms_conn, pg_conn)
  File "D:\vishwa\nfpc_winit\etl\extract.py", line 398, in load_dimensions
    progress.start_step('dim_item (flat with groups + UOM)', expected_rows=10000)
  File "D:\vishwa\nfpc_winit\etl\extract.py", line 102, in start_step
    log(f"\n{'\u2500' * 50}")
Message: '\n\u2500\u2500\u2500\u2500\u2500\u2500\u2500\u2500\u2500\u2500\u2500\u2500\u2500\u2500\u2500\u2500\u2500\u2500\u2500\u2500\u2500\u2500\u2500\u2500\u2500\u2500\u2500\u2500\u2500\u2500\u2500\u2500\u2500\u2500\u2500\u2500\u2500\u2500\u2500\u2500\u2500\u2500\u2500\u2500\u2500\u2500\u2500\u2500\u2500\u2500'
Arguments: ()
--- Logging error ---
Traceback (most recent call last):
  File "C:\Users\vishwa\AppData\Local\Programs\Python\Python314\Lib\logging\__init__.py", line 1154, in emit
    stream.write(msg + self.terminator)
    ~~~~~~~~~~~~^^^^^^^^^^^^^^^^^^^^^^^
  File "C:\Users\vishwa\AppData\Local\Programs\Python\Python314\Lib\encodings\cp1252.py", line 19, in encode
    return codecs.charmap_encode(input,self.errors,encoding_table)[0]
           ~~~~~~~~~~~~~~~~~~~~~^^^^^^^^^^^^^^^^^^^^^^^^^^^^^^^^^^
UnicodeEncodeError: 'charmap' codec can't encode characters in position 62-81: character maps to <undefined>
Call stack:
  File "D:\vishwa\nfpc_winit\etl\extract.py", line 1296, in <module>
    main()
  File "D:\vishwa\nfpc_winit\etl\extract.py", line 1220, in main
    loader_fn(ms_conn, pg_conn)
  File "D:\vishwa\nfpc_winit\etl\extract.py", line 398, in load_dimensions
    progress.start_step('dim_item (flat with groups + UOM)', expected_rows=10000)
  File "D:\vishwa\nfpc_winit\etl\extract.py", line 103, in start_step
    log(f"  [{self.completed + 1}/{self.total_steps}] {name} {bar}")
Message: '  [3/16] dim_item (flat with groups + UOM) [\u2588\u2588\u2591\u2591\u2591\u2591\u2591\u2591\u2591\u2591\u2591\u2591\u2591\u2591\u2591\u2591\u2591\u2591\u2591\u2591] 12%'
Arguments: ()
[90m10:27:03[0m        Expected: ~10,000 rows
[90m10:27:16[0m     Deduped 9924 -> 4962 items
[90m10:27:16[0m   [OK] 4,962 rows in 13.2s (376 rows/sec)
[90m10:27:16[0m        Progress: 3/16 steps | Est. remaining: 1.8 min
--- Logging error ---
Traceback (most recent call last):
  File "C:\Users\vishwa\AppData\Local\Programs\Python\Python314\Lib\logging\__init__.py", line 1154, in emit
    stream.write(msg + self.terminator)
    ~~~~~~~~~~~~^^^^^^^^^^^^^^^^^^^^^^^
  File "C:\Users\vishwa\AppData\Local\Programs\Python\Python314\Lib\encodings\cp1252.py", line 19, in encode
    return codecs.charmap_encode(input,self.errors,encoding_table)[0]
           ~~~~~~~~~~~~~~~~~~~~~^^^^^^^^^^^^^^^^^^^^^^^^^^^^^^^^^^
UnicodeEncodeError: 'charmap' codec can't encode characters in position 20-69: character maps to <undefined>
Call stack:
  File "D:\vishwa\nfpc_winit\etl\extract.py", line 1296, in <module>
    main()
  File "D:\vishwa\nfpc_winit\etl\extract.py", line 1220, in main
    loader_fn(ms_conn, pg_conn)
  File "D:\vishwa\nfpc_winit\etl\extract.py", line 452, in load_dimensions
    progress.start_step('dim_customer', expected_rows=120000)
  File "D:\vishwa\nfpc_winit\etl\extract.py", line 102, in start_step
    log(f"\n{'\u2500' * 50}")
Message: '\n\u2500\u2500\u2500\u2500\u2500\u2500\u2500\u2500\u2500\u2500\u2500\u2500\u2500\u2500\u2500\u2500\u2500\u2500\u2500\u2500\u2500\u2500\u2500\u2500\u2500\u2500\u2500\u2500\u2500\u2500\u2500\u2500\u2500\u2500\u2500\u2500\u2500\u2500\u2500\u2500\u2500\u2500\u2500\u2500\u2500\u2500\u2500\u2500\u2500\u2500'
Arguments: ()
--- Logging error ---
Traceback (most recent call last):
  File "C:\Users\vishwa\AppData\Local\Programs\Python\Python314\Lib\logging\__init__.py", line 1154, in emit
    stream.write(msg + self.terminator)
    ~~~~~~~~~~~~^^^^^^^^^^^^^^^^^^^^^^^
  File "C:\Users\vishwa\AppData\Local\Programs\Python\Python314\Lib\encodings\cp1252.py", line 19, in encode
    return codecs.charmap_encode(input,self.errors,encoding_table)[0]
           ~~~~~~~~~~~~~~~~~~~~~^^^^^^^^^^^^^^^^^^^^^^^^^^^^^^^^^^
UnicodeEncodeError: 'charmap' codec can't encode characters in position 41-60: character maps to <undefined>
Call stack:
  File "D:\vishwa\nfpc_winit\etl\extract.py", line 1296, in <module>
    main()
  File "D:\vishwa\nfpc_winit\etl\extract.py", line 1220, in main
    loader_fn(ms_conn, pg_conn)
  File "D:\vishwa\nfpc_winit\etl\extract.py", line 452, in load_dimensions
    progress.start_step('dim_customer', expected_rows=120000)
  File "D:\vishwa\nfpc_winit\etl\extract.py", line 103, in start_step
    log(f"  [{self.completed + 1}/{self.total_steps}] {name} {bar}")
Message: '  [4/16] dim_customer [\u2588\u2588\u2588\u2591\u2591\u2591\u2591\u2591\u2591\u2591\u2591\u2591\u2591\u2591\u2591\u2591\u2591\u2591\u2591\u2591] 19%'
Arguments: ()
[90m10:27:16[0m        Expected: ~120,000 rows
[90m10:31:54[0m   [OK] 119,482 rows in 277.7s (430 rows/sec)
[90m10:31:54[0m        Progress: 4/16 steps | Est. remaining: 15.2 min
--- Logging error ---
Traceback (most recent call last):
  File "C:\Users\vishwa\AppData\Local\Programs\Python\Python314\Lib\logging\__init__.py", line 1154, in emit
    stream.write(msg + self.terminator)
    ~~~~~~~~~~~~^^^^^^^^^^^^^^^^^^^^^^^
  File "C:\Users\vishwa\AppData\Local\Programs\Python\Python314\Lib\encodings\cp1252.py", line 19, in encode
    return codecs.charmap_encode(input,self.errors,encoding_table)[0]
           ~~~~~~~~~~~~~~~~~~~~~^^^^^^^^^^^^^^^^^^^^^^^^^^^^^^^^^^
UnicodeEncodeError: 'charmap' codec can't encode characters in position 20-69: character maps to <undefined>
Call stack:
  File "D:\vishwa\nfpc_winit\etl\extract.py", line 1296, in <module>
    main()
  File "D:\vishwa\nfpc_winit\etl\extract.py", line 1220, in main
    loader_fn(ms_conn, pg_conn)
  File "D:\vishwa\nfpc_winit\etl\extract.py", line 1124, in load_holidays
    progress.start_step('rpt_holidays', expected_rows=60)
  File "D:\vishwa\nfpc_winit\etl\extract.py", line 102, in start_step
    log(f"\n{'\u2500' * 50}")
Message: '\n\u2500\u2500\u2500\u2500\u2500\u2500\u2500\u2500\u2500\u2500\u2500\u2500\u2500\u2500\u2500\u2500\u2500\u2500\u2500\u2500\u2500\u2500\u2500\u2500\u2500\u2500\u2500\u2500\u2500\u2500\u2500\u2500\u2500\u2500\u2500\u2500\u2500\u2500\u2500\u2500\u2500\u2500\u2500\u2500\u2500\u2500\u2500\u2500\u2500\u2500'
Arguments: ()
--- Logging error ---
Traceback (most recent call last):
  File "C:\Users\vishwa\AppData\Local\Programs\Python\Python314\Lib\logging\__init__.py", line 1154, in emit
    stream.write(msg + self.terminator)
    ~~~~~~~~~~~~^^^^^^^^^^^^^^^^^^^^^^^
  File "C:\Users\vishwa\AppData\Local\Programs\Python\Python314\Lib\encodings\cp1252.py", line 19, in encode
    return codecs.charmap_encode(input,self.errors,encoding_table)[0]
           ~~~~~~~~~~~~~~~~~~~~~^^^^^^^^^^^^^^^^^^^^^^^^^^^^^^^^^^
UnicodeEncodeError: 'charmap' codec can't encode characters in position 41-60: character maps to <undefined>
Call stack:
  File "D:\vishwa\nfpc_winit\etl\extract.py", line 1296, in <module>
    main()
  File "D:\vishwa\nfpc_winit\etl\extract.py", line 1220, in main
    loader_fn(ms_conn, pg_conn)
  File "D:\vishwa\nfpc_winit\etl\extract.py", line 1124, in load_holidays
    progress.start_step('rpt_holidays', expected_rows=60)
  File "D:\vishwa\nfpc_winit\etl\extract.py", line 103, in start_step
    log(f"  [{self.completed + 1}/{self.total_steps}] {name} {bar}")
Message: '  [5/16] rpt_holidays [\u2588\u2588\u2588\u2588\u2588\u2591\u2591\u2591\u2591\u2591\u2591\u2591\u2591\u2591\u2591\u2591\u2591\u2591\u2591\u2591] 25%'
Arguments: ()
[90m10:31:54[0m        Expected: ~60 rows
[90m10:31:55[0m   [OK] 58 rows in 1.4s (42 rows/sec)
[90m10:31:55[0m        Progress: 5/16 steps | Est. remaining: 11.2 min
--- Logging error ---
Traceback (most recent call last):
  File "C:\Users\vishwa\AppData\Local\Programs\Python\Python314\Lib\logging\__init__.py", line 1154, in emit
    stream.write(msg + self.terminator)
    ~~~~~~~~~~~~^^^^^^^^^^^^^^^^^^^^^^^
  File "C:\Users\vishwa\AppData\Local\Programs\Python\Python314\Lib\encodings\cp1252.py", line 19, in encode
    return codecs.charmap_encode(input,self.errors,encoding_table)[0]
           ~~~~~~~~~~~~~~~~~~~~~^^^^^^^^^^^^^^^^^^^^^^^^^^^^^^^^^^
UnicodeEncodeError: 'charmap' codec can't encode characters in position 20-69: character maps to <undefined>
Call stack:
  File "D:\vishwa\nfpc_winit\etl\extract.py", line 1296, in <module>
    main()
  File "D:\vishwa\nfpc_winit\etl\extract.py", line 1220, in main
    loader_fn(ms_conn, pg_conn)
  File "D:\vishwa\nfpc_winit\etl\extract.py", line 805, in load_targets
    progress.start_step('rpt_targets', expected_rows=100)
  File "D:\vishwa\nfpc_winit\etl\extract.py", line 102, in start_step
    log(f"\n{'\u2500' * 50}")
Message: '\n\u2500\u2500\u2500\u2500\u2500\u2500\u2500\u2500\u2500\u2500\u2500\u2500\u2500\u2500\u2500\u2500\u2500\u2500\u2500\u2500\u2500\u2500\u2500\u2500\u2500\u2500\u2500\u2500\u2500\u2500\u2500\u2500\u2500\u2500\u2500\u2500\u2500\u2500\u2500\u2500\u2500\u2500\u2500\u2500\u2500\u2500\u2500\u2500\u2500\u2500'
Arguments: ()
--- Logging error ---
Traceback (most recent call last):
  File "C:\Users\vishwa\AppData\Local\Programs\Python\Python314\Lib\logging\__init__.py", line 1154, in emit
    stream.write(msg + self.terminator)
    ~~~~~~~~~~~~^^^^^^^^^^^^^^^^^^^^^^^
  File "C:\Users\vishwa\AppData\Local\Programs\Python\Python314\Lib\encodings\cp1252.py", line 19, in encode
    return codecs.charmap_encode(input,self.errors,encoding_table)[0]
           ~~~~~~~~~~~~~~~~~~~~~^^^^^^^^^^^^^^^^^^^^^^^^^^^^^^^^^^
UnicodeEncodeError: 'charmap' codec can't encode characters in position 40-59: character maps to <undefined>
Call stack:
  File "D:\vishwa\nfpc_winit\etl\extract.py", line 1296, in <module>
    main()
  File "D:\vishwa\nfpc_winit\etl\extract.py", line 1220, in main
    loader_fn(ms_conn, pg_conn)
  File "D:\vishwa\nfpc_winit\etl\extract.py", line 805, in load_targets
    progress.start_step('rpt_targets', expected_rows=100)
  File "D:\vishwa\nfpc_winit\etl\extract.py", line 103, in start_step
    log(f"  [{self.completed + 1}/{self.total_steps}] {name} {bar}")
Message: '  [6/16] rpt_targets [\u2588\u2588\u2588\u2588\u2588\u2588\u2591\u2591\u2591\u2591\u2591\u2591\u2591\u2591\u2591\u2591\u2591\u2591\u2591\u2591] 31%'
Arguments: ()
[90m10:31:55[0m        Expected: ~100 rows
[90m10:31:56[0m   Querying MSSQL (this may take a while for large tables)...
[90m10:31:56[0m   MSSQL query returned in 0.0s - starting load...
[90m10:31:57[0m   [OK] 162 rows in 1.6s (103 rows/sec)
[90m10:31:57[0m        Progress: 6/16 steps | Est. remaining: 8.5 min
--- Logging error ---
Traceback (most recent call last):
  File "C:\Users\vishwa\AppData\Local\Programs\Python\Python314\Lib\logging\__init__.py", line 1154, in emit
    stream.write(msg + self.terminator)
    ~~~~~~~~~~~~^^^^^^^^^^^^^^^^^^^^^^^
  File "C:\Users\vishwa\AppData\Local\Programs\Python\Python314\Lib\encodings\cp1252.py", line 19, in encode
    return codecs.charmap_encode(input,self.errors,encoding_table)[0]
           ~~~~~~~~~~~~~~~~~~~~~^^^^^^^^^^^^^^^^^^^^^^^^^^^^^^^^^^
UnicodeEncodeError: 'charmap' codec can't encode characters in position 20-69: character maps to <undefined>
Call stack:
  File "D:\vishwa\nfpc_winit\etl\extract.py", line 1296, in <module>
    main()
  File "D:\vishwa\nfpc_winit\etl\extract.py", line 1220, in main
    loader_fn(ms_conn, pg_conn)
  File "D:\vishwa\nfpc_winit\etl\extract.py", line 751, in load_coverage_summary
    progress.start_step('rpt_coverage_summary', expected_rows=25_000)
  File "D:\vishwa\nfpc_winit\etl\extract.py", line 102, in start_step
    log(f"\n{'\u2500' * 50}")
Message: '\n\u2500\u2500\u2500\u2500\u2500\u2500\u2500\u2500\u2500\u2500\u2500\u2500\u2500\u2500\u2500\u2500\u2500\u2500\u2500\u2500\u2500\u2500\u2500\u2500\u2500\u2500\u2500\u2500\u2500\u2500\u2500\u2500\u2500\u2500\u2500\u2500\u2500\u2500\u2500\u2500\u2500\u2500\u2500\u2500\u2500\u2500\u2500\u2500\u2500\u2500'
Arguments: ()
--- Logging error ---
Traceback (most recent call last):
  File "C:\Users\vishwa\AppData\Local\Programs\Python\Python314\Lib\logging\__init__.py", line 1154, in emit
    stream.write(msg + self.terminator)
    ~~~~~~~~~~~~^^^^^^^^^^^^^^^^^^^^^^^
  File "C:\Users\vishwa\AppData\Local\Programs\Python\Python314\Lib\encodings\cp1252.py", line 19, in encode
    return codecs.charmap_encode(input,self.errors,encoding_table)[0]
           ~~~~~~~~~~~~~~~~~~~~~^^^^^^^^^^^^^^^^^^^^^^^^^^^^^^^^^^
UnicodeEncodeError: 'charmap' codec can't encode characters in position 49-68: character maps to <undefined>
Call stack:
  File "D:\vishwa\nfpc_winit\etl\extract.py", line 1296, in <module>
    main()
  File "D:\vishwa\nfpc_winit\etl\extract.py", line 1220, in main
    loader_fn(ms_conn, pg_conn)
  File "D:\vishwa\nfpc_winit\etl\extract.py", line 751, in load_coverage_summary
    progress.start_step('rpt_coverage_summary', expected_rows=25_000)
  File "D:\vishwa\nfpc_winit\etl\extract.py", line 103, in start_step
    log(f"  [{self.completed + 1}/{self.total_steps}] {name} {bar}")
Message: '  [7/16] rpt_coverage_summary [\u2588\u2588\u2588\u2588\u2588\u2588\u2588\u2591\u2591\u2591\u2591\u2591\u2591\u2591\u2591\u2591\u2591\u2591\u2591\u2591] 38%'
Arguments: ()
[90m10:31:57[0m        Expected: ~25,000 rows
[90m10:31:57[0m   Querying MSSQL (this may take a while for large tables)...
[90m10:31:57[0m   MSSQL query returned in 0.0s - starting load...
[90m10:31:58[0m   [OK] 2,511 rows in 1.9s (1,346 rows/sec)
[90m10:31:58[0m        Progress: 7/16 steps | Est. remaining: 6.6 min
[90m10:31:58[0m 
  [Phase 2] Loading 12 fact tables in parallel (workers=4)...
[90m10:31:58[0m Connecting to MSSQL...
[90m10:31:58[0m Connecting to MSSQL...
[90m10:31:58[0m Connecting to MSSQL...
[90m10:31:58[0m Connecting to MSSQL...
[90m10:31:59[0m   MSSQL connected
[90m10:31:59[0m Connecting to PostgreSQL...
[90m10:31:59[0m   MSSQL connected
[90m10:31:59[0m Connecting to PostgreSQL...
[90m10:31:59[0m   MSSQL connected
[90m10:31:59[0m Connecting to PostgreSQL...
[90m10:31:59[0m   MSSQL connected
[90m10:31:59[0m Connecting to PostgreSQL...
[90m10:32:00[0m   PostgreSQL connected
--- Logging error ---
Traceback (most recent call last):
  File "C:\Users\vishwa\AppData\Local\Programs\Python\Python314\Lib\logging\__init__.py", line 1154, in emit
    stream.write(msg + self.terminator)
    ~~~~~~~~~~~~^^^^^^^^^^^^^^^^^^^^^^^
  File "C:\Users\vishwa\AppData\Local\Programs\Python\Python314\Lib\encodings\cp1252.py", line 19, in encode
    return codecs.charmap_encode(input,self.errors,encoding_table)[0]
           ~~~~~~~~~~~~~~~~~~~~~^^^^^^^^^^^^^^^^^^^^^^^^^^^^^^^^^^
UnicodeEncodeError: 'charmap' codec can't encode characters in position 20-69: character maps to <undefined>
Call stack:
  File "C:\Users\vishwa\AppData\Local\Programs\Python\Python314\Lib\threading.py", line 1043, in _bootstrap
    self._bootstrap_inner()
  File "C:\Users\vishwa\AppData\Local\Programs\Python\Python314\Lib\threading.py", line 1081, in _bootstrap_inner
    self._context.run(self.run)
  File "C:\Users\vishwa\AppData\Local\Programs\Python\Python314\Lib\threading.py", line 1023, in run
    self._target(*self._args, **self._kwargs)
  File "C:\Users\vishwa\AppData\Local\Programs\Python\Python314\Lib\concurrent\futures\thread.py", line 119, in _worker
    work_item.run(ctx)
  File "C:\Users\vishwa\AppData\Local\Programs\Python\Python314\Lib\concurrent\futures\thread.py", line 86, in run
    result = ctx.run(self.task)
  File "C:\Users\vishwa\AppData\Local\Programs\Python\Python314\Lib\concurrent\futures\thread.py", line 73, in run
    return fn(*args, **kwargs)
  File "D:\vishwa\nfpc_winit\etl\extract.py", line 1234, in run_table
    loader_fn(ms_c, pg_c)
  File "D:\vishwa\nfpc_winit\etl\extract.py", line 1067, in load_route_sales_summary_by_item
    progress.start_step('rpt_route_sales_summary_by_item', expected_rows=500_000)
  File "D:\vishwa\nfpc_winit\etl\extract.py", line 102, in start_step
    log(f"\n{'\u2500' * 50}")
Message: '\n\u2500\u2500\u2500\u2500\u2500\u2500\u2500\u2500\u2500\u2500\u2500\u2500\u2500\u2500\u2500\u2500\u2500\u2500\u2500\u2500\u2500\u2500\u2500\u2500\u2500\u2500\u2500\u2500\u2500\u2500\u2500\u2500\u2500\u2500\u2500\u2500\u2500\u2500\u2500\u2500\u2500\u2500\u2500\u2500\u2500\u2500\u2500\u2500\u2500\u2500'
Arguments: ()
[90m10:32:00[0m   PostgreSQL connected
[90m10:32:00[0m   PostgreSQL connected
--- Logging error ---
Traceback (most recent call last):
  File "C:\Users\vishwa\AppData\Local\Programs\Python\Python314\Lib\logging\__init__.py", line 1154, in emit
    stream.write(msg + self.terminator)
    ~~~~~~~~~~~~^^^^^^^^^^^^^^^^^^^^^^^
  File "C:\Users\vishwa\AppData\Local\Programs\Python\Python314\Lib\encodings\cp1252.py", line 19, in encode
    return codecs.charmap_encode(input,self.errors,encoding_table)[0]
           ~~~~~~~~~~~~~~~~~~~~~^^^^^^^^^^^^^^^^^^^^^^^^^^^^^^^^^^
UnicodeEncodeError: 'charmap' codec can't encode characters in position 60-79: character maps to <undefined>
Call stack:
  File "C:\Users\vishwa\AppData\Local\Programs\Python\Python314\Lib\threading.py", line 1043, in _bootstrap
    self._bootstrap_inner()
  File "C:\Users\vishwa\AppData\Local\Programs\Python\Python314\Lib\threading.py", line 1081, in _bootstrap_inner
    self._context.run(self.run)
  File "C:\Users\vishwa\AppData\Local\Programs\Python\Python314\Lib\threading.py", line 1023, in run
    self._target(*self._args, **self._kwargs)
  File "C:\Users\vishwa\AppData\Local\Programs\Python\Python314\Lib\concurrent\futures\thread.py", line 119, in _worker
    work_item.run(ctx)
  File "C:\Users\vishwa\AppData\Local\Programs\Python\Python314\Lib\concurrent\futures\thread.py", line 86, in run
    result = ctx.run(self.task)
  File "C:\Users\vishwa\AppData\Local\Programs\Python\Python314\Lib\concurrent\futures\thread.py", line 73, in run
    return fn(*args, **kwargs)
  File "D:\vishwa\nfpc_winit\etl\extract.py", line 1234, in run_table
    loader_fn(ms_c, pg_c)
  File "D:\vishwa\nfpc_winit\etl\extract.py", line 1067, in load_route_sales_summary_by_item
    progress.start_step('rpt_route_sales_summary_by_item', expected_rows=500_000)
  File "D:\vishwa\nfpc_winit\etl\extract.py", line 103, in start_step
    log(f"  [{self.completed + 1}/{self.total_steps}] {name} {bar}")
Message: '  [8/16] rpt_route_sales_summary_by_item [\u2588\u2588\u2588\u2588\u2588\u2588\u2588\u2588\u2591\u2591\u2591\u2591\u2591\u2591\u2591\u2591\u2591\u2591\u2591\u2591] 44%'
Arguments: ()
--- Logging error ---
Traceback (most recent call last):
  File "C:\Users\vishwa\AppData\Local\Programs\Python\Python314\Lib\logging\__init__.py", line 1154, in emit
    stream.write(msg + self.terminator)
    ~~~~~~~~~~~~^^^^^^^^^^^^^^^^^^^^^^^
  File "C:\Users\vishwa\AppData\Local\Programs\Python\Python314\Lib\encodings\cp1252.py", line 19, in encode
    return codecs.charmap_encode(input,self.errors,encoding_table)[0]
           ~~~~~~~~~~~~~~~~~~~~~^^^^^^^^^^^^^^^^^^^^^^^^^^^^^^^^^^
UnicodeEncodeError: 'charmap' codec can't encode characters in position 20-69: character maps to <undefined>
Call stack:
  File "C:\Users\vishwa\AppData\Local\Programs\Python\Python314\Lib\threading.py", line 1043, in _bootstrap
    self._bootstrap_inner()
  File "C:\Users\vishwa\AppData\Local\Programs\Python\Python314\Lib\threading.py", line 1081, in _bootstrap_inner
    self._context.run(self.run)
  File "C:\Users\vishwa\AppData\Local\Programs\Python\Python314\Lib\threading.py", line 1023, in run
    self._target(*self._args, **self._kwargs)
  File "C:\Users\vishwa\AppData\Local\Programs\Python\Python314\Lib\concurrent\futures\thread.py", line 119, in _worker
    work_item.run(ctx)
  File "C:\Users\vishwa\AppData\Local\Programs\Python\Python314\Lib\concurrent\futures\thread.py", line 86, in run
    result = ctx.run(self.task)
  File "C:\Users\vishwa\AppData\Local\Programs\Python\Python314\Lib\concurrent\futures\thread.py", line 73, in run
    return fn(*args, **kwargs)
  File "D:\vishwa\nfpc_winit\etl\extract.py", line 1234, in run_table
    loader_fn(ms_c, pg_c)
  File "D:\vishwa\nfpc_winit\etl\extract.py", line 1009, in load_invoice_totals
    progress.start_step('rpt_invoice_totals', expected_rows=500_000)
  File "D:\vishwa\nfpc_winit\etl\extract.py", line 102, in start_step
    log(f"\n{'\u2500' * 50}")
Message: '\n\u2500\u2500\u2500\u2500\u2500\u2500\u2500\u2500\u2500\u2500\u2500\u2500\u2500\u2500\u2500\u2500\u2500\u2500\u2500\u2500\u2500\u2500\u2500\u2500\u2500\u2500\u2500\u2500\u2500\u2500\u2500\u2500\u2500\u2500\u2500\u2500\u2500\u2500\u2500\u2500\u2500\u2500\u2500\u2500\u2500\u2500\u2500\u2500\u2500\u2500'
Arguments: ()
--- Logging error ---
Traceback (most recent call last):
  File "C:\Users\vishwa\AppData\Local\Programs\Python\Python314\Lib\logging\__init__.py", line 1154, in emit
    stream.write(msg + self.terminator)
    ~~~~~~~~~~~~^^^^^^^^^^^^^^^^^^^^^^^
  File "C:\Users\vishwa\AppData\Local\Programs\Python\Python314\Lib\encodings\cp1252.py", line 19, in encode
    return codecs.charmap_encode(input,self.errors,encoding_table)[0]
           ~~~~~~~~~~~~~~~~~~~~~^^^^^^^^^^^^^^^^^^^^^^^^^^^^^^^^^^
UnicodeEncodeError: 'charmap' codec can't encode characters in position 20-69: character maps to <undefined>
Call stack:
  File "C:\Users\vishwa\AppData\Local\Programs\Python\Python314\Lib\threading.py", line 1043, in _bootstrap
    self._bootstrap_inner()
  File "C:\Users\vishwa\AppData\Local\Programs\Python\Python314\Lib\threading.py", line 1081, in _bootstrap_inner
    self._context.run(self.run)
  File "C:\Users\vishwa\AppData\Local\Programs\Python\Python314\Lib\threading.py", line 1023, in run
    self._target(*self._args, **self._kwargs)
  File "C:\Users\vishwa\AppData\Local\Programs\Python\Python314\Lib\concurrent\futures\thread.py", line 119, in _worker
    work_item.run(ctx)
  File "C:\Users\vishwa\AppData\Local\Programs\Python\Python314\Lib\concurrent\futures\thread.py", line 86, in run
    result = ctx.run(self.task)
  File "C:\Users\vishwa\AppData\Local\Programs\Python\Python314\Lib\concurrent\futures\thread.py", line 73, in run
    return fn(*args, **kwargs)
  File "D:\vishwa\nfpc_winit\etl\extract.py", line 1234, in run_table
    loader_fn(ms_c, pg_c)
  File "D:\vishwa\nfpc_winit\etl\extract.py", line 1099, in load_route_sales_by_item_customer
    progress.start_step('rpt_route_sales_by_item_customer', expected_rows=2_500_000)
  File "D:\vishwa\nfpc_winit\etl\extract.py", line 102, in start_step
    log(f"\n{'\u2500' * 50}")
Message: '\n\u2500\u2500\u2500\u2500\u2500\u2500\u2500\u2500\u2500\u2500\u2500\u2500\u2500\u2500\u2500\u2500\u2500\u2500\u2500\u2500\u2500\u2500\u2500\u2500\u2500\u2500\u2500\u2500\u2500\u2500\u2500\u2500\u2500\u2500\u2500\u2500\u2500\u2500\u2500\u2500\u2500\u2500\u2500\u2500\u2500\u2500\u2500\u2500\u2500\u2500'
Arguments: ()
[90m10:32:00[0m        Expected: ~500,000 rows
--- Logging error ---
Traceback (most recent call last):
  File "C:\Users\vishwa\AppData\Local\Programs\Python\Python314\Lib\logging\__init__.py", line 1154, in emit
    stream.write(msg + self.terminator)
    ~~~~~~~~~~~~^^^^^^^^^^^^^^^^^^^^^^^
  File "C:\Users\vishwa\AppData\Local\Programs\Python\Python314\Lib\encodings\cp1252.py", line 19, in encode
    return codecs.charmap_encode(input,self.errors,encoding_table)[0]
           ~~~~~~~~~~~~~~~~~~~~~^^^^^^^^^^^^^^^^^^^^^^^^^^^^^^^^^^
UnicodeEncodeError: 'charmap' codec can't encode characters in position 47-66: character maps to <undefined>
Call stack:
  File "C:\Users\vishwa\AppData\Local\Programs\Python\Python314\Lib\threading.py", line 1043, in _bootstrap
    self._bootstrap_inner()
  File "C:\Users\vishwa\AppData\Local\Programs\Python\Python314\Lib\threading.py", line 1081, in _bootstrap_inner
    self._context.run(self.run)
  File "C:\Users\vishwa\AppData\Local\Programs\Python\Python314\Lib\threading.py", line 1023, in run
    self._target(*self._args, **self._kwargs)
  File "C:\Users\vishwa\AppData\Local\Programs\Python\Python314\Lib\concurrent\futures\thread.py", line 119, in _worker
    work_item.run(ctx)
  File "C:\Users\vishwa\AppData\Local\Programs\Python\Python314\Lib\concurrent\futures\thread.py", line 86, in run
    result = ctx.run(self.task)
  File "C:\Users\vishwa\AppData\Local\Programs\Python\Python314\Lib\concurrent\futures\thread.py", line 73, in run
    return fn(*args, **kwargs)
  File "D:\vishwa\nfpc_winit\etl\extract.py", line 1234, in run_table
    loader_fn(ms_c, pg_c)
  File "D:\vishwa\nfpc_winit\etl\extract.py", line 1009, in load_invoice_totals
    progress.start_step('rpt_invoice_totals', expected_rows=500_000)
  File "D:\vishwa\nfpc_winit\etl\extract.py", line 103, in start_step
    log(f"  [{self.completed + 1}/{self.total_steps}] {name} {bar}")
Message: '  [8/16] rpt_invoice_totals [\u2588\u2588\u2588\u2588\u2588\u2588\u2588\u2588\u2591\u2591\u2591\u2591\u2591\u2591\u2591\u2591\u2591\u2591\u2591\u2591] 44%'
Arguments: ()
--- Logging error ---
Traceback (most recent call last):
  File "C:\Users\vishwa\AppData\Local\Programs\Python\Python314\Lib\logging\__init__.py", line 1154, in emit
    stream.write(msg + self.terminator)
    ~~~~~~~~~~~~^^^^^^^^^^^^^^^^^^^^^^^
  File "C:\Users\vishwa\AppData\Local\Programs\Python\Python314\Lib\encodings\cp1252.py", line 19, in encode
    return codecs.charmap_encode(input,self.errors,encoding_table)[0]
           ~~~~~~~~~~~~~~~~~~~~~^^^^^^^^^^^^^^^^^^^^^^^^^^^^^^^^^^
UnicodeEncodeError: 'charmap' codec can't encode characters in position 61-80: character maps to <undefined>
Call stack:
  File "C:\Users\vishwa\AppData\Local\Programs\Python\Python314\Lib\threading.py", line 1043, in _bootstrap
    self._bootstrap_inner()
  File "C:\Users\vishwa\AppData\Local\Programs\Python\Python314\Lib\threading.py", line 1081, in _bootstrap_inner
    self._context.run(self.run)
  File "C:\Users\vishwa\AppData\Local\Programs\Python\Python314\Lib\threading.py", line 1023, in run
    self._target(*self._args, **self._kwargs)
  File "C:\Users\vishwa\AppData\Local\Programs\Python\Python314\Lib\concurrent\futures\thread.py", line 119, in _worker
    work_item.run(ctx)
  File "C:\Users\vishwa\AppData\Local\Programs\Python\Python314\Lib\concurrent\futures\thread.py", line 86, in run
    result = ctx.run(self.task)
  File "C:\Users\vishwa\AppData\Local\Programs\Python\Python314\Lib\concurrent\futures\thread.py", line 73, in run
    return fn(*args, **kwargs)
  File "D:\vishwa\nfpc_winit\etl\extract.py", line 1234, in run_table
    loader_fn(ms_c, pg_c)
  File "D:\vishwa\nfpc_winit\etl\extract.py", line 1099, in load_route_sales_by_item_customer
    progress.start_step('rpt_route_sales_by_item_customer', expected_rows=2_500_000)
  File "D:\vishwa\nfpc_winit\etl\extract.py", line 103, in start_step
    log(f"  [{self.completed + 1}/{self.total_steps}] {name} {bar}")
Message: '  [8/16] rpt_route_sales_by_item_customer [\u2588\u2588\u2588\u2588\u2588\u2588\u2588\u2588\u2591\u2591\u2591\u2591\u2591\u2591\u2591\u2591\u2591\u2591\u2591\u2591] 44%'
Arguments: ()
[90m10:32:01[0m        Expected: ~500,000 rows
[90m10:32:01[0m        Expected: ~2,500,000 rows
[90m10:32:01[0m   PostgreSQL connected
--- Logging error ---
Traceback (most recent call last):
  File "C:\Users\vishwa\AppData\Local\Programs\Python\Python314\Lib\logging\__init__.py", line 1154, in emit
    stream.write(msg + self.terminator)
    ~~~~~~~~~~~~^^^^^^^^^^^^^^^^^^^^^^^
  File "C:\Users\vishwa\AppData\Local\Programs\Python\Python314\Lib\encodings\cp1252.py", line 19, in encode
    return codecs.charmap_encode(input,self.errors,encoding_table)[0]
           ~~~~~~~~~~~~~~~~~~~~~^^^^^^^^^^^^^^^^^^^^^^^^^^^^^^^^^^
UnicodeEncodeError: 'charmap' codec can't encode characters in position 20-69: character maps to <undefined>
Call stack:
  File "C:\Users\vishwa\AppData\Local\Programs\Python\Python314\Lib\threading.py", line 1043, in _bootstrap
    self._bootstrap_inner()
  File "C:\Users\vishwa\AppData\Local\Programs\Python\Python314\Lib\threading.py", line 1081, in _bootstrap_inner
    self._context.run(self.run)
  File "C:\Users\vishwa\AppData\Local\Programs\Python\Python314\Lib\threading.py", line 1023, in run
    self._target(*self._args, **self._kwargs)
  File "C:\Users\vishwa\AppData\Local\Programs\Python\Python314\Lib\concurrent\futures\thread.py", line 119, in _worker
    work_item.run(ctx)
  File "C:\Users\vishwa\AppData\Local\Programs\Python\Python314\Lib\concurrent\futures\thread.py", line 86, in run
    result = ctx.run(self.task)
  File "C:\Users\vishwa\AppData\Local\Programs\Python\Python314\Lib\concurrent\futures\thread.py", line 73, in run
    return fn(*args, **kwargs)
  File "D:\vishwa\nfpc_winit\etl\extract.py", line 1234, in run_table
    loader_fn(ms_c, pg_c)
  File "D:\vishwa\nfpc_winit\etl\extract.py", line 779, in load_route_sales_collection
    progress.start_step('rpt_route_sales_collection', expected_rows=25_000)
  File "D:\vishwa\nfpc_winit\etl\extract.py", line 102, in start_step
    log(f"\n{'\u2500' * 50}")
Message: '\n\u2500\u2500\u2500\u2500\u2500\u2500\u2500\u2500\u2500\u2500\u2500\u2500\u2500\u2500\u2500\u2500\u2500\u2500\u2500\u2500\u2500\u2500\u2500\u2500\u2500\u2500\u2500\u2500\u2500\u2500\u2500\u2500\u2500\u2500\u2500\u2500\u2500\u2500\u2500\u2500\u2500\u2500\u2500\u2500\u2500\u2500\u2500\u2500\u2500\u2500'
Arguments: ()
--- Logging error ---
Traceback (most recent call last):
  File "C:\Users\vishwa\AppData\Local\Programs\Python\Python314\Lib\logging\__init__.py", line 1154, in emit
    stream.write(msg + self.terminator)
    ~~~~~~~~~~~~^^^^^^^^^^^^^^^^^^^^^^^
  File "C:\Users\vishwa\AppData\Local\Programs\Python\Python314\Lib\encodings\cp1252.py", line 19, in encode
    return codecs.charmap_encode(input,self.errors,encoding_table)[0]
           ~~~~~~~~~~~~~~~~~~~~~^^^^^^^^^^^^^^^^^^^^^^^^^^^^^^^^^^
UnicodeEncodeError: 'charmap' codec can't encode characters in position 55-74: character maps to <undefined>
Call stack:
  File "C:\Users\vishwa\AppData\Local\Programs\Python\Python314\Lib\threading.py", line 1043, in _bootstrap
    self._bootstrap_inner()
  File "C:\Users\vishwa\AppData\Local\Programs\Python\Python314\Lib\threading.py", line 1081, in _bootstrap_inner
    self._context.run(self.run)
  File "C:\Users\vishwa\AppData\Local\Programs\Python\Python314\Lib\threading.py", line 1023, in run
    self._target(*self._args, **self._kwargs)
  File "C:\Users\vishwa\AppData\Local\Programs\Python\Python314\Lib\concurrent\futures\thread.py", line 119, in _worker
    work_item.run(ctx)
  File "C:\Users\vishwa\AppData\Local\Programs\Python\Python314\Lib\concurrent\futures\thread.py", line 86, in run
    result = ctx.run(self.task)
  File "C:\Users\vishwa\AppData\Local\Programs\Python\Python314\Lib\concurrent\futures\thread.py", line 73, in run
    return fn(*args, **kwargs)
  File "D:\vishwa\nfpc_winit\etl\extract.py", line 1234, in run_table
    loader_fn(ms_c, pg_c)
  File "D:\vishwa\nfpc_winit\etl\extract.py", line 779, in load_route_sales_collection
    progress.start_step('rpt_route_sales_collection', expected_rows=25_000)
  File "D:\vishwa\nfpc_winit\etl\extract.py", line 103, in start_step
    log(f"  [{self.completed + 1}/{self.total_steps}] {name} {bar}")
Message: '  [8/16] rpt_route_sales_collection [\u2588\u2588\u2588\u2588\u2588\u2588\u2588\u2588\u2591\u2591\u2591\u2591\u2591\u2591\u2591\u2591\u2591\u2591\u2591\u2591] 44%'
Arguments: ()
[90m10:32:01[0m        Expected: ~25,000 rows
[90m10:32:01[0m   Querying MSSQL (this may take a while for large tables)...
[90m10:32:01[0m   Querying MSSQL (this may take a while for large tables)...
[90m10:32:01[0m     Processing 2026-03-01 to 2026-03-10...
[90m10:32:01[0m   Querying MSSQL (this may take a while for large tables)...
[90m10:32:01[0m   MSSQL query returned in 0.1s - starting load...
[90m10:32:01[0m   MSSQL query returned in 0.1s - starting load...
[90m10:32:01[0m   Querying MSSQL (this may take a while for large tables)...
[90m10:32:01[0m   MSSQL query returned in 0.0s - starting load...
[90m10:32:02[0m   MSSQL query returned in 0.7s - starting load...
[90m10:32:03[0m   [OK] 2,101 rows in 2.5s (851 rows/sec)
[90m10:32:03[0m        Progress: 8/16 steps | Est. remaining: 5.2 min
[90m10:32:03[0m Connecting to MSSQL...
[90m10:32:03[0m   MSSQL connected
[90m10:32:03[0m Connecting to PostgreSQL...
[90m10:32:05[0m   PostgreSQL connected
--- Logging error ---
Traceback (most recent call last):
  File "C:\Users\vishwa\AppData\Local\Programs\Python\Python314\Lib\logging\__init__.py", line 1154, in emit
    stream.write(msg + self.terminator)
    ~~~~~~~~~~~~^^^^^^^^^^^^^^^^^^^^^^^
  File "C:\Users\vishwa\AppData\Local\Programs\Python\Python314\Lib\encodings\cp1252.py", line 19, in encode
    return codecs.charmap_encode(input,self.errors,encoding_table)[0]
           ~~~~~~~~~~~~~~~~~~~~~^^^^^^^^^^^^^^^^^^^^^^^^^^^^^^^^^^
UnicodeEncodeError: 'charmap' codec can't encode characters in position 20-69: character maps to <undefined>
Call stack:
  File "C:\Users\vishwa\AppData\Local\Programs\Python\Python314\Lib\threading.py", line 1043, in _bootstrap
    self._bootstrap_inner()
  File "C:\Users\vishwa\AppData\Local\Programs\Python\Python314\Lib\threading.py", line 1081, in _bootstrap_inner
    self._context.run(self.run)
  File "C:\Users\vishwa\AppData\Local\Programs\Python\Python314\Lib\threading.py", line 1023, in run
    self._target(*self._args, **self._kwargs)
  File "C:\Users\vishwa\AppData\Local\Programs\Python\Python314\Lib\concurrent\futures\thread.py", line 119, in _worker
    work_item.run(ctx)
  File "C:\Users\vishwa\AppData\Local\Programs\Python\Python314\Lib\concurrent\futures\thread.py", line 86, in run
    result = ctx.run(self.task)
  File "C:\Users\vishwa\AppData\Local\Programs\Python\Python314\Lib\concurrent\futures\thread.py", line 73, in run
    return fn(*args, **kwargs)
  File "D:\vishwa\nfpc_winit\etl\extract.py", line 1234, in run_table
    loader_fn(ms_c, pg_c)
  File "D:\vishwa\nfpc_winit\etl\extract.py", line 942, in load_eot
    progress.start_step('rpt_eot', expected_rows=80_000)
  File "D:\vishwa\nfpc_winit\etl\extract.py", line 102, in start_step
    log(f"\n{'\u2500' * 50}")
Message: '\n\u2500\u2500\u2500\u2500\u2500\u2500\u2500\u2500\u2500\u2500\u2500\u2500\u2500\u2500\u2500\u2500\u2500\u2500\u2500\u2500\u2500\u2500\u2500\u2500\u2500\u2500\u2500\u2500\u2500\u2500\u2500\u2500\u2500\u2500\u2500\u2500\u2500\u2500\u2500\u2500\u2500\u2500\u2500\u2500\u2500\u2500\u2500\u2500\u2500\u2500'
Arguments: ()
--- Logging error ---
Traceback (most recent call last):
  File "C:\Users\vishwa\AppData\Local\Programs\Python\Python314\Lib\logging\__init__.py", line 1154, in emit
    stream.write(msg + self.terminator)
    ~~~~~~~~~~~~^^^^^^^^^^^^^^^^^^^^^^^
  File "C:\Users\vishwa\AppData\Local\Programs\Python\Python314\Lib\encodings\cp1252.py", line 19, in encode
    return codecs.charmap_encode(input,self.errors,encoding_table)[0]
           ~~~~~~~~~~~~~~~~~~~~~^^^^^^^^^^^^^^^^^^^^^^^^^^^^^^^^^^
UnicodeEncodeError: 'charmap' codec can't encode characters in position 36-55: character maps to <undefined>
Call stack:
  File "C:\Users\vishwa\AppData\Local\Programs\Python\Python314\Lib\threading.py", line 1043, in _bootstrap
    self._bootstrap_inner()
  File "C:\Users\vishwa\AppData\Local\Programs\Python\Python314\Lib\threading.py", line 1081, in _bootstrap_inner
    self._context.run(self.run)
  File "C:\Users\vishwa\AppData\Local\Programs\Python\Python314\Lib\threading.py", line 1023, in run
    self._target(*self._args, **self._kwargs)
  File "C:\Users\vishwa\AppData\Local\Programs\Python\Python314\Lib\concurrent\futures\thread.py", line 119, in _worker
    work_item.run(ctx)
  File "C:\Users\vishwa\AppData\Local\Programs\Python\Python314\Lib\concurrent\futures\thread.py", line 86, in run
    result = ctx.run(self.task)
  File "C:\Users\vishwa\AppData\Local\Programs\Python\Python314\Lib\concurrent\futures\thread.py", line 73, in run
    return fn(*args, **kwargs)
  File "D:\vishwa\nfpc_winit\etl\extract.py", line 1234, in run_table
    loader_fn(ms_c, pg_c)
  File "D:\vishwa\nfpc_winit\etl\extract.py", line 942, in load_eot
    progress.start_step('rpt_eot', expected_rows=80_000)
  File "D:\vishwa\nfpc_winit\etl\extract.py", line 103, in start_step
    log(f"  [{self.completed + 1}/{self.total_steps}] {name} {bar}")
Message: '  [9/16] rpt_eot [\u2588\u2588\u2588\u2588\u2588\u2588\u2588\u2588\u2588\u2588\u2591\u2591\u2591\u2591\u2591\u2591\u2591\u2591\u2591\u2591] 50%'
Arguments: ()
[90m10:32:05[0m        Expected: ~80,000 rows
[90m10:32:05[0m              10,000 rows | 136,814 rows/sec | 0s elapsed | ETA 1s
[90m10:32:05[0m              20,000 rows | 65,938 rows/sec | 0s elapsed | ETA 1s
[90m10:32:06[0m   Querying MSSQL (this may take a while for large tables)...
[90m10:32:06[0m              20,000 rows | 22,933 rows/sec | 1s elapsed | ETA 3s
[90m10:32:06[0m   MSSQL query returned in 0.1s - starting load...
[90m10:32:07[0m              30,000 rows | 17,025 rows/sec | 2s elapsed | ETA 3s
[90m10:32:07[0m              20,000 rows | 10,172 rows/sec | 2s elapsed | ETA 6s
[90m10:32:08[0m              40,000 rows | 12,490 rows/sec | 3s elapsed | ETA 3s
[90m10:32:09[0m   [OK] 2,057 rows in 3.5s (582 rows/sec)
[90m10:32:09[0m        Progress: 9/16 steps | Est. remaining: 4.1 min
[90m10:32:09[0m Connecting to MSSQL...
[90m10:32:09[0m   MSSQL connected
[90m10:32:09[0m Connecting to PostgreSQL...
[90m10:32:11[0m   PostgreSQL connected
--- Logging error ---
Traceback (most recent call last):
  File "C:\Users\vishwa\AppData\Local\Programs\Python\Python314\Lib\logging\__init__.py", line 1154, in emit
    stream.write(msg + self.terminator)
    ~~~~~~~~~~~~^^^^^^^^^^^^^^^^^^^^^^^
  File "C:\Users\vishwa\AppData\Local\Programs\Python\Python314\Lib\encodings\cp1252.py", line 19, in encode
    return codecs.charmap_encode(input,self.errors,encoding_table)[0]
           ~~~~~~~~~~~~~~~~~~~~~^^^^^^^^^^^^^^^^^^^^^^^^^^^^^^^^^^
UnicodeEncodeError: 'charmap' codec can't encode characters in position 20-69: character maps to <undefined>
Call stack:
  File "C:\Users\vishwa\AppData\Local\Programs\Python\Python314\Lib\threading.py", line 1043, in _bootstrap
    self._bootstrap_inner()
  File "C:\Users\vishwa\AppData\Local\Programs\Python\Python314\Lib\threading.py", line 1081, in _bootstrap_inner
    self._context.run(self.run)
  File "C:\Users\vishwa\AppData\Local\Programs\Python\Python314\Lib\threading.py", line 1023, in run
    self._target(*self._args, **self._kwargs)
  File "C:\Users\vishwa\AppData\Local\Programs\Python\Python314\Lib\concurrent\futures\thread.py", line 119, in _worker
    work_item.run(ctx)
  File "C:\Users\vishwa\AppData\Local\Programs\Python\Python314\Lib\concurrent\futures\thread.py", line 86, in run
    result = ctx.run(self.task)
  File "C:\Users\vishwa\AppData\Local\Programs\Python\Python314\Lib\concurrent\futures\thread.py", line 73, in run
    return fn(*args, **kwargs)
  File "D:\vishwa\nfpc_winit\etl\extract.py", line 1234, in run_table
    loader_fn(ms_c, pg_c)
  File "D:\vishwa\nfpc_winit\etl\extract.py", line 725, in load_journeys
    progress.start_step('rpt_journeys', expected_rows=80_000)
  File "D:\vishwa\nfpc_winit\etl\extract.py", line 102, in start_step
    log(f"\n{'\u2500' * 50}")
Message: '\n\u2500\u2500\u2500\u2500\u2500\u2500\u2500\u2500\u2500\u2500\u2500\u2500\u2500\u2500\u2500\u2500\u2500\u2500\u2500\u2500\u2500\u2500\u2500\u2500\u2500\u2500\u2500\u2500\u2500\u2500\u2500\u2500\u2500\u2500\u2500\u2500\u2500\u2500\u2500\u2500\u2500\u2500\u2500\u2500\u2500\u2500\u2500\u2500\u2500\u2500'
Arguments: ()
--- Logging error ---
Traceback (most recent call last):
  File "C:\Users\vishwa\AppData\Local\Programs\Python\Python314\Lib\logging\__init__.py", line 1154, in emit
    stream.write(msg + self.terminator)
    ~~~~~~~~~~~~^^^^^^^^^^^^^^^^^^^^^^^
  File "C:\Users\vishwa\AppData\Local\Programs\Python\Python314\Lib\encodings\cp1252.py", line 19, in encode
    return codecs.charmap_encode(input,self.errors,encoding_table)[0]
           ~~~~~~~~~~~~~~~~~~~~~^^^^^^^^^^^^^^^^^^^^^^^^^^^^^^^^^^
UnicodeEncodeError: 'charmap' codec can't encode characters in position 42-61: character maps to <undefined>
Call stack:
  File "C:\Users\vishwa\AppData\Local\Programs\Python\Python314\Lib\threading.py", line 1043, in _bootstrap
    self._bootstrap_inner()
  File "C:\Users\vishwa\AppData\Local\Programs\Python\Python314\Lib\threading.py", line 1081, in _bootstrap_inner
    self._context.run(self.run)
  File "C:\Users\vishwa\AppData\Local\Programs\Python\Python314\Lib\threading.py", line 1023, in run
    self._target(*self._args, **self._kwargs)
  File "C:\Users\vishwa\AppData\Local\Programs\Python\Python314\Lib\concurrent\futures\thread.py", line 119, in _worker
    work_item.run(ctx)
  File "C:\Users\vishwa\AppData\Local\Programs\Python\Python314\Lib\concurrent\futures\thread.py", line 86, in run
    result = ctx.run(self.task)
  File "C:\Users\vishwa\AppData\Local\Programs\Python\Python314\Lib\concurrent\futures\thread.py", line 73, in run
    return fn(*args, **kwargs)
  File "D:\vishwa\nfpc_winit\etl\extract.py", line 1234, in run_table
    loader_fn(ms_c, pg_c)
  File "D:\vishwa\nfpc_winit\etl\extract.py", line 725, in load_journeys
    progress.start_step('rpt_journeys', expected_rows=80_000)
  File "D:\vishwa\nfpc_winit\etl\extract.py", line 103, in start_step
    log(f"  [{self.completed + 1}/{self.total_steps}] {name} {bar}")
Message: '  [10/16] rpt_journeys [\u2588\u2588\u2588\u2588\u2588\u2588\u2588\u2588\u2588\u2588\u2588\u2591\u2591\u2591\u2591\u2591\u2591\u2591\u2591\u2591] 56%'
Arguments: ()
[90m10:32:11[0m        Expected: ~80,000 rows
[90m10:32:11[0m              60,000 rows | 482,803 rows/sec | 0s elapsed | ETA 0s
[90m10:32:12[0m   Querying MSSQL (this may take a while for large tables)...
[90m10:32:12[0m   MSSQL query returned in 0.1s - starting load...
[90m10:32:12[0m              70,000 rows | 46,254 rows/sec | 2s elapsed | ETA 0s
[90m10:32:13[0m              50,000 rows | 27,692 rows/sec | 2s elapsed | ETA 1s
[90m10:32:14[0m              80,000 rows | 28,174 rows/sec | 3s elapsed | ETA 0s
[90m10:32:14[0m   [OK] 2,156 rows in 2.9s (752 rows/sec)
[90m10:32:14[0m        Progress: 10/16 steps | Est. remaining: 3.2 min
[90m10:32:14[0m Connecting to MSSQL...
[90m10:32:14[0m   MSSQL connected
[90m10:32:14[0m Connecting to PostgreSQL...
[90m10:32:15[0m     2026-03-01 to 2026-03-10: 59,742 rows
[90m10:32:15[0m FAILED on invoice_totals: 'NoneType' object is not subscriptable
[90m10:32:15[0m Connecting to MSSQL...
[90m10:32:15[0m   MSSQL connected
[90m10:32:15[0m Connecting to PostgreSQL...
[90m10:32:16[0m   PostgreSQL connected
--- Logging error ---
Traceback (most recent call last):
  File "C:\Users\vishwa\AppData\Local\Programs\Python\Python314\Lib\logging\__init__.py", line 1154, in emit
    stream.write(msg + self.terminator)
    ~~~~~~~~~~~~^^^^^^^^^^^^^^^^^^^^^^^
  File "C:\Users\vishwa\AppData\Local\Programs\Python\Python314\Lib\encodings\cp1252.py", line 19, in encode
    return codecs.charmap_encode(input,self.errors,encoding_table)[0]
           ~~~~~~~~~~~~~~~~~~~~~^^^^^^^^^^^^^^^^^^^^^^^^^^^^^^^^^^
UnicodeEncodeError: 'charmap' codec can't encode characters in position 20-69: character maps to <undefined>
Call stack:
  File "C:\Users\vishwa\AppData\Local\Programs\Python\Python314\Lib\threading.py", line 1043, in _bootstrap
    self._bootstrap_inner()
  File "C:\Users\vishwa\AppData\Local\Programs\Python\Python314\Lib\threading.py", line 1081, in _bootstrap_inner
    self._context.run(self.run)
  File "C:\Users\vishwa\AppData\Local\Programs\Python\Python314\Lib\threading.py", line 1023, in run
    self._target(*self._args, **self._kwargs)
  File "C:\Users\vishwa\AppData\Local\Programs\Python\Python314\Lib\concurrent\futures\thread.py", line 119, in _worker
    work_item.run(ctx)
  File "C:\Users\vishwa\AppData\Local\Programs\Python\Python314\Lib\concurrent\futures\thread.py", line 86, in run
    result = ctx.run(self.task)
  File "C:\Users\vishwa\AppData\Local\Programs\Python\Python314\Lib\concurrent\futures\thread.py", line 73, in run
    return fn(*args, **kwargs)
  File "D:\vishwa\nfpc_winit\etl\extract.py", line 1234, in run_table
    loader_fn(ms_c, pg_c)
  File "D:\vishwa\nfpc_winit\etl\extract.py", line 650, in load_collections
    progress.start_step('rpt_collections', expected_rows=1_500_000)
  File "D:\vishwa\nfpc_winit\etl\extract.py", line 102, in start_step
    log(f"\n{'\u2500' * 50}")
Message: '\n\u2500\u2500\u2500\u2500\u2500\u2500\u2500\u2500\u2500\u2500\u2500\u2500\u2500\u2500\u2500\u2500\u2500\u2500\u2500\u2500\u2500\u2500\u2500\u2500\u2500\u2500\u2500\u2500\u2500\u2500\u2500\u2500\u2500\u2500\u2500\u2500\u2500\u2500\u2500\u2500\u2500\u2500\u2500\u2500\u2500\u2500\u2500\u2500\u2500\u2500'
Arguments: ()
--- Logging error ---
Traceback (most recent call last):
  File "C:\Users\vishwa\AppData\Local\Programs\Python\Python314\Lib\logging\__init__.py", line 1154, in emit
    stream.write(msg + self.terminator)
    ~~~~~~~~~~~~^^^^^^^^^^^^^^^^^^^^^^^
  File "C:\Users\vishwa\AppData\Local\Programs\Python\Python314\Lib\encodings\cp1252.py", line 19, in encode
    return codecs.charmap_encode(input,self.errors,encoding_table)[0]
           ~~~~~~~~~~~~~~~~~~~~~^^^^^^^^^^^^^^^^^^^^^^^^^^^^^^^^^^
UnicodeEncodeError: 'charmap' codec can't encode characters in position 45-64: character maps to <undefined>
Call stack:
  File "C:\Users\vishwa\AppData\Local\Programs\Python\Python314\Lib\threading.py", line 1043, in _bootstrap
    self._bootstrap_inner()
  File "C:\Users\vishwa\AppData\Local\Programs\Python\Python314\Lib\threading.py", line 1081, in _bootstrap_inner
    self._context.run(self.run)
  File "C:\Users\vishwa\AppData\Local\Programs\Python\Python314\Lib\threading.py", line 1023, in run
    self._target(*self._args, **self._kwargs)
  File "C:\Users\vishwa\AppData\Local\Programs\Python\Python314\Lib\concurrent\futures\thread.py", line 119, in _worker
    work_item.run(ctx)
  File "C:\Users\vishwa\AppData\Local\Programs\Python\Python314\Lib\concurrent\futures\thread.py", line 86, in run
    result = ctx.run(self.task)
  File "C:\Users\vishwa\AppData\Local\Programs\Python\Python314\Lib\concurrent\futures\thread.py", line 73, in run
    return fn(*args, **kwargs)
  File "D:\vishwa\nfpc_winit\etl\extract.py", line 1234, in run_table
    loader_fn(ms_c, pg_c)
  File "D:\vishwa\nfpc_winit\etl\extract.py", line 650, in load_collections
    progress.start_step('rpt_collections', expected_rows=1_500_000)
  File "D:\vishwa\nfpc_winit\etl\extract.py", line 103, in start_step
    log(f"  [{self.completed + 1}/{self.total_steps}] {name} {bar}")
Message: '  [11/16] rpt_collections [\u2588\u2588\u2588\u2588\u2588\u2588\u2588\u2588\u2588\u2588\u2588\u2588\u2591\u2591\u2591\u2591\u2591\u2591\u2591\u2591] 62%'
Arguments: ()
[90m10:32:16[0m        Expected: ~1,500,000 rows
[90m10:32:16[0m             100,000 rows | 171,757 rows/sec | 1s elapsed | ETA 8s
[90m10:32:16[0m   Querying MSSQL (this may take a while for large tables)...
[90m10:32:17[0m   MSSQL query returned in 0.0s - starting load...
[90m10:32:17[0m   PostgreSQL connected
--- Logging error ---
Traceback (most recent call last):
  File "C:\Users\vishwa\AppData\Local\Programs\Python\Python314\Lib\logging\__init__.py", line 1154, in emit
    stream.write(msg + self.terminator)
    ~~~~~~~~~~~~^^^^^^^^^^^^^^^^^^^^^^^
  File "C:\Users\vishwa\AppData\Local\Programs\Python\Python314\Lib\encodings\cp1252.py", line 19, in encode
    return codecs.charmap_encode(input,self.errors,encoding_table)[0]
           ~~~~~~~~~~~~~~~~~~~~~^^^^^^^^^^^^^^^^^^^^^^^^^^^^^^^^^^
UnicodeEncodeError: 'charmap' codec can't encode characters in position 20-69: character maps to <undefined>
Call stack:
  File "C:\Users\vishwa\AppData\Local\Programs\Python\Python314\Lib\threading.py", line 1043, in _bootstrap
    self._bootstrap_inner()
  File "C:\Users\vishwa\AppData\Local\Programs\Python\Python314\Lib\threading.py", line 1081, in _bootstrap_inner
    self._context.run(self.run)
  File "C:\Users\vishwa\AppData\Local\Programs\Python\Python314\Lib\threading.py", line 1023, in run
    self._target(*self._args, **self._kwargs)
  File "C:\Users\vishwa\AppData\Local\Programs\Python\Python314\Lib\concurrent\futures\thread.py", line 119, in _worker
    work_item.run(ctx)
  File "C:\Users\vishwa\AppData\Local\Programs\Python\Python314\Lib\concurrent\futures\thread.py", line 86, in run
    result = ctx.run(self.task)
  File "C:\Users\vishwa\AppData\Local\Programs\Python\Python314\Lib\concurrent\futures\thread.py", line 73, in run
    return fn(*args, **kwargs)
  File "D:\vishwa\nfpc_winit\etl\extract.py", line 1234, in run_table
    loader_fn(ms_c, pg_c)
  File "D:\vishwa\nfpc_winit\etl\extract.py", line 682, in load_customer_visits
    progress.start_step('rpt_customer_visits', expected_rows=3_000_000)
  File "D:\vishwa\nfpc_winit\etl\extract.py", line 102, in start_step
    log(f"\n{'\u2500' * 50}")
Message: '\n\u2500\u2500\u2500\u2500\u2500\u2500\u2500\u2500\u2500\u2500\u2500\u2500\u2500\u2500\u2500\u2500\u2500\u2500\u2500\u2500\u2500\u2500\u2500\u2500\u2500\u2500\u2500\u2500\u2500\u2500\u2500\u2500\u2500\u2500\u2500\u2500\u2500\u2500\u2500\u2500\u2500\u2500\u2500\u2500\u2500\u2500\u2500\u2500\u2500\u2500'
Arguments: ()
--- Logging error ---
Traceback (most recent call last):
  File "C:\Users\vishwa\AppData\Local\Programs\Python\Python314\Lib\logging\__init__.py", line 1154, in emit
    stream.write(msg + self.terminator)
    ~~~~~~~~~~~~^^^^^^^^^^^^^^^^^^^^^^^
  File "C:\Users\vishwa\AppData\Local\Programs\Python\Python314\Lib\encodings\cp1252.py", line 19, in encode
    return codecs.charmap_encode(input,self.errors,encoding_table)[0]
           ~~~~~~~~~~~~~~~~~~~~~^^^^^^^^^^^^^^^^^^^^^^^^^^^^^^^^^^
UnicodeEncodeError: 'charmap' codec can't encode characters in position 49-68: character maps to <undefined>
Call stack:
  File "C:\Users\vishwa\AppData\Local\Programs\Python\Python314\Lib\threading.py", line 1043, in _bootstrap
    self._bootstrap_inner()
  File "C:\Users\vishwa\AppData\Local\Programs\Python\Python314\Lib\threading.py", line 1081, in _bootstrap_inner
    self._context.run(self.run)
  File "C:\Users\vishwa\AppData\Local\Programs\Python\Python314\Lib\threading.py", line 1023, in run
    self._target(*self._args, **self._kwargs)
  File "C:\Users\vishwa\AppData\Local\Programs\Python\Python314\Lib\concurrent\futures\thread.py", line 119, in _worker
    work_item.run(ctx)
  File "C:\Users\vishwa\AppData\Local\Programs\Python\Python314\Lib\concurrent\futures\thread.py", line 86, in run
    result = ctx.run(self.task)
  File "C:\Users\vishwa\AppData\Local\Programs\Python\Python314\Lib\concurrent\futures\thread.py", line 73, in run
    return fn(*args, **kwargs)
  File "D:\vishwa\nfpc_winit\etl\extract.py", line 1234, in run_table
    loader_fn(ms_c, pg_c)
  File "D:\vishwa\nfpc_winit\etl\extract.py", line 682, in load_customer_visits
    progress.start_step('rpt_customer_visits', expected_rows=3_000_000)
  File "D:\vishwa\nfpc_winit\etl\extract.py", line 103, in start_step
    log(f"  [{self.completed + 1}/{self.total_steps}] {name} {bar}")
Message: '  [11/16] rpt_customer_visits [\u2588\u2588\u2588\u2588\u2588\u2588\u2588\u2588\u2588\u2588\u2588\u2588\u2591\u2591\u2591\u2591\u2591\u2591\u2591\u2591] 62%'
Arguments: ()
[90m10:32:17[0m        Expected: ~3,000,000 rows
[90m10:32:18[0m   Querying MSSQL (this may take a while for large tables)...
[90m10:32:18[0m   MSSQL query returned in 0.0s - starting load...
[90m10:32:22[0m             150,000 rows | 26,628 rows/sec | 6s elapsed | ETA 107s
[90m10:32:29[0m             200,000 rows | 16,905 rows/sec | 12s elapsed | ETA 166s
[90m10:32:34[0m              50,000 rows | 2,854 rows/sec | 18s elapsed | ETA 1034s
[90m10:32:36[0m             250,000 rows | 13,320 rows/sec | 19s elapsed | ETA 206s
[90m10:32:42[0m              50,000 rows | 2,013 rows/sec | 25s elapsed | ETA 1466s
[90m10:32:44[0m   [OK] 85,539 rows in 27.1s (3,156 rows/sec)
[90m10:32:44[0m        Progress: 11/16 steps | Est. remaining: 2.7 min
[90m10:32:44[0m Connecting to MSSQL...
[90m10:32:44[0m   MSSQL connected
[90m10:32:44[0m Connecting to PostgreSQL...
[90m10:32:46[0m   PostgreSQL connected
--- Logging error ---
Traceback (most recent call last):
  File "C:\Users\vishwa\AppData\Local\Programs\Python\Python314\Lib\logging\__init__.py", line 1154, in emit
    stream.write(msg + self.terminator)
    ~~~~~~~~~~~~^^^^^^^^^^^^^^^^^^^^^^^
  File "C:\Users\vishwa\AppData\Local\Programs\Python\Python314\Lib\encodings\cp1252.py", line 19, in encode
    return codecs.charmap_encode(input,self.errors,encoding_table)[0]
           ~~~~~~~~~~~~~~~~~~~~~^^^^^^^^^^^^^^^^^^^^^^^^^^^^^^^^^^
UnicodeEncodeError: 'charmap' codec can't encode characters in position 20-69: character maps to <undefined>
Call stack:
  File "C:\Users\vishwa\AppData\Local\Programs\Python\Python314\Lib\threading.py", line 1043, in _bootstrap
    self._bootstrap_inner()
  File "C:\Users\vishwa\AppData\Local\Programs\Python\Python314\Lib\threading.py", line 1081, in _bootstrap_inner
    self._context.run(self.run)
  File "C:\Users\vishwa\AppData\Local\Programs\Python\Python314\Lib\threading.py", line 1023, in run
    self._target(*self._args, **self._kwargs)
  File "C:\Users\vishwa\AppData\Local\Programs\Python\Python314\Lib\concurrent\futures\thread.py", line 119, in _worker
    work_item.run(ctx)
  File "C:\Users\vishwa\AppData\Local\Programs\Python\Python314\Lib\concurrent\futures\thread.py", line 86, in run
    result = ctx.run(self.task)
  File "C:\Users\vishwa\AppData\Local\Programs\Python\Python314\Lib\concurrent\futures\thread.py", line 73, in run
    return fn(*args, **kwargs)
  File "D:\vishwa\nfpc_winit\etl\extract.py", line 1234, in run_table
    loader_fn(ms_c, pg_c)
  File "D:\vishwa\nfpc_winit\etl\extract.py", line 967, in load_journey_plan
    progress.start_step('rpt_journey_plan', expected_rows=2_000_000)
  File "D:\vishwa\nfpc_winit\etl\extract.py", line 102, in start_step
    log(f"\n{'\u2500' * 50}")
Message: '\n\u2500\u2500\u2500\u2500\u2500\u2500\u2500\u2500\u2500\u2500\u2500\u2500\u2500\u2500\u2500\u2500\u2500\u2500\u2500\u2500\u2500\u2500\u2500\u2500\u2500\u2500\u2500\u2500\u2500\u2500\u2500\u2500\u2500\u2500\u2500\u2500\u2500\u2500\u2500\u2500\u2500\u2500\u2500\u2500\u2500\u2500\u2500\u2500\u2500\u2500'
Arguments: ()
--- Logging error ---
Traceback (most recent call last):
  File "C:\Users\vishwa\AppData\Local\Programs\Python\Python314\Lib\logging\__init__.py", line 1154, in emit
    stream.write(msg + self.terminator)
    ~~~~~~~~~~~~^^^^^^^^^^^^^^^^^^^^^^^
  File "C:\Users\vishwa\AppData\Local\Programs\Python\Python314\Lib\encodings\cp1252.py", line 19, in encode
    return codecs.charmap_encode(input,self.errors,encoding_table)[0]
           ~~~~~~~~~~~~~~~~~~~~~^^^^^^^^^^^^^^^^^^^^^^^^^^^^^^^^^^
UnicodeEncodeError: 'charmap' codec can't encode characters in position 46-65: character maps to <undefined>
Call stack:
  File "C:\Users\vishwa\AppData\Local\Programs\Python\Python314\Lib\threading.py", line 1043, in _bootstrap
    self._bootstrap_inner()
  File "C:\Users\vishwa\AppData\Local\Programs\Python\Python314\Lib\threading.py", line 1081, in _bootstrap_inner
    self._context.run(self.run)
  File "C:\Users\vishwa\AppData\Local\Programs\Python\Python314\Lib\threading.py", line 1023, in run
    self._target(*self._args, **self._kwargs)
  File "C:\Users\vishwa\AppData\Local\Programs\Python\Python314\Lib\concurrent\futures\thread.py", line 119, in _worker
    work_item.run(ctx)
  File "C:\Users\vishwa\AppData\Local\Programs\Python\Python314\Lib\concurrent\futures\thread.py", line 86, in run
    result = ctx.run(self.task)
  File "C:\Users\vishwa\AppData\Local\Programs\Python\Python314\Lib\concurrent\futures\thread.py", line 73, in run
    return fn(*args, **kwargs)
  File "D:\vishwa\nfpc_winit\etl\extract.py", line 1234, in run_table
    loader_fn(ms_c, pg_c)
  File "D:\vishwa\nfpc_winit\etl\extract.py", line 967, in load_journey_plan
    progress.start_step('rpt_journey_plan', expected_rows=2_000_000)
  File "D:\vishwa\nfpc_winit\etl\extract.py", line 103, in start_step
    log(f"  [{self.completed + 1}/{self.total_steps}] {name} {bar}")
Message: '  [12/16] rpt_journey_plan [\u2588\u2588\u2588\u2588\u2588\u2588\u2588\u2588\u2588\u2588\u2588\u2588\u2588\u2591\u2591\u2591\u2591\u2591\u2591\u2591] 69%'
Arguments: ()
[90m10:32:46[0m        Expected: ~2,000,000 rows
[90m10:32:47[0m   Querying MSSQL (this may take a while for large tables)...
[90m10:32:47[0m   MSSQL query returned in 0.1s - starting load...
[90m10:32:50[0m             350,000 rows | 80,502 rows/sec | 4s elapsed | ETA 20s
[90m10:32:52[0m   [OK] 77,675 rows in 6.0s (13,016 rows/sec)
[90m10:32:52[0m        Progress: 12/16 steps | Est. remaining: 2.0 min
[90m10:32:52[0m Connecting to MSSQL...
[90m10:32:52[0m   MSSQL connected
[90m10:32:52[0m Connecting to PostgreSQL...
[90m10:32:56[0m   PostgreSQL connected
--- Logging error ---
Traceback (most recent call last):
  File "C:\Users\vishwa\AppData\Local\Programs\Python\Python314\Lib\logging\__init__.py", line 1154, in emit
    stream.write(msg + self.terminator)
    ~~~~~~~~~~~~^^^^^^^^^^^^^^^^^^^^^^^
  File "C:\Users\vishwa\AppData\Local\Programs\Python\Python314\Lib\encodings\cp1252.py", line 19, in encode
    return codecs.charmap_encode(input,self.errors,encoding_table)[0]
           ~~~~~~~~~~~~~~~~~~~~~^^^^^^^^^^^^^^^^^^^^^^^^^^^^^^^^^^
UnicodeEncodeError: 'charmap' codec can't encode characters in position 20-69: character maps to <undefined>
Call stack:
  File "C:\Users\vishwa\AppData\Local\Programs\Python\Python314\Lib\threading.py", line 1043, in _bootstrap
    self._bootstrap_inner()
  File "C:\Users\vishwa\AppData\Local\Programs\Python\Python314\Lib\threading.py", line 1081, in _bootstrap_inner
    self._context.run(self.run)
  File "C:\Users\vishwa\AppData\Local\Programs\Python\Python314\Lib\threading.py", line 1023, in run
    self._target(*self._args, **self._kwargs)
  File "C:\Users\vishwa\AppData\Local\Programs\Python\Python314\Lib\concurrent\futures\thread.py", line 119, in _worker
    work_item.run(ctx)
  File "C:\Users\vishwa\AppData\Local\Programs\Python\Python314\Lib\concurrent\futures\thread.py", line 86, in run
    result = ctx.run(self.task)
  File "C:\Users\vishwa\AppData\Local\Programs\Python\Python314\Lib\concurrent\futures\thread.py", line 73, in run
    return fn(*args, **kwargs)
  File "D:\vishwa\nfpc_winit\etl\extract.py", line 1234, in run_table
    loader_fn(ms_c, pg_c)
  File "D:\vishwa\nfpc_winit\etl\extract.py", line 848, in load_outstanding
    progress.start_step('rpt_outstanding', expected_rows=5_000_000)
  File "D:\vishwa\nfpc_winit\etl\extract.py", line 102, in start_step
    log(f"\n{'\u2500' * 50}")
Message: '\n\u2500\u2500\u2500\u2500\u2500\u2500\u2500\u2500\u2500\u2500\u2500\u2500\u2500\u2500\u2500\u2500\u2500\u2500\u2500\u2500\u2500\u2500\u2500\u2500\u2500\u2500\u2500\u2500\u2500\u2500\u2500\u2500\u2500\u2500\u2500\u2500\u2500\u2500\u2500\u2500\u2500\u2500\u2500\u2500\u2500\u2500\u2500\u2500\u2500\u2500'
Arguments: ()
--- Logging error ---
Traceback (most recent call last):
  File "C:\Users\vishwa\AppData\Local\Programs\Python\Python314\Lib\logging\__init__.py", line 1154, in emit
    stream.write(msg + self.terminator)
    ~~~~~~~~~~~~^^^^^^^^^^^^^^^^^^^^^^^
  File "C:\Users\vishwa\AppData\Local\Programs\Python\Python314\Lib\encodings\cp1252.py", line 19, in encode
    return codecs.charmap_encode(input,self.errors,encoding_table)[0]
           ~~~~~~~~~~~~~~~~~~~~~^^^^^^^^^^^^^^^^^^^^^^^^^^^^^^^^^^
UnicodeEncodeError: 'charmap' codec can't encode characters in position 45-64: character maps to <undefined>
Call stack:
  File "C:\Users\vishwa\AppData\Local\Programs\Python\Python314\Lib\threading.py", line 1043, in _bootstrap
    self._bootstrap_inner()
  File "C:\Users\vishwa\AppData\Local\Programs\Python\Python314\Lib\threading.py", line 1081, in _bootstrap_inner
    self._context.run(self.run)
  File "C:\Users\vishwa\AppData\Local\Programs\Python\Python314\Lib\threading.py", line 1023, in run
    self._target(*self._args, **self._kwargs)
  File "C:\Users\vishwa\AppData\Local\Programs\Python\Python314\Lib\concurrent\futures\thread.py", line 119, in _worker
    work_item.run(ctx)
  File "C:\Users\vishwa\AppData\Local\Programs\Python\Python314\Lib\concurrent\futures\thread.py", line 86, in run
    result = ctx.run(self.task)
  File "C:\Users\vishwa\AppData\Local\Programs\Python\Python314\Lib\concurrent\futures\thread.py", line 73, in run
    return fn(*args, **kwargs)
  File "D:\vishwa\nfpc_winit\etl\extract.py", line 1234, in run_table
    loader_fn(ms_c, pg_c)
  File "D:\vishwa\nfpc_winit\etl\extract.py", line 848, in load_outstanding
    progress.start_step('rpt_outstanding', expected_rows=5_000_000)
  File "D:\vishwa\nfpc_winit\etl\extract.py", line 103, in start_step
    log(f"  [{self.completed + 1}/{self.total_steps}] {name} {bar}")
Message: '  [13/16] rpt_outstanding [\u2588\u2588\u2588\u2588\u2588\u2588\u2588\u2588\u2588\u2588\u2588\u2588\u2588\u2588\u2588\u2591\u2591\u2591\u2591\u2591] 75%'
Arguments: ()
[90m10:32:56[0m        Expected: ~5,000,000 rows
[90m10:32:57[0m             400,000 rows | 322,588 rows/sec | 1s elapsed | ETA 14s
[90m10:32:58[0m              50,000 rows | 26,800 rows/sec | 2s elapsed | ETA 185s
[90m10:32:58[0m   Querying MSSQL (this may take a while for large tables)...
[90m10:32:58[0m   MSSQL query returned - starting load with Python date conversion...
[90m10:33:04[0m             100,000 rows | 12,012 rows/sec | 8s elapsed | ETA 408s
[90m10:33:04[0m             450,000 rows | 54,017 rows/sec | 8s elapsed | ETA 84s
[90m10:33:06[0m   [OK] 105,993 rows in 9.6s (11,067 rows/sec)
[90m10:33:06[0m        Progress: 13/16 steps | Est. remaining: 1.4 min
[90m10:33:06[0m Connecting to MSSQL...
[90m10:33:06[0m   MSSQL connected
[90m10:33:06[0m Connecting to PostgreSQL...
[90m10:33:08[0m   PostgreSQL connected
--- Logging error ---
Traceback (most recent call last):
  File "C:\Users\vishwa\AppData\Local\Programs\Python\Python314\Lib\logging\__init__.py", line 1154, in emit
    stream.write(msg + self.terminator)
    ~~~~~~~~~~~~^^^^^^^^^^^^^^^^^^^^^^^
  File "C:\Users\vishwa\AppData\Local\Programs\Python\Python314\Lib\encodings\cp1252.py", line 19, in encode
    return codecs.charmap_encode(input,self.errors,encoding_table)[0]
           ~~~~~~~~~~~~~~~~~~~~~^^^^^^^^^^^^^^^^^^^^^^^^^^^^^^^^^^
UnicodeEncodeError: 'charmap' codec can't encode characters in position 20-69: character maps to <undefined>
Call stack:
  File "C:\Users\vishwa\AppData\Local\Programs\Python\Python314\Lib\threading.py", line 1043, in _bootstrap
    self._bootstrap_inner()
  File "C:\Users\vishwa\AppData\Local\Programs\Python\Python314\Lib\threading.py", line 1081, in _bootstrap_inner
    self._context.run(self.run)
  File "C:\Users\vishwa\AppData\Local\Programs\Python\Python314\Lib\threading.py", line 1023, in run
    self._target(*self._args, **self._kwargs)
  File "C:\Users\vishwa\AppData\Local\Programs\Python\Python314\Lib\concurrent\futures\thread.py", line 119, in _worker
    work_item.run(ctx)
  File "C:\Users\vishwa\AppData\Local\Programs\Python\Python314\Lib\concurrent\futures\thread.py", line 86, in run
    result = ctx.run(self.task)
  File "C:\Users\vishwa\AppData\Local\Programs\Python\Python314\Lib\concurrent\futures\thread.py", line 73, in run
    return fn(*args, **kwargs)
  File "D:\vishwa\nfpc_winit\etl\extract.py", line 1234, in run_table
    loader_fn(ms_c, pg_c)
  File "D:\vishwa\nfpc_winit\etl\extract.py", line 575, in load_daily_sales_summary
    progress.start_step('rpt_daily_sales_summary', expected_rows=5_000_000)
  File "D:\vishwa\nfpc_winit\etl\extract.py", line 102, in start_step
    log(f"\n{'\u2500' * 50}")
Message: '\n\u2500\u2500\u2500\u2500\u2500\u2500\u2500\u2500\u2500\u2500\u2500\u2500\u2500\u2500\u2500\u2500\u2500\u2500\u2500\u2500\u2500\u2500\u2500\u2500\u2500\u2500\u2500\u2500\u2500\u2500\u2500\u2500\u2500\u2500\u2500\u2500\u2500\u2500\u2500\u2500\u2500\u2500\u2500\u2500\u2500\u2500\u2500\u2500\u2500\u2500'
Arguments: ()
--- Logging error ---
Traceback (most recent call last):
  File "C:\Users\vishwa\AppData\Local\Programs\Python\Python314\Lib\logging\__init__.py", line 1154, in emit
    stream.write(msg + self.terminator)
    ~~~~~~~~~~~~^^^^^^^^^^^^^^^^^^^^^^^
  File "C:\Users\vishwa\AppData\Local\Programs\Python\Python314\Lib\encodings\cp1252.py", line 19, in encode
    return codecs.charmap_encode(input,self.errors,encoding_table)[0]
           ~~~~~~~~~~~~~~~~~~~~~^^^^^^^^^^^^^^^^^^^^^^^^^^^^^^^^^^
UnicodeEncodeError: 'charmap' codec can't encode characters in position 53-72: character maps to <undefined>
Call stack:
  File "C:\Users\vishwa\AppData\Local\Programs\Python\Python314\Lib\threading.py", line 1043, in _bootstrap
    self._bootstrap_inner()
  File "C:\Users\vishwa\AppData\Local\Programs\Python\Python314\Lib\threading.py", line 1081, in _bootstrap_inner
    self._context.run(self.run)
  File "C:\Users\vishwa\AppData\Local\Programs\Python\Python314\Lib\threading.py", line 1023, in run
    self._target(*self._args, **self._kwargs)
  File "C:\Users\vishwa\AppData\Local\Programs\Python\Python314\Lib\concurrent\futures\thread.py", line 119, in _worker
    work_item.run(ctx)
  File "C:\Users\vishwa\AppData\Local\Programs\Python\Python314\Lib\concurrent\futures\thread.py", line 86, in run
    result = ctx.run(self.task)
  File "C:\Users\vishwa\AppData\Local\Programs\Python\Python314\Lib\concurrent\futures\thread.py", line 73, in run
    return fn(*args, **kwargs)
  File "D:\vishwa\nfpc_winit\etl\extract.py", line 1234, in run_table
    loader_fn(ms_c, pg_c)
  File "D:\vishwa\nfpc_winit\etl\extract.py", line 575, in load_daily_sales_summary
    progress.start_step('rpt_daily_sales_summary', expected_rows=5_000_000)
  File "D:\vishwa\nfpc_winit\etl\extract.py", line 103, in start_step
    log(f"  [{self.completed + 1}/{self.total_steps}] {name} {bar}")
Message: '  [14/16] rpt_daily_sales_summary [\u2588\u2588\u2588\u2588\u2588\u2588\u2588\u2588\u2588\u2588\u2588\u2588\u2588\u2588\u2588\u2588\u2591\u2591\u2591\u2591] 81%'
Arguments: ()
[90m10:33:08[0m        Expected: ~5,000,000 rows
[90m10:33:08[0m     Processing 2026-03-01 to 2026-03-10...
[90m10:33:08[0m   Querying MSSQL (this may take a while for large tables)...
[90m10:33:14[0m   [OK] 498,611 rows in 6.0s (83,420 rows/sec)
[90m10:33:14[0m        Progress: 14/16 steps | Est. remaining: 0.9 min
[90m10:33:14[0m Connecting to MSSQL...
[90m10:33:14[0m   MSSQL connected
[90m10:33:14[0m Connecting to PostgreSQL...
[90m10:33:16[0m   PostgreSQL connected
--- Logging error ---
Traceback (most recent call last):
  File "C:\Users\vishwa\AppData\Local\Programs\Python\Python314\Lib\logging\__init__.py", line 1154, in emit
    stream.write(msg + self.terminator)
    ~~~~~~~~~~~~^^^^^^^^^^^^^^^^^^^^^^^
  File "C:\Users\vishwa\AppData\Local\Programs\Python\Python314\Lib\encodings\cp1252.py", line 19, in encode
    return codecs.charmap_encode(input,self.errors,encoding_table)[0]
           ~~~~~~~~~~~~~~~~~~~~~^^^^^^^^^^^^^^^^^^^^^^^^^^^^^^^^^^
UnicodeEncodeError: 'charmap' codec can't encode characters in position 20-69: character maps to <undefined>
Call stack:
  File "C:\Users\vishwa\AppData\Local\Programs\Python\Python314\Lib\threading.py", line 1043, in _bootstrap
    self._bootstrap_inner()
  File "C:\Users\vishwa\AppData\Local\Programs\Python\Python314\Lib\threading.py", line 1081, in _bootstrap_inner
    self._context.run(self.run)
  File "C:\Users\vishwa\AppData\Local\Programs\Python\Python314\Lib\threading.py", line 1023, in run
    self._target(*self._args, **self._kwargs)
  File "C:\Users\vishwa\AppData\Local\Programs\Python\Python314\Lib\concurrent\futures\thread.py", line 119, in _worker
    work_item.run(ctx)
  File "C:\Users\vishwa\AppData\Local\Programs\Python\Python314\Lib\concurrent\futures\thread.py", line 86, in run
    result = ctx.run(self.task)
  File "C:\Users\vishwa\AppData\Local\Programs\Python\Python314\Lib\concurrent\futures\thread.py", line 73, in run
    return fn(*args, **kwargs)
  File "D:\vishwa\nfpc_winit\etl\extract.py", line 1234, in run_table
    loader_fn(ms_c, pg_c)
  File "D:\vishwa\nfpc_winit\etl\extract.py", line 489, in load_sales_detail
    progress.start_step('rpt_sales_detail', expected_rows=12_000_000)
  File "D:\vishwa\nfpc_winit\etl\extract.py", line 102, in start_step
    log(f"\n{'\u2500' * 50}")
Message: '\n\u2500\u2500\u2500\u2500\u2500\u2500\u2500\u2500\u2500\u2500\u2500\u2500\u2500\u2500\u2500\u2500\u2500\u2500\u2500\u2500\u2500\u2500\u2500\u2500\u2500\u2500\u2500\u2500\u2500\u2500\u2500\u2500\u2500\u2500\u2500\u2500\u2500\u2500\u2500\u2500\u2500\u2500\u2500\u2500\u2500\u2500\u2500\u2500\u2500\u2500'
Arguments: ()
--- Logging error ---
Traceback (most recent call last):
  File "C:\Users\vishwa\AppData\Local\Programs\Python\Python314\Lib\logging\__init__.py", line 1154, in emit
    stream.write(msg + self.terminator)
    ~~~~~~~~~~~~^^^^^^^^^^^^^^^^^^^^^^^
  File "C:\Users\vishwa\AppData\Local\Programs\Python\Python314\Lib\encodings\cp1252.py", line 19, in encode
    return codecs.charmap_encode(input,self.errors,encoding_table)[0]
           ~~~~~~~~~~~~~~~~~~~~~^^^^^^^^^^^^^^^^^^^^^^^^^^^^^^^^^^
UnicodeEncodeError: 'charmap' codec can't encode characters in position 46-65: character maps to <undefined>
Call stack:
  File "C:\Users\vishwa\AppData\Local\Programs\Python\Python314\Lib\threading.py", line 1043, in _bootstrap
    self._bootstrap_inner()
  File "C:\Users\vishwa\AppData\Local\Programs\Python\Python314\Lib\threading.py", line 1081, in _bootstrap_inner
    self._context.run(self.run)
  File "C:\Users\vishwa\AppData\Local\Programs\Python\Python314\Lib\threading.py", line 1023, in run
    self._target(*self._args, **self._kwargs)
  File "C:\Users\vishwa\AppData\Local\Programs\Python\Python314\Lib\concurrent\futures\thread.py", line 119, in _worker
    work_item.run(ctx)
  File "C:\Users\vishwa\AppData\Local\Programs\Python\Python314\Lib\concurrent\futures\thread.py", line 86, in run
    result = ctx.run(self.task)
  File "C:\Users\vishwa\AppData\Local\Programs\Python\Python314\Lib\concurrent\futures\thread.py", line 73, in run
    return fn(*args, **kwargs)
  File "D:\vishwa\nfpc_winit\etl\extract.py", line 1234, in run_table
    loader_fn(ms_c, pg_c)
  File "D:\vishwa\nfpc_winit\etl\extract.py", line 489, in load_sales_detail
    progress.start_step('rpt_sales_detail', expected_rows=12_000_000)
  File "D:\vishwa\nfpc_winit\etl\extract.py", line 103, in start_step
    log(f"  [{self.completed + 1}/{self.total_steps}] {name} {bar}")
Message: '  [15/16] rpt_sales_detail [\u2588\u2588\u2588\u2588\u2588\u2588\u2588\u2588\u2588\u2588\u2588\u2588\u2588\u2588\u2588\u2588\u2588\u2591\u2591\u2591] 88%'
Arguments: ()
[90m10:33:16[0m        Expected: ~12,000,000 rows
[90m10:33:16[0m     Processing 2026-03-01 to 2026-03-10...
[90m10:33:16[0m   Querying MSSQL (this may take a while for large tables)...
[90m10:33:18[0m   MSSQL query returned in 9.8s - starting load...
[90m10:33:19[0m              50,000 rows | 15,433 rows/sec | 3s elapsed | ETA 774s
[90m10:33:22[0m   MSSQL query returned in 5.8s - starting load...
[90m10:33:26[0m              50,000 rows | 4,691 rows/sec | 11s elapsed | ETA 2547s
[90m10:33:32[0m             100,000 rows | 6,261 rows/sec | 16s elapsed | ETA 1901s
[90m10:33:46[0m              50,000 rows | 1,653 rows/sec | 30s elapsed | ETA 7228s
[90m10:33:49[0m             100,000 rows | 3,037 rows/sec | 33s elapsed | ETA 3918s
[90m10:33:49[0m             150,000 rows | 4,513 rows/sec | 33s elapsed | ETA 2626s
[90m10:34:02[0m              50,000 rows | 1,078 rows/sec | 46s elapsed | ETA 11089s
[90m10:34:07[0m             200,000 rows | 3,902 rows/sec | 51s elapsed | ETA 3024s
[90m10:34:09[0m   [OK] 205,992 rows in 52.9s (3,891 rows/sec)
[90m10:34:09[0m        Progress: 15/16 steps | Est. remaining: 0.5 min
[90m10:36:51[0m     2026-03: 497,848 rows
[90m10:36:51[0m FAILED on daily_sales_summary: 'NoneType' object is not subscriptable
[90m10:44:59[0m     2026-03-01 to 2026-03-10: 1,179,408 rows
[90m10:44:59[0m FAILED on sales_detail: 'NoneType' object is not subscriptable
