--- Logging error ---
Traceback (most recent call last):
  File "C:\Users\vishwa\AppData\Local\Programs\Python\Python314\Lib\logging\__init__.py", line 1154, in emit
    stream.write(msg + self.terminator)
    ~~~~~~~~~~~~^^^^^^^^^^^^^^^^^^^^^^^
  File "C:\Users\vishwa\AppData\Local\Programs\Python\Python314\Lib\encodings\cp1252.py", line 19, in encode
    return codecs.charmap_encode(input,self.errors,encoding_table)[0]
           ~~~~~~~~~~~~~~~~~~~~~^^^^^^^^^^^^^^^^^^^^^^^^^^^^^^^^^^
UnicodeEncodeError: 'charmap' codec can't encode characters in position 18-77: character maps to <undefined>
Call stack:
  File "D:\vishwa\nfpc_winit\etl\extract.py", line 1302, in <module>
    main()
  File "D:\vishwa\nfpc_winit\etl\extract.py", line 1189, in main
    log(f"{'\u2550' * 60}")
Message: '\u2550\u2550\u2550\u2550\u2550\u2550\u2550\u2550\u2550\u2550\u2550\u2550\u2550\u2550\u2550\u2550\u2550\u2550\u2550\u2550\u2550\u2550\u2550\u2550\u2550\u2550\u2550\u2550\u2550\u2550\u2550\u2550\u2550\u2550\u2550\u2550\u2550\u2550\u2550\u2550\u2550\u2550\u2550\u2550\u2550\u2550\u2550\u2550\u2550\u2550\u2550\u2550\u2550\u2550\u2550\u2550\u2550\u2550\u2550\u2550'
Arguments: ()
[90m10:48:27[0m   NFPC Reports ETL
[90m10:48:27[0m   Date range: 2026-03-01 to 2026-03-31
[90m10:48:27[0m   Mode: sequential
[90m10:48:27[0m   Log file:   D:\vishwa\nfpc_winit\etl\logs\etl_20260324_104827.log
--- Logging error ---
Traceback (most recent call last):
  File "C:\Users\vishwa\AppData\Local\Programs\Python\Python314\Lib\logging\__init__.py", line 1154, in emit
    stream.write(msg + self.terminator)
    ~~~~~~~~~~~~^^^^^^^^^^^^^^^^^^^^^^^
  File "C:\Users\vishwa\AppData\Local\Programs\Python\Python314\Lib\encodings\cp1252.py", line 19, in encode
    return codecs.charmap_encode(input,self.errors,encoding_table)[0]
           ~~~~~~~~~~~~~~~~~~~~~^^^^^^^^^^^^^^^^^^^^^^^^^^^^^^^^^^
UnicodeEncodeError: 'charmap' codec can't encode characters in position 18-77: character maps to <undefined>
Call stack:
  File "D:\vishwa\nfpc_winit\etl\extract.py", line 1302, in <module>
    main()
  File "D:\vishwa\nfpc_winit\etl\extract.py", line 1194, in main
    log(f"{'\u2550' * 60}")
Message: '\u2550\u2550\u2550\u2550\u2550\u2550\u2550\u2550\u2550\u2550\u2550\u2550\u2550\u2550\u2550\u2550\u2550\u2550\u2550\u2550\u2550\u2550\u2550\u2550\u2550\u2550\u2550\u2550\u2550\u2550\u2550\u2550\u2550\u2550\u2550\u2550\u2550\u2550\u2550\u2550\u2550\u2550\u2550\u2550\u2550\u2550\u2550\u2550\u2550\u2550\u2550\u2550\u2550\u2550\u2550\u2550\u2550\u2550\u2550\u2550'
Arguments: ()
[90m10:48:27[0m Connecting to MSSQL...
[90m10:48:27[0m   MSSQL connected
[90m10:48:27[0m Connecting to PostgreSQL...
[90m10:48:29[0m   PostgreSQL connected
--- Logging error ---
Traceback (most recent call last):
  File "C:\Users\vishwa\AppData\Local\Programs\Python\Python314\Lib\logging\__init__.py", line 1154, in emit
    stream.write(msg + self.terminator)
    ~~~~~~~~~~~~^^^^^^^^^^^^^^^^^^^^^^^
  File "C:\Users\vishwa\AppData\Local\Programs\Python\Python314\Lib\encodings\cp1252.py", line 19, in encode
    return codecs.charmap_encode(input,self.errors,encoding_table)[0]
           ~~~~~~~~~~~~~~~~~~~~~^^^^^^^^^^^^^^^^^^^^^^^^^^^^^^^^^^
UnicodeEncodeError: 'charmap' codec can't encode characters in position 20-69: character maps to <undefined>
Call stack:
  File "D:\vishwa\nfpc_winit\etl\extract.py", line 1302, in <module>
    main()
  File "D:\vishwa\nfpc_winit\etl\extract.py", line 1264, in main
    loader_fn(ms_conn, pg_conn)
  File "D:\vishwa\nfpc_winit\etl\extract.py", line 489, in load_sales_detail
    progress.start_step('rpt_sales_detail', expected_rows=12_000_000)
  File "D:\vishwa\nfpc_winit\etl\extract.py", line 102, in start_step
    log(f"\n{'\u2500' * 50}")
Message: '\n\u2500\u2500\u2500\u2500\u2500\u2500\u2500\u2500\u2500\u2500\u2500\u2500\u2500\u2500\u2500\u2500\u2500\u2500\u2500\u2500\u2500\u2500\u2500\u2500\u2500\u2500\u2500\u2500\u2500\u2500\u2500\u2500\u2500\u2500\u2500\u2500\u2500\u2500\u2500\u2500\u2500\u2500\u2500\u2500\u2500\u2500\u2500\u2500\u2500\u2500'
Arguments: ()
--- Logging error ---
Traceback (most recent call last):
  File "C:\Users\vishwa\AppData\Local\Programs\Python\Python314\Lib\logging\__init__.py", line 1154, in emit
    stream.write(msg + self.terminator)
    ~~~~~~~~~~~~^^^^^^^^^^^^^^^^^^^^^^^
  File "C:\Users\vishwa\AppData\Local\Programs\Python\Python314\Lib\encodings\cp1252.py", line 19, in encode
    return codecs.charmap_encode(input,self.errors,encoding_table)[0]
           ~~~~~~~~~~~~~~~~~~~~~^^^^^^^^^^^^^^^^^^^^^^^^^^^^^^^^^^
UnicodeEncodeError: 'charmap' codec can't encode characters in position 44-63: character maps to <undefined>
Call stack:
  File "D:\vishwa\nfpc_winit\etl\extract.py", line 1302, in <module>
    main()
  File "D:\vishwa\nfpc_winit\etl\extract.py", line 1264, in main
    loader_fn(ms_conn, pg_conn)
  File "D:\vishwa\nfpc_winit\etl\extract.py", line 489, in load_sales_detail
    progress.start_step('rpt_sales_detail', expected_rows=12_000_000)
  File "D:\vishwa\nfpc_winit\etl\extract.py", line 103, in start_step
    log(f"  [{self.completed + 1}/{self.total_steps}] {name} {bar}")
Message: '  [1/1] rpt_sales_detail [\u2591\u2591\u2591\u2591\u2591\u2591\u2591\u2591\u2591\u2591\u2591\u2591\u2591\u2591\u2591\u2591\u2591\u2591\u2591\u2591] 0%'
Arguments: ()
[90m10:48:29[0m        Expected: ~12,000,000 rows
[90m10:48:30[0m     Processing 2026-03-01 to 2026-03-15...
[90m10:48:30[0m   Querying MSSQL (this may take a while for large tables)...
[90m10:48:38[0m   MSSQL query returned in 7.7s - starting load...
[90m10:48:59[0m              50,000 rows | 1,660 rows/sec | 30s elapsed | ETA 7197s
[90m10:49:20[0m             100,000 rows | 1,948 rows/sec | 51s elapsed | ETA 6109s
[90m10:49:39[0m             150,000 rows | 2,134 rows/sec | 70s elapsed | ETA 5554s
[90m10:49:58[0m             200,000 rows | 2,243 rows/sec | 89s elapsed | ETA 5261s
[90m10:50:16[0m             250,000 rows | 2,329 rows/sec | 107s elapsed | ETA 5045s
[90m10:50:35[0m             300,000 rows | 2,385 rows/sec | 126s elapsed | ETA 4906s
[90m10:50:53[0m             350,000 rows | 2,429 rows/sec | 144s elapsed | ETA 4796s
[90m10:51:11[0m             400,000 rows | 2,469 rows/sec | 162s elapsed | ETA 4699s
[90m10:51:29[0m             450,000 rows | 2,500 rows/sec | 180s elapsed | ETA 4619s
[90m10:51:49[0m             500,000 rows | 2,504 rows/sec | 200s elapsed | ETA 4593s
[90m10:52:07[0m             550,000 rows | 2,527 rows/sec | 218s elapsed | ETA 4532s
[90m10:52:25[0m             600,000 rows | 2,544 rows/sec | 236s elapsed | ETA 4481s
[90m10:52:43[0m             650,000 rows | 2,561 rows/sec | 254s elapsed | ETA 4433s
[90m10:53:01[0m             700,000 rows | 2,575 rows/sec | 272s elapsed | ETA 4389s
[90m10:53:19[0m             750,000 rows | 2,587 rows/sec | 290s elapsed | ETA 4349s
[90m10:53:38[0m             800,000 rows | 2,586 rows/sec | 309s elapsed | ETA 4331s
[90m10:53:58[0m             850,000 rows | 2,588 rows/sec | 328s elapsed | ETA 4308s
[90m10:54:16[0m             900,000 rows | 2,595 rows/sec | 347s elapsed | ETA 4277s
[90m10:54:34[0m             950,000 rows | 2,604 rows/sec | 365s elapsed | ETA 4244s
[90m10:54:52[0m           1,000,000 rows | 2,609 rows/sec | 383s elapsed | ETA 4216s
[90m10:55:11[0m           1,050,000 rows | 2,614 rows/sec | 402s elapsed | ETA 4188s
[90m10:55:30[0m           1,100,000 rows | 2,612 rows/sec | 421s elapsed | ETA 4174s
[90m10:55:49[0m           1,150,000 rows | 2,616 rows/sec | 440s elapsed | ETA 4148s
[90m10:56:00[0m     2026-03-01 to 2026-03-15: 1,179,408 rows
[90m10:56:00[0m     Processing 2026-03-15 to 2026-03-29...
[90m10:56:00[0m   Querying MSSQL (this may take a while for large tables)...
[90m10:56:00[0m   MSSQL query returned in 0.1s - starting load...
[90m10:56:00[0m     2026-03-15 to 2026-03-29: 0 rows
[90m10:56:00[0m     Processing 2026-03-29 to 2026-03-31...
[90m10:56:00[0m   Querying MSSQL (this may take a while for large tables)...
[90m10:56:00[0m   MSSQL query returned in 0.1s - starting load...
[90m10:56:00[0m     2026-03-29 to 2026-03-31: 0 rows
[90m10:56:00[0m   [OK] 1,179,408 rows in 450.9s (2,616 rows/sec)
--- Logging error ---
Traceback (most recent call last):
  File "C:\Users\vishwa\AppData\Local\Programs\Python\Python314\Lib\logging\__init__.py", line 1154, in emit
    stream.write(msg + self.terminator)
    ~~~~~~~~~~~~^^^^^^^^^^^^^^^^^^^^^^^
  File "C:\Users\vishwa\AppData\Local\Programs\Python\Python314\Lib\encodings\cp1252.py", line 19, in encode
    return codecs.charmap_encode(input,self.errors,encoding_table)[0]
           ~~~~~~~~~~~~~~~~~~~~~^^^^^^^^^^^^^^^^^^^^^^^^^^^^^^^^^^
UnicodeEncodeError: 'charmap' codec can't encode characters in position 20-79: character maps to <undefined>
Call stack:
  File "D:\vishwa\nfpc_winit\etl\extract.py", line 1302, in <module>
    main()
  File "D:\vishwa\nfpc_winit\etl\extract.py", line 1293, in main
    progress.finish_etl()
  File "D:\vishwa\nfpc_winit\etl\extract.py", line 160, in finish_etl
    log(f"\n{'\u2550' * 60}")
Message: '\n\u2550\u2550\u2550\u2550\u2550\u2550\u2550\u2550\u2550\u2550\u2550\u2550\u2550\u2550\u2550\u2550\u2550\u2550\u2550\u2550\u2550\u2550\u2550\u2550\u2550\u2550\u2550\u2550\u2550\u2550\u2550\u2550\u2550\u2550\u2550\u2550\u2550\u2550\u2550\u2550\u2550\u2550\u2550\u2550\u2550\u2550\u2550\u2550\u2550\u2550\u2550\u2550\u2550\u2550\u2550\u2550\u2550\u2550\u2550\u2550'
Arguments: ()
[90m10:56:00[0m   ETL COMPLETE
[90m10:56:00[0m   Total time:  7.5 minutes
[90m10:56:00[0m   Total rows:  1,179,408
[90m10:56:00[0m   Steps:       1/1
[90m10:56:00[0m   Log file:    D:\vishwa\nfpc_winit\etl\logs\etl_20260324_104827.log
--- Logging error ---
Traceback (most recent call last):
  File "C:\Users\vishwa\AppData\Local\Programs\Python\Python314\Lib\logging\__init__.py", line 1154, in emit
    stream.write(msg + self.terminator)
    ~~~~~~~~~~~~^^^^^^^^^^^^^^^^^^^^^^^
  File "C:\Users\vishwa\AppData\Local\Programs\Python\Python314\Lib\encodings\cp1252.py", line 19, in encode
    return codecs.charmap_encode(input,self.errors,encoding_table)[0]
           ~~~~~~~~~~~~~~~~~~~~~^^^^^^^^^^^^^^^^^^^^^^^^^^^^^^^^^^
UnicodeEncodeError: 'charmap' codec can't encode characters in position 18-77: character maps to <undefined>
Call stack:
  File "D:\vishwa\nfpc_winit\etl\extract.py", line 1302, in <module>
    main()
  File "D:\vishwa\nfpc_winit\etl\extract.py", line 1293, in main
    progress.finish_etl()
  File "D:\vishwa\nfpc_winit\etl\extract.py", line 166, in finish_etl
    log(f"{'\u2550' * 60}")
Message: '\u2550\u2550\u2550\u2550\u2550\u2550\u2550\u2550\u2550\u2550\u2550\u2550\u2550\u2550\u2550\u2550\u2550\u2550\u2550\u2550\u2550\u2550\u2550\u2550\u2550\u2550\u2550\u2550\u2550\u2550\u2550\u2550\u2550\u2550\u2550\u2550\u2550\u2550\u2550\u2550\u2550\u2550\u2550\u2550\u2550\u2550\u2550\u2550\u2550\u2550\u2550\u2550\u2550\u2550\u2550\u2550\u2550\u2550\u2550\u2550'
Arguments: ()
[90m10:56:00[0m 
  Step                                        Rows     Time         Rate Status
--- Logging error ---
Traceback (most recent call last):
  File "C:\Users\vishwa\AppData\Local\Programs\Python\Python314\Lib\logging\__init__.py", line 1154, in emit
    stream.write(msg + self.terminator)
    ~~~~~~~~~~~~^^^^^^^^^^^^^^^^^^^^^^^
  File "C:\Users\vishwa\AppData\Local\Programs\Python\Python314\Lib\encodings\cp1252.py", line 19, in encode
    return codecs.charmap_encode(input,self.errors,encoding_table)[0]
           ~~~~~~~~~~~~~~~~~~~~~^^^^^^^^^^^^^^^^^^^^^^^^^^^^^^^^^^
UnicodeEncodeError: 'charmap' codec can't encode characters in position 20-54: character maps to <undefined>
Call stack:
  File "D:\vishwa\nfpc_winit\etl\extract.py", line 1302, in <module>
    main()
  File "D:\vishwa\nfpc_winit\etl\extract.py", line 1293, in main
    progress.finish_etl()
  File "D:\vishwa\nfpc_winit\etl\extract.py", line 170, in finish_etl
    log(f"  {'\u2500' * 35} {'\u2500' * 12} {'\u2500' * 8} {'\u2500' * 12} {'\u2500' * 8}")
Message: '  \u2500\u2500\u2500\u2500\u2500\u2500\u2500\u2500\u2500\u2500\u2500\u2500\u2500\u2500\u2500\u2500\u2500\u2500\u2500\u2500\u2500\u2500\u2500\u2500\u2500\u2500\u2500\u2500\u2500\u2500\u2500\u2500\u2500\u2500\u2500 \u2500\u2500\u2500\u2500\u2500\u2500\u2500\u2500\u2500\u2500\u2500\u2500 \u2500\u2500\u2500\u2500\u2500\u2500\u2500\u2500 \u2500\u2500\u2500\u2500\u2500\u2500\u2500\u2500\u2500\u2500\u2500\u2500 \u2500\u2500\u2500\u2500\u2500\u2500\u2500\u2500'
Arguments: ()
[90m10:56:00[0m   rpt_sales_detail                       1,179,408   450.9s      2,616/s  done
