2026-03-31 12:21:05 [INFO] ════════════════════════════════════════════════════════════
2026-03-31 12:21:05 [INFO]   NFPC Reports ETL
2026-03-31 12:21:05 [INFO]   Date range: 2026-02-01 to 2026-02-07
2026-03-31 12:21:05 [INFO]   Mode: sequential
2026-03-31 12:21:05 [INFO]   Log file:   D:\vishwa\nfpc_winit\etl\logs\etl_20260331_122105.log
2026-03-31 12:21:05 [INFO] ════════════════════════════════════════════════════════════
2026-03-31 12:21:05 [INFO] Connecting to MSSQL...
2026-03-31 12:21:05 [INFO]   MSSQL connected
2026-03-31 12:21:05 [INFO] Connecting to PostgreSQL...
2026-03-31 12:21:07 [INFO]   PostgreSQL connected
2026-03-31 12:21:07 [INFO] 
──────────────────────────────────────────────────
2026-03-31 12:21:07 [INFO]   [1/1] rpt_route_sales_by_item_customer [░░░░░░░░░░░░░░░░░░░░] 0%
2026-03-31 12:21:07 [INFO]        Expected: ~2,500,000 rows
2026-03-31 12:21:08 [DEBUG]   SQL: 
        SELECT RouteCode, UserCode, CustomerCode, ItemCode,
            CAST(Date AS DATE), TotalQty, TotalGRQty, TotalDamageQty, TotalExpiryQty,
            TotalSales, TotalGRSales, TotalDamageSale...
2026-03-31 12:21:08 [INFO]   Querying MSSQL (this may take a while for large tables)...
2026-03-31 12:21:08 [INFO]   MSSQL query returned in 0.0s - starting load...
2026-03-31 12:21:18 [INFO]              50,000 rows | 4,664 rows/sec | 11s elapsed | ETA 525s
2026-03-31 12:21:27 [INFO]             100,000 rows | 4,909 rows/sec | 20s elapsed | ETA 489s
2026-03-31 12:21:34 [INFO]             150,000 rows | 5,662 rows/sec | 26s elapsed | ETA 415s
2026-03-31 12:21:39 [INFO]             200,000 rows | 6,178 rows/sec | 32s elapsed | ETA 372s
2026-03-31 12:21:50 [INFO]             250,000 rows | 5,867 rows/sec | 43s elapsed | ETA 383s
2026-03-31 12:21:56 [INFO]             300,000 rows | 6,092 rows/sec | 49s elapsed | ETA 361s
2026-03-31 12:22:03 [INFO]             350,000 rows | 6,278 rows/sec | 56s elapsed | ETA 342s
2026-03-31 12:22:09 [INFO]             400,000 rows | 6,465 rows/sec | 62s elapsed | ETA 325s
2026-03-31 12:22:13 [INFO]   [OK] 428,727 rows in 65.5s (6,550 rows/sec)
2026-03-31 12:22:13 [INFO] 
════════════════════════════════════════════════════════════
2026-03-31 12:22:13 [INFO]   ETL COMPLETE
2026-03-31 12:22:13 [INFO]   Total time:  1.1 minutes
2026-03-31 12:22:13 [INFO]   Total rows:  428,727
2026-03-31 12:22:13 [INFO]   Steps:       1/1
2026-03-31 12:22:13 [INFO]   Log file:    D:\vishwa\nfpc_winit\etl\logs\etl_20260331_122105.log
2026-03-31 12:22:13 [INFO] ════════════════════════════════════════════════════════════
2026-03-31 12:22:13 [INFO] 
  Step                                        Rows     Time         Rate Status
2026-03-31 12:22:13 [INFO]   ─────────────────────────────────── ──────────── ──────── ──────────── ────────
2026-03-31 12:22:13 [INFO]   rpt_route_sales_by_item_customer         428,727    65.5s      6,550/s  done
